Clock: clk
Sources: clk 
Generated: no
Virtual: yes
Propagated: no
Period: 10.000000

===========================================================================
report_clock_properties
============================================================================
Clock                   Period          Waveform
----------------------------------------------------
clk                  10.000000    0.000000  5.000000

===========================================================================
report_clock_latency
============================================================================
Clock clk
rise -> rise
    min     max
0.000000 0.000000 source latency
6.625267         network latency _4709_/CLK
        6.725231 network latency _4189_/CLK
---------------
6.625267 6.725231 latency
        0.099964 skew

fall -> fall
    min     max
0.000000 0.000000 source latency
3.238287         network latency _4709_/CLK
        3.330311 network latency _4179_/CLK
---------------
3.238287 3.330311 latency
        0.092024 skew



===========================================================================
report_clock_min_period
============================================================================
clk period_min = 7.23 fmax = 138.37
