
===========================================================================
 report_power
============================================================================
======================= nom_tt_025C_1v80 Corner ===================================

Group                    Internal    Switching      Leakage        Total
                            Power        Power        Power        Power (Watts)
------------------------------------------------------------------------
Sequential           7.622556e-03 1.713124e-03 8.403079e-09 9.335688e-03  66.0%
Combinational        3.312647e-03 1.491111e-03 9.742685e-09 4.803768e-03  34.0%
Clock                0.000000e+00 0.000000e+00 6.933673e-10 6.933673e-10   0.0%
Macro                0.000000e+00 0.000000e+00 0.000000e+00 0.000000e+00   0.0%
Pad                  0.000000e+00 0.000000e+00 0.000000e+00 0.000000e+00   0.0%
------------------------------------------------------------------------
Total                1.093521e-02 3.204235e-03 1.883912e-08 1.413946e-02 100.0%
                            77.3%        22.7%         0.0%
Writing metric power__internal__total: 0.010935208760201931
Writing metric power__switching__total: 0.0032042351085692644
Writing metric power__leakage__total: 1.8839118709479408e-8
Writing metric power__total: 0.014139462262392044

