
===========================================================================
Violator List
============================================================================
[hold in-reg] store_complete -> _4708_/D : -5.562487
[hold in-reg] load_complete -> _4359_/D : -5.559714
[hold in-reg] store_base_addr[10] -> _4742_/D : -5.511394
[hold in-reg] store_base_addr[7] -> _4739_/D : -5.510476
[hold in-reg] store_base_addr[5] -> _4737_/D : -5.487412
[hold in-reg] load_data[22] -> _4812_/D : -5.453915
[hold in-reg] load_data[25] -> _4815_/D : -5.453583
[hold in-reg] load_data[31] -> _4821_/D : -5.453132
[hold in-reg] load_data[23] -> _4813_/D : -5.453064
[hold in-reg] load_data[17] -> _4807_/D : -5.452994
[hold in-reg] load_data[27] -> _4817_/D : -5.452260
[hold in-reg] load_data[9] -> _4799_/D : -5.451988
[hold in-reg] load_base_addr[20] -> _4690_/D : -5.451489
[hold in-reg] load_data[1] -> _4791_/D : -5.450491
[hold in-reg] load_data[20] -> _4810_/D : -5.445890
[hold in-reg] load_data[11] -> _4801_/D : -5.445447
[hold in-reg] load_data[3] -> _4793_/D : -5.445030
[hold in-reg] load_data[6] -> _4796_/D : -5.443776
[hold in-reg] load_data[18] -> _4808_/D : -5.442453
[hold in-reg] load_data[14] -> _4804_/D : -5.442149
[hold in-reg] load_data[13] -> _4803_/D : -5.439926
[hold in-reg] load_data[19] -> _4809_/D : -5.439837
[hold in-reg] load_data[5] -> _4795_/D : -5.432537
[hold in-reg] load_data[26] -> _4816_/D : -5.429598
[hold in-reg] store_base_addr[0] -> _4732_/D : -5.427634
[hold in-reg] load_data[4] -> _4794_/D : -5.422688
[hold in-reg] load_data[12] -> _4802_/D : -5.413316
[hold in-reg] load_data[15] -> _4805_/D : -5.412779
[hold in-reg] load_data[28] -> _4818_/D : -5.410966
[hold in-reg] store_base_addr[4] -> _4736_/D : -5.407024
[hold in-reg] load_data[30] -> _4820_/D : -5.403759
[hold in-reg] store_base_addr[9] -> _4741_/D : -5.402644
[hold in-reg] load_data[2] -> _4792_/D : -5.400185
[hold in-reg] store_base_addr[6] -> _4738_/D : -5.394513
[hold in-reg] load_data[0] -> _4790_/D : -5.392897
[hold in-reg] load_data[8] -> _4798_/D : -5.392500
[hold in-reg] load_data[21] -> _4811_/D : -5.390452
[hold in-reg] load_data[29] -> _4819_/D : -5.390162
[hold in-reg] load_data[24] -> _4814_/D : -5.389794
[hold in-reg] load_data[7] -> _4797_/D : -5.388454
[hold in-reg] load_data[16] -> _4806_/D : -5.386136
[hold in-reg] load_data[10] -> _4800_/D : -5.385151
[hold in-reg] load_complete -> _4777_/D : -5.347939
[hold in-reg] store_base_addr[21] -> _4753_/D : -5.318625
[hold in-reg] load_base_addr[21] -> _4691_/D : -5.314454
[hold in-reg] store_base_addr[14] -> _4746_/D : -5.312116
[hold in-reg] store_base_addr[15] -> _4747_/D : -5.285884
[hold in-reg] store_base_addr[12] -> _4744_/D : -5.283664
[hold in-reg] store_base_addr[1] -> _4733_/D : -5.282712
[hold in-reg] store_base_addr[11] -> _4743_/D : -5.279388
[hold in-reg] store_base_addr[8] -> _4740_/D : -5.277928
[hold in-reg] store_base_addr[18] -> _4750_/D : -5.274966
[hold in-reg] store_base_addr[17] -> _4749_/D : -5.273654
[hold in-reg] store_complete -> _4706_/D : -5.273187
[hold in-reg] load_base_addr[6] -> _4676_/D : -5.228376
[hold in-reg] load_base_addr[19] -> _4689_/D : -5.223108
[hold in-reg] store_base_addr[3] -> _4735_/D : -5.220469
[hold in-reg] store_base_addr[2] -> _4734_/D : -5.220013
[hold in-reg] store_complete -> _4833_/D : -5.216344
[hold in-reg] store_complete -> _4831_/D : -5.216198
[hold in-reg] store_complete -> _4835_/D : -5.215882
[hold in-reg] store_complete -> _4829_/D : -5.214275
[hold in-reg] store_complete -> _4776_/D : -5.210980
[hold in-reg] store_complete -> _4823_/D : -5.198376
[hold in-reg] load_base_addr[18] -> _4688_/D : -5.180518
[hold in-reg] load_base_addr[9] -> _4679_/D : -5.177054
[hold in-reg] load_base_addr[16] -> _4686_/D : -5.176961
[hold in-reg] load_base_addr[10] -> _4680_/D : -5.170444
[hold in-reg] store_base_addr[13] -> _4745_/D : -5.169506
[hold in-reg] store_complete -> _4827_/D : -5.166978
[hold in-reg] load_base_addr[14] -> _4684_/D : -5.166435
[hold in-reg] load_base_addr[13] -> _4683_/D : -5.166178
[hold in-reg] load_base_addr[11] -> _4681_/D : -5.166139
[hold in-reg] load_base_addr[15] -> _4685_/D : -5.166065
[hold in-reg] load_base_addr[17] -> _4687_/D : -5.162144
[hold in-reg] load_base_addr[12] -> _4682_/D : -5.159899
[hold in-reg] load_base_addr[2] -> _4672_/D : -5.157723
[hold in-reg] store_base_addr[16] -> _4748_/D : -5.135094
[hold in-reg] store_complete -> _4843_/D : -5.130806
[hold in-reg] store_base_addr[20] -> _4752_/D : -5.130185
[hold in-reg] load_base_addr[8] -> _4678_/D : -5.127883
[hold in-reg] store_base_addr[19] -> _4751_/D : -5.124951
[hold in-reg] load_base_addr[5] -> _4675_/D : -5.121617
[hold in-reg] load_base_addr[3] -> _4673_/D : -5.117612
[hold in-reg] load_base_addr[1] -> _4671_/D : -5.110946
[hold in-reg] load_base_addr[0] -> _4670_/D : -5.101738
[hold in-reg] store_complete -> _4778_/D : -5.070535
[hold in-reg] load_base_addr[7] -> _4677_/D : -5.046376
[hold in-reg] load_base_addr[4] -> _4674_/D : -5.041839
[hold in-reg] store_complete -> _4837_/D : -4.952059
[hold in-reg] store_complete -> _4839_/D : -4.951999
[hold in-reg] store_complete -> _4841_/D : -4.951375
[hold in-reg] store_complete -> _4825_/D : -4.947773
[hold in-reg] store_complete -> _4845_/D : -4.920201
[hold in-reg] start -> _4853_/D : -4.902093
[hold in-reg] start -> _4851_/D : -4.897585
[hold in-reg] start -> _4857_/D : -4.871617
[hold in-reg] start -> _4867_/D : -4.871545
[hold in-reg] start -> _4863_/D : -4.871054
[hold in-reg] start -> _4855_/D : -4.870939
[hold in-reg] start -> _4859_/D : -4.870930
[hold in-reg] start -> _4869_/D : -4.870563
[hold in-reg] start -> _4871_/D : -4.870284
[hold in-reg] start -> _4861_/D : -4.869946
[hold in-reg] start -> _4865_/D : -4.869517
[hold in-reg] start -> _4842_/D : -4.807291
[hold in-reg] start -> _4850_/D : -4.799497
[hold in-reg] arst_i -> _4656_/RESET_B : -4.783207
[hold in-reg] start -> _4852_/D : -4.767492
[hold in-reg] arst_i -> _4940_/RESET_B : -4.764193
[hold in-reg] arst_i -> _4942_/RESET_B : -4.764039
[hold in-reg] arst_i -> _4944_/RESET_B : -4.763953
[hold in-reg] arst_i -> _4939_/RESET_B : -4.763538
[hold in-reg] arst_i -> _4938_/RESET_B : -4.763401
[hold in-reg] start -> _4858_/D : -4.759171
[hold in-reg] arst_i -> _4946_/RESET_B : -4.759048
[hold in-reg] start -> _4868_/D : -4.758437
[hold in-reg] start -> _4856_/D : -4.758061
[hold in-reg] start -> _4866_/D : -4.757507
[hold in-reg] start -> _4862_/D : -4.757459
[hold in-reg] start -> _4864_/D : -4.757227
[hold in-reg] start -> _4854_/D : -4.757174
[hold in-reg] start -> _4870_/D : -4.756368
[hold in-reg] start -> _4860_/D : -4.756195
[hold in-reg] arst_i -> _4742_/RESET_B : -4.755743
[hold in-reg] arst_i -> _4740_/RESET_B : -4.754945
[hold in-reg] arst_i -> _4941_/RESET_B : -4.746717
[hold in-reg] arst_i -> _4743_/RESET_B : -4.745589
[hold in-reg] arst_i -> _4741_/RESET_B : -4.744737
[hold in-reg] arst_i -> _4978_/RESET_B : -4.742509
[hold in-reg] arst_i -> _4970_/RESET_B : -4.742219
[hold in-reg] arst_i -> _5028_/RESET_B : -4.740075
[hold in-reg] arst_i -> _4964_/RESET_B : -4.740066
[hold in-reg] arst_i -> _4972_/RESET_B : -4.740004
[hold in-reg] arst_i -> _4969_/RESET_B : -4.739758
[hold in-reg] arst_i -> _4739_/RESET_B : -4.738951
[hold in-reg] arst_i -> _4974_/RESET_B : -4.736730
[hold in-reg] arst_i -> _4966_/RESET_B : -4.736580
[hold in-reg] arst_i -> _4657_/RESET_B : -4.735537
[hold in-reg] arst_i -> _4738_/RESET_B : -4.735343
[hold in-reg] arst_i -> _4658_/RESET_B : -4.735243
[hold in-reg] arst_i -> _4659_/RESET_B : -4.734867
[hold in-reg] start -> _4872_/D : -4.734191
[hold in-reg] arst_i -> _4967_/RESET_B : -4.731721
[hold in-reg] arst_i -> _4953_/RESET_B : -4.731697
[hold in-reg] arst_i -> _4961_/RESET_B : -4.731601
[hold in-reg] arst_i -> _4973_/RESET_B : -4.730797
[hold in-reg] arst_i -> _5021_/RESET_B : -4.726615
[hold in-reg] arst_i -> _5022_/RESET_B : -4.726618
[hold in-reg] arst_i -> _5026_/RESET_B : -4.726588
[hold in-reg] arst_i -> _5024_/RESET_B : -4.726571
[hold in-reg] arst_i -> _5029_/RESET_B : -4.726371
[hold in-reg] arst_i -> _5030_/RESET_B : -4.726312
[hold in-reg] arst_i -> _5025_/RESET_B : -4.726099
[hold in-reg] arst_i -> _5027_/RESET_B : -4.725802
[hold in-reg] arst_i -> _5023_/RESET_B : -4.725775
[hold in-reg] arst_i -> _4951_/RESET_B : -4.725207
[hold in-reg] arst_i -> _4965_/RESET_B : -4.724742
[hold in-reg] arst_i -> _4950_/RESET_B : -4.723669
[hold in-reg] arst_i -> _4960_/RESET_B : -4.723629
[hold in-reg] arst_i -> _4952_/RESET_B : -4.723511
[hold in-reg] arst_i -> _4958_/RESET_B : -4.723497
[hold in-reg] arst_i -> _4955_/RESET_B : -4.721994
[hold in-reg] start -> _4844_/D : -4.721270
[hold in-reg] arst_i -> _4737_/RESET_B : -4.719095
[hold in-reg] arst_i -> _4695_/RESET_B : -4.718544
[hold in-reg] arst_i -> _4694_/RESET_B : -4.718325
[hold in-reg] arst_i -> _4693_/RESET_B : -4.717983
[hold in-reg] arst_i -> _4962_/RESET_B : -4.717383
[hold in-reg] arst_i -> _4736_/RESET_B : -4.717087
[hold in-reg] arst_i -> _4948_/RESET_B : -4.716031
[hold in-reg] arst_i -> _4956_/RESET_B : -4.715952
[hold in-reg] arst_i -> _4977_/RESET_B : -4.715385
[hold in-reg] arst_i -> _4975_/RESET_B : -4.715122
[hold in-reg] arst_i -> _4959_/RESET_B : -4.714216
[hold in-reg] arst_i -> _4746_/RESET_B : -4.712816
[hold in-reg] arst_i -> _4745_/RESET_B : -4.710711
[hold in-reg] arst_i -> _4954_/RESET_B : -4.709659
[hold in-reg] arst_i -> _4963_/RESET_B : -4.709463
[hold in-reg] arst_i -> _4976_/RESET_B : -4.706335
[hold in-reg] arst_i -> _4968_/RESET_B : -4.706077
[hold in-reg] arst_i -> _4648_/RESET_B : -4.701835
[hold in-reg] arst_i -> _4846_/RESET_B : -4.701641
[hold in-reg] arst_i -> _5041_/RESET_B : -4.701113
[hold in-reg] arst_i -> _4649_/RESET_B : -4.701074
[hold in-reg] arst_i -> _4822_/RESET_B : -4.700984
[hold in-reg] arst_i -> _5042_/RESET_B : -4.700907
[hold in-reg] arst_i -> _4651_/RESET_B : -4.700559
[hold in-reg] arst_i -> _4650_/RESET_B : -4.700341
[hold in-reg] arst_i -> _4692_/RESET_B : -4.700083
[hold in-reg] arst_i -> _4848_/RESET_B : -4.700010
[hold in-reg] arst_i -> _4849_/RESET_B : -4.699943
[hold in-reg] arst_i -> _4847_/RESET_B : -4.699931
[hold in-reg] arst_i -> _4971_/RESET_B : -4.698862
[hold in-reg] arst_i -> _4949_/RESET_B : -4.698812
[hold in-reg] arst_i -> _4947_/RESET_B : -4.698801
[hold in-reg] arst_i -> _4957_/RESET_B : -4.698695
[hold in-reg] arst_i -> _4943_/RESET_B : -4.689779
[hold in-reg] arst_i -> _4937_/RESET_B : -4.689232
[hold in-reg] arst_i -> _4945_/RESET_B : -4.688588
[hold in-reg] arst_i -> _4652_/RESET_B : -4.675689
[hold in-reg] arst_i -> _4653_/RESET_B : -4.675116
[hold in-reg] start -> _4824_/D : -4.674734
[hold in-reg] arst_i -> _4654_/RESET_B : -4.674527
[hold in-reg] arst_i -> _4655_/RESET_B : -4.674116
[hold in-reg] start -> _4840_/D : -4.672644
[hold in-reg] start -> _4838_/D : -4.671770
[hold in-reg] start -> _4836_/D : -4.671348
[hold in-reg] start -> _4830_/D : -4.670585
[hold in-reg] start -> _4832_/D : -4.670588
[hold in-reg] start -> _4828_/D : -4.670152
[hold in-reg] start -> _4834_/D : -4.669809
[hold in-reg] arst_i -> _4747_/RESET_B : -4.669271
[hold in-reg] start -> _4826_/D : -4.669000
[hold in-reg] arst_i -> _4748_/RESET_B : -4.668827
[hold in-reg] arst_i -> _4749_/RESET_B : -4.668465
[hold in-reg] arst_i -> _4744_/RESET_B : -4.667843
[hold in-reg] arst_i -> _4778_/RESET_B : -4.667442
[hold in-reg] arst_i -> _4753_/RESET_B : -4.667287
[hold in-reg] arst_i -> _4750_/RESET_B : -4.667212
[hold in-reg] arst_i -> _4752_/RESET_B : -4.665812
[hold in-reg] arst_i -> _4751_/RESET_B : -4.665714
[hold in-reg] arst_i -> _4776_/RESET_B : -4.665556
[hold in-reg] arst_i -> _4735_/RESET_B : -4.662277
[hold in-reg] arst_i -> _4842_/RESET_B : -4.661740
[hold in-reg] arst_i -> _4843_/RESET_B : -4.661735
[hold in-reg] arst_i -> _4732_/RESET_B : -4.661717
[hold in-reg] arst_i -> _4844_/RESET_B : -4.661530
[hold in-reg] arst_i -> _4733_/RESET_B : -4.661424
[hold in-reg] arst_i -> _4734_/RESET_B : -4.661410
[hold in-reg] arst_i -> _4845_/RESET_B : -4.660728
[hold in-reg] arst_i -> _4731_/RESET_B : -4.659773
[hold in-reg] arst_i -> _4707_/RESET_B : -4.656449
[hold in-reg] arst_i -> _4706_/RESET_B : -4.655563
[hold in-reg] arst_i -> _4708_/RESET_B : -4.654912
[hold in-reg] arst_i -> _4838_/RESET_B : -4.654556
[hold in-reg] arst_i -> _4839_/RESET_B : -4.654143
[hold in-reg] arst_i -> _4841_/RESET_B : -4.654131
[hold in-reg] arst_i -> _4840_/RESET_B : -4.654019
[hold in-reg] arst_i -> _4837_/RESET_B : -4.652839
[hold in-reg] arst_i -> _4868_/RESET_B : -4.652783
[hold in-reg] arst_i -> _4867_/RESET_B : -4.652719
[hold in-reg] arst_i -> _4836_/RESET_B : -4.652581
[hold in-reg] arst_i -> _4835_/RESET_B : -4.652049
[hold in-reg] arst_i -> _4866_/RESET_B : -4.651983
[hold in-reg] arst_i -> _4865_/RESET_B : -4.651608
[hold in-reg] arst_i -> _4862_/RESET_B : -4.650991
[hold in-reg] arst_i -> _4863_/RESET_B : -4.650712
[hold in-reg] arst_i -> _4872_/RESET_B : -4.650702
[hold in-reg] arst_i -> _4870_/RESET_B : -4.650652
[hold in-reg] arst_i -> _4864_/RESET_B : -4.650624
[hold in-reg] arst_i -> _4834_/RESET_B : -4.650618
[hold in-reg] arst_i -> _4831_/RESET_B : -4.650559
[hold in-reg] arst_i -> _4861_/RESET_B : -4.650478
[hold in-reg] arst_i -> _4833_/RESET_B : -4.650465
[hold in-reg] arst_i -> _4871_/RESET_B : -4.650279
[hold in-reg] arst_i -> _4830_/RESET_B : -4.650267
[hold in-reg] arst_i -> _4869_/RESET_B : -4.650261
[hold in-reg] arst_i -> _4829_/RESET_B : -4.649808
[hold in-reg] arst_i -> _4827_/RESET_B : -4.649662
[hold in-reg] arst_i -> _4832_/RESET_B : -4.649372
[hold in-reg] arst_i -> _4828_/RESET_B : -4.649156
[hold in-reg] arst_i -> _4824_/RESET_B : -4.648880
[hold in-reg] arst_i -> _4826_/RESET_B : -4.648622
[hold in-reg] arst_i -> _4825_/RESET_B : -4.648612
[hold in-reg] arst_i -> _4823_/RESET_B : -4.648533
[hold in-reg] arst_i -> _4858_/RESET_B : -4.646904
[hold in-reg] arst_i -> _4857_/RESET_B : -4.646714
[hold in-reg] arst_i -> _4856_/RESET_B : -4.645931
[hold in-reg] arst_i -> _4859_/RESET_B : -4.645051
[hold in-reg] start -> _4358_/D : -4.644679
[hold in-reg] arst_i -> _4860_/RESET_B : -4.644558
[hold in-reg] arst_i -> _4855_/RESET_B : -4.644326
[hold in-reg] arst_i -> _4850_/RESET_B : -4.643391
[hold in-reg] arst_i -> _4854_/RESET_B : -4.643161
[hold in-reg] arst_i -> _4851_/RESET_B : -4.643045
[hold in-reg] arst_i -> _4691_/RESET_B : -4.643033
[hold in-reg] arst_i -> _4852_/RESET_B : -4.643037
[hold in-reg] arst_i -> _4853_/RESET_B : -4.642467
[hold in-reg] arst_i -> _4689_/RESET_B : -4.642141
[hold in-reg] arst_i -> _4777_/RESET_B : -4.641700
[hold in-reg] arst_i -> _4779_/RESET_B : -4.641652
[hold in-reg] arst_i -> _4359_/RESET_B : -4.641492
[hold in-reg] arst_i -> _4358_/RESET_B : -4.641207
[hold in-reg] arst_i -> _4690_/RESET_B : -4.641034
[hold in-reg] arst_i -> _4678_/RESET_B : -4.639456
[hold in-reg] arst_i -> _4677_/RESET_B : -4.638916
[hold in-reg] arst_i -> _4688_/RESET_B : -4.637891
[hold in-reg] arst_i -> _4679_/RESET_B : -4.636992
[hold in-reg] arst_i -> _4676_/RESET_B : -4.636273
[hold in-reg] arst_i -> _4675_/RESET_B : -4.634883
[hold in-reg] arst_i -> _4686_/RESET_B : -4.634311
[hold in-reg] arst_i -> _4674_/RESET_B : -4.634190
[hold in-reg] arst_i -> _4685_/RESET_B : -4.631866
[hold in-reg] arst_i -> _4680_/RESET_B : -4.631487
[hold in-reg] arst_i -> _4687_/RESET_B : -4.631370
[hold in-reg] arst_i -> _4673_/RESET_B : -4.630760
[hold in-reg] arst_i -> _4671_/RESET_B : -4.626891
[hold in-reg] arst_i -> _4672_/RESET_B : -4.626616
[hold in-reg] arst_i -> _4684_/RESET_B : -4.626450
[hold in-reg] arst_i -> _4682_/RESET_B : -4.626341
[hold in-reg] arst_i -> _4683_/RESET_B : -4.626309
[hold in-reg] arst_i -> _4681_/RESET_B : -4.624778
[hold in-reg] arst_i -> _4670_/RESET_B : -4.624486
[hold in-reg] arst_i -> _4756_/D : -2.720147
[hold in-reg] arst_i -> _4762_/D : -2.719938
[hold in-reg] arst_i -> _4764_/D : -2.719517
[hold in-reg] arst_i -> _4772_/D : -2.662728
[hold in-reg] arst_i -> _4771_/D : -2.662598
[hold in-reg] arst_i -> _4766_/D : -2.662557
[hold in-reg] arst_i -> _4767_/D : -2.662550
[hold in-reg] arst_i -> _4765_/D : -2.662490
[hold in-reg] arst_i -> _4774_/D : -2.662381
[hold in-reg] arst_i -> _4761_/D : -2.662354
[hold in-reg] arst_i -> _4770_/D : -2.662354
[hold in-reg] arst_i -> _4754_/D : -2.662331
[hold in-reg] arst_i -> _4775_/D : -2.662222
[hold in-reg] arst_i -> _4763_/D : -2.662007
[hold in-reg] arst_i -> _4755_/D : -2.661931
[hold in-reg] arst_i -> _4758_/D : -2.661830
[hold in-reg] arst_i -> _4769_/D : -2.661774
[hold in-reg] arst_i -> _4760_/D : -2.661740
[hold in-reg] arst_i -> _4757_/D : -2.661728
[hold in-reg] arst_i -> _4768_/D : -2.661347
[hold in-reg] arst_i -> _4759_/D : -2.661191
[hold in-reg] arst_i -> _4773_/D : -2.660762
[hold in-reg] arst_i -> _4716_/D : -2.256631
[hold in-reg] arst_i -> _4717_/D : -2.256281
[hold in-reg] arst_i -> _4728_/D : -2.255664
[hold in-reg] arst_i -> _4730_/D : -2.253562
[hold in-reg] arst_i -> _4729_/D : -2.251237
[hold in-reg] arst_i -> _4727_/D : -2.250557
[hold in-reg] arst_i -> _4725_/D : -2.249673
[hold in-reg] arst_i -> _4713_/D : -2.247289
[hold in-reg] arst_i -> _4719_/D : -2.246795
[hold in-reg] arst_i -> _4718_/D : -2.245834
[hold in-reg] arst_i -> _4724_/D : -2.244236
[hold in-reg] arst_i -> _4723_/D : -2.242768
[hold in-reg] arst_i -> _4712_/D : -2.242365
[hold in-reg] arst_i -> _4722_/D : -2.240283
[hold in-reg] arst_i -> _4710_/D : -2.240094
[hold in-reg] arst_i -> _4711_/D : -2.239679
[hold in-reg] arst_i -> _4715_/D : -2.238012
[hold in-reg] arst_i -> _4721_/D : -2.237542
[hold in-reg] arst_i -> _4720_/D : -2.235558
[hold in-reg] arst_i -> _4726_/D : -2.235018
[hold in-reg] arst_i -> _4714_/D : -2.234526
[hold in-reg] arst_i -> _4709_/D : -2.233106
[setup reg-out] _4939_/Q -> store_data[2] : -0.542835
[setup reg-out] _4946_/Q -> store_data[9] : -0.542657
[setup reg-out] _4942_/Q -> store_data[5] : -0.542555
[setup reg-out] _4944_/Q -> store_data[7] : -0.542522
[setup reg-out] _4938_/Q -> store_data[1] : -0.542511
[setup reg-out] _4940_/Q -> store_data[3] : -0.542249
[setup reg-out] _4941_/Q -> store_data[4] : -0.540249
[setup reg-out] _4764_/Q -> store_addr[10] : -0.518134
[setup reg-out] _4762_/Q -> store_addr[8] : -0.517714
[setup reg-out] _4756_/Q -> store_addr[2] : -0.517471
[setup reg-out] _4778_/Q -> done : -0.487879
[setup reg-out] _4779_/Q -> load_req : -0.485853
[setup reg-out] _4776_/Q -> store_req : -0.485024
[setup reg-out] _4945_/Q -> store_data[8] : -0.483224
[setup reg-out] _4943_/Q -> store_data[6] : -0.483052
[setup reg-out] _4937_/Q -> store_data[0] : -0.480713
[setup reg-out] _4759_/Q -> store_addr[5] : -0.460981
[setup reg-out] _4768_/Q -> store_addr[14] : -0.459878
[setup reg-out] _4769_/Q -> store_addr[15] : -0.458948
[setup reg-out] _4758_/Q -> store_addr[4] : -0.458916
[setup reg-out] _4757_/Q -> store_addr[3] : -0.458826
[setup reg-out] _4761_/Q -> store_addr[7] : -0.458756
[setup reg-out] _4767_/Q -> store_addr[13] : -0.458484
[setup reg-out] _4763_/Q -> store_addr[9] : -0.458384
[setup reg-out] _4766_/Q -> store_addr[12] : -0.458153
[setup reg-out] _4770_/Q -> store_addr[16] : -0.458122
[setup reg-out] _4755_/Q -> store_addr[1] : -0.458061
[setup reg-out] _4775_/Q -> store_addr[21] : -0.458045
[setup reg-out] _4754_/Q -> store_addr[0] : -0.457982
[setup reg-out] _4765_/Q -> store_addr[11] : -0.457876
[setup reg-out] _4774_/Q -> store_addr[20] : -0.457810
[setup reg-out] _4771_/Q -> store_addr[17] : -0.457809
[setup reg-out] _4773_/Q -> store_addr[19] : -0.457130
[setup reg-out] _4772_/Q -> store_addr[18] : -0.456767
[setup reg-out] _4760_/Q -> store_addr[6] : -0.456279
[setup reg-out] _4716_/Q -> load_addr[7] : -0.455793
[setup reg-out] _4717_/Q -> load_addr[8] : -0.455692
[setup reg-out] _4728_/Q -> load_addr[19] : -0.455489
[setup reg-out] _4730_/Q -> load_addr[21] : -0.453150
[setup reg-out] _4729_/Q -> load_addr[20] : -0.452125
[setup reg-out] _4727_/Q -> load_addr[18] : -0.451006
[setup reg-out] _4725_/Q -> load_addr[16] : -0.449754
[setup reg-out] _4713_/Q -> load_addr[4] : -0.448461
[setup reg-out] _4718_/Q -> load_addr[9] : -0.448334
[setup reg-out] _4719_/Q -> load_addr[10] : -0.447469
[setup reg-out] _4724_/Q -> load_addr[15] : -0.446080
[setup reg-out] _4723_/Q -> load_addr[14] : -0.444257
[setup reg-out] _4712_/Q -> load_addr[3] : -0.444066
[setup reg-out] _4710_/Q -> load_addr[1] : -0.442852
[setup reg-out] _4711_/Q -> load_addr[2] : -0.442534
[setup reg-out] _4722_/Q -> load_addr[13] : -0.442126
[setup reg-out] _4715_/Q -> load_addr[6] : -0.441142
[setup reg-out] _4721_/Q -> load_addr[12] : -0.440253
[setup reg-out] _4720_/Q -> load_addr[11] : -0.438843
[setup reg-out] _4709_/Q -> load_addr[0] : -0.438447
[setup reg-out] _4726_/Q -> load_addr[17] : -0.438336
[setup reg-out] _4714_/Q -> load_addr[5] : -0.438140
Writing metric timing__hold_vio__count__corner:nom_tt_025C_1v80: 348
Writing metric timing__hold_r2r__ws__corner:nom_tt_025C_1v80: 0.395071
Writing metric timing__hold_r2r_vio__count__corner:nom_tt_025C_1v80: 0
Writing metric timing__setup_vio__count__corner:nom_tt_025C_1v80: 57
Writing metric timing__setup_r2r__ws__corner:nom_tt_025C_1v80: 2.773073
Writing metric timing__setup_r2r_vio__count__corner:nom_tt_025C_1v80: 0
