
===========================================================================
report_checks -unconstrained
===========================================================================
======================= max_tt_025C_1v80 Corner ===================================

Startpoint: arst_i (input port clocked by clk)
Endpoint: _4741_ (recovery check against rising-edge clock clk)
Path Group: asynchronous
Path Type: max

Fanout         Cap        Slew       Delay        Time   Description
---------------------------------------------------------------------------------------------
                                  0.000000    0.000000   clock clk (rise edge)
                                  0.000000    0.000000   clock network delay (propagated)
                                  2.000000    2.000000 v input external delay
     1    0.006490    0.016855    0.010617    2.010617 v arst_i (in)
                                                         arst_i (net)
                      0.016860    0.000000    2.010617 v input1/A (sky130_fd_sc_hd__clkbuf_1)
     1    0.003424    0.029718    0.078474    2.089091 v input1/X (sky130_fd_sc_hd__clkbuf_1)
                                                         net1 (net)
                      0.029719    0.000218    2.089309 v fanout446/A (sky130_fd_sc_hd__clkbuf_4)
     5    0.066640    0.137057    0.215478    2.304786 v fanout446/X (sky130_fd_sc_hd__clkbuf_4)
                                                         net446 (net)
                      0.137149    0.003043    2.307830 v fanout445/A (sky130_fd_sc_hd__buf_2)
     5    0.054102    0.129041    0.252798    2.560628 v fanout445/X (sky130_fd_sc_hd__buf_2)
                                                         net445 (net)
                      0.129055    0.001444    2.562073 v fanout434/A (sky130_fd_sc_hd__buf_2)
     5    0.048695    0.118157    0.240041    2.802113 v fanout434/X (sky130_fd_sc_hd__buf_2)
                                                         net434 (net)
                      0.118204    0.002282    2.804395 v fanout433/A (sky130_fd_sc_hd__buf_2)
     6    0.037703    0.094520    0.217939    3.022334 v fanout433/X (sky130_fd_sc_hd__buf_2)
                                                         net433 (net)
                      0.094530    0.001099    3.023433 v fanout431/A (sky130_fd_sc_hd__buf_4)
    10    0.057725    0.082737    0.212370    3.235802 v fanout431/X (sky130_fd_sc_hd__buf_4)
                                                         net431 (net)
                      0.083654    0.006627    3.242429 v _3491_/A (sky130_fd_sc_hd__inv_2)
     1    0.004434    0.035839    0.060817    3.303246 ^ _3491_/Y (sky130_fd_sc_hd__inv_2)
                                                         _0055_ (net)
                      0.035839    0.000239    3.303486 ^ _4741_/RESET_B (sky130_fd_sc_hd__dfrtp_2)
                                              3.303486   data arrival time

                                 10.000000   10.000000   clock clk (rise edge)
                                  0.000000   10.000000   clock source latency
     1    0.042190    0.194365    0.136939   10.136940 ^ clk (in)
                                                         clk (net)
                      0.194493    0.000000   10.136940 ^ clkbuf_0_clk/A (sky130_fd_sc_hd__clkbuf_16)
     8    0.154336    0.166827    0.267537   10.404477 ^ clkbuf_0_clk/X (sky130_fd_sc_hd__clkbuf_16)
                                                         clknet_0_clk (net)
                      0.167982    0.011185   10.415662 ^ clkbuf_3_5__f_clk/A (sky130_fd_sc_hd__clkbuf_16)
    11    0.101257    0.118288    0.225779   10.641441 ^ clkbuf_3_5__f_clk/X (sky130_fd_sc_hd__clkbuf_16)
                                                         clknet_3_5__leaf_clk (net)
                      0.118560    0.004669   10.646111 ^ clkbuf_leaf_61_clk/A (sky130_fd_sc_hd__clkbuf_8)
    12    0.042428    0.086053    0.185524   10.831634 ^ clkbuf_leaf_61_clk/X (sky130_fd_sc_hd__clkbuf_8)
                                                         clknet_leaf_61_clk (net)
                      0.086131    0.002355   10.833988 ^ _4741_/CLK (sky130_fd_sc_hd__dfrtp_2)
                                 -0.250000   10.583988   clock uncertainty
                                  0.000000   10.583988   clock reconvergence pessimism
                                  0.234523   10.818511   library recovery time
                                             10.818511   data required time
---------------------------------------------------------------------------------------------
                                             10.818511   data required time
                                             -3.303486   data arrival time
---------------------------------------------------------------------------------------------
                                              7.515025   slack (MET)


Startpoint: count[0] (input port clocked by clk)
Endpoint: _4684_ (rising edge-triggered flip-flop clocked by clk)
Path Group: clk
Path Type: max

Fanout         Cap        Slew       Delay        Time   Description
---------------------------------------------------------------------------------------------
                                  0.000000    0.000000   clock clk (rise edge)
                                  0.000000    0.000000   clock network delay (propagated)
                                  2.000000    2.000000 v input external delay
     1    0.003532    0.010318    0.005717    2.005717 v count[0] (in)
                                                         count[0] (net)
                      0.010321    0.000000    2.005717 v input2/A (sky130_fd_sc_hd__buf_4)
     9    0.043513    0.071650    0.159279    2.164996 v input2/X (sky130_fd_sc_hd__buf_4)
                                                         net2 (net)
                      0.072561    0.006359    2.171355 v _2064_/C (sky130_fd_sc_hd__or4_4)
     2    0.005009    0.085176    0.484181    2.655536 v _2064_/X (sky130_fd_sc_hd__or4_4)
                                                         _1554_ (net)
                      0.085176    0.000168    2.655704 v _2068_/D (sky130_fd_sc_hd__or4_4)
     2    0.009049    0.092478    0.438432    3.094136 v _2068_/X (sky130_fd_sc_hd__or4_4)
                                                         _1558_ (net)
                      0.092478    0.000638    3.094774 v _2071_/C (sky130_fd_sc_hd__or4_4)
     6    0.020188    0.113154    0.539924    3.634697 v _2071_/X (sky130_fd_sc_hd__or4_4)
                                                         _1561_ (net)
                      0.113154    0.001774    3.636471 v _2073_/C (sky130_fd_sc_hd__or4_4)
     5    0.015799    0.105806    0.536577    4.173048 v _2073_/X (sky130_fd_sc_hd__or4_4)
                                                         _1563_ (net)
                      0.105806    0.000802    4.173850 v _2075_/A (sky130_fd_sc_hd__or4_4)
     6    0.032155    0.129928    0.623801    4.797651 v _2075_/X (sky130_fd_sc_hd__or4_4)
                                                         _1565_ (net)
                      0.130030    0.003139    4.800791 v _2076_/A (sky130_fd_sc_hd__or3_4)
     3    0.020999    0.092305    0.454206    5.254997 v _2076_/X (sky130_fd_sc_hd__or3_4)
                                                         _1566_ (net)
                      0.092305    0.001020    5.256017 v _2093_/A (sky130_fd_sc_hd__and2_4)
     5    0.019022    0.046883    0.176617    5.432633 v _2093_/X (sky130_fd_sc_hd__and2_4)
                                                         _1583_ (net)
                      0.046970    0.001414    5.434047 v _2094_/A (sky130_fd_sc_hd__or2_4)
     3    0.009463    0.053077    0.255395    5.689443 v _2094_/X (sky130_fd_sc_hd__or2_4)
                                                         _1584_ (net)
                      0.053077    0.000469    5.689911 v _2170_/C (sky130_fd_sc_hd__and4_1)
     1    0.004594    0.045786    0.195538    5.885449 v _2170_/X (sky130_fd_sc_hd__and4_1)
                                                         _1660_ (net)
                      0.045786    0.000298    5.885748 v _2174_/A1 (sky130_fd_sc_hd__a31o_1)
     1    0.020517    0.113109    0.243364    6.129113 v _2174_/X (sky130_fd_sc_hd__a31o_1)
                                                         _1664_ (net)
                      0.113136    0.001667    6.130779 v _2175_/B (sky130_fd_sc_hd__nand2_2)
     1    0.005466    0.055147    0.096821    6.227600 ^ _2175_/Y (sky130_fd_sc_hd__nand2_2)
                                                         _1665_ (net)
                      0.055148    0.000409    6.228009 ^ fanout165/A (sky130_fd_sc_hd__buf_6)
     9    0.056848    0.119287    0.156925    6.384934 ^ fanout165/X (sky130_fd_sc_hd__buf_6)
                                                         net165 (net)
                      0.119316    0.001566    6.386500 ^ fanout163/A (sky130_fd_sc_hd__buf_8)
     5    0.027599    0.056542    0.129267    6.515767 ^ fanout163/X (sky130_fd_sc_hd__buf_8)
                                                         net163 (net)
                      0.056592    0.001547    6.517313 ^ _2176_/A1 (sky130_fd_sc_hd__o21a_4)
     6    0.053103    0.166865    0.222862    6.740175 ^ _2176_/X (sky130_fd_sc_hd__o21a_4)
                                                         _1666_ (net)
                      0.167119    0.005300    6.745475 ^ fanout161/A (sky130_fd_sc_hd__buf_8)
     5    0.041092    0.077396    0.154802    6.900278 ^ fanout161/X (sky130_fd_sc_hd__buf_8)
                                                         net161 (net)
                      0.077848    0.004755    6.905032 ^ _2556_/S (sky130_fd_sc_hd__mux2_4)
     1    0.002455    0.047213    0.293055    7.198088 v _2556_/X (sky130_fd_sc_hd__mux2_4)
                                                         _0741_ (net)
                      0.047214    0.000170    7.198258 v _4684_/D (sky130_fd_sc_hd__dfrtp_1)
                                              7.198258   data arrival time

                                 10.000000   10.000000   clock clk (rise edge)
                                  0.000000   10.000000   clock source latency
     1    0.042190    0.194365    0.136939   10.136940 ^ clk (in)
                                                         clk (net)
                      0.194493    0.000000   10.136940 ^ clkbuf_0_clk/A (sky130_fd_sc_hd__clkbuf_16)
     8    0.154336    0.166827    0.267537   10.404477 ^ clkbuf_0_clk/X (sky130_fd_sc_hd__clkbuf_16)
                                                         clknet_0_clk (net)
                      0.167990    0.011220   10.415697 ^ clkbuf_3_2__f_clk/A (sky130_fd_sc_hd__clkbuf_16)
    13    0.098175    0.115384    0.222442   10.638139 ^ clkbuf_3_2__f_clk/X (sky130_fd_sc_hd__clkbuf_16)
                                                         clknet_3_2__leaf_clk (net)
                      0.116522    0.009191   10.647329 ^ clkbuf_leaf_26_clk/A (sky130_fd_sc_hd__clkbuf_8)
     3    0.032104    0.069739    0.172730   10.820060 ^ clkbuf_leaf_26_clk/X (sky130_fd_sc_hd__clkbuf_8)
                                                         clknet_leaf_26_clk (net)
                      0.069751    0.000978   10.821037 ^ _4684_/CLK (sky130_fd_sc_hd__dfrtp_1)
                                 -0.250000   10.571037   clock uncertainty
                                  0.000000   10.571037   clock reconvergence pessimism
                                 -0.109575   10.461463   library setup time
                                             10.461463   data required time
---------------------------------------------------------------------------------------------
                                             10.461463   data required time
                                             -7.198258   data arrival time
---------------------------------------------------------------------------------------------
                                              3.263205   slack (MET)




===========================================================================
report_checks --slack_max -0.01
============================================================================
======================= max_tt_025C_1v80 Corner ===================================

No paths found.


===========================================================================
 report_check_types -max_slew -max_cap -max_fanout -violators
============================================================================
======================= max_tt_025C_1v80 Corner ===================================

max fanout

Pin                                   Limit Fanout  Slack
---------------------------------------------------------
wire237/X                                10     22    -12 (VIOLATED)
clkbuf_leaf_68_clk/X                     10     20    -10 (VIOLATED)
clkbuf_leaf_70_clk/X                     10     20    -10 (VIOLATED)
clkbuf_leaf_11_clk/X                     10     19     -9 (VIOLATED)
clkbuf_leaf_1_clk/X                      10     18     -8 (VIOLATED)
clkbuf_leaf_31_clk/X                     10     18     -8 (VIOLATED)
clkbuf_leaf_32_clk/X                     10     18     -8 (VIOLATED)
clkbuf_leaf_87_clk/X                     10     18     -8 (VIOLATED)
clkbuf_leaf_3_clk/X                      10     16     -6 (VIOLATED)
clkbuf_leaf_45_clk/X                     10     16     -6 (VIOLATED)
clkbuf_leaf_80_clk/X                     10     16     -6 (VIOLATED)
clkbuf_leaf_81_clk/X                     10     16     -6 (VIOLATED)
clkbuf_leaf_8_clk/X                      10     16     -6 (VIOLATED)
clkbuf_leaf_48_clk/X                     10     15     -5 (VIOLATED)
clkbuf_leaf_4_clk/X                      10     15     -5 (VIOLATED)
clkbuf_leaf_72_clk/X                     10     15     -5 (VIOLATED)
clkbuf_leaf_82_clk/X                     10     15     -5 (VIOLATED)
clkbuf_leaf_17_clk/X                     10     14     -4 (VIOLATED)
clkbuf_leaf_27_clk/X                     10     14     -4 (VIOLATED)
clkbuf_leaf_2_clk/X                      10     14     -4 (VIOLATED)
clkbuf_leaf_35_clk/X                     10     14     -4 (VIOLATED)
clkbuf_leaf_44_clk/X                     10     14     -4 (VIOLATED)
clkbuf_leaf_60_clk/X                     10     14     -4 (VIOLATED)
clkbuf_leaf_84_clk/X                     10     14     -4 (VIOLATED)
clkbuf_3_0__f_clk/X                      10     13     -3 (VIOLATED)
clkbuf_3_1__f_clk/X                      10     13     -3 (VIOLATED)
clkbuf_3_2__f_clk/X                      10     13     -3 (VIOLATED)
clkbuf_leaf_19_clk/X                     10     13     -3 (VIOLATED)
clkbuf_leaf_25_clk/X                     10     13     -3 (VIOLATED)
clkbuf_leaf_30_clk/X                     10     13     -3 (VIOLATED)
clkbuf_leaf_33_clk/X                     10     13     -3 (VIOLATED)
clkbuf_leaf_5_clk/X                      10     13     -3 (VIOLATED)
clkbuf_leaf_65_clk/X                     10     13     -3 (VIOLATED)
clkbuf_leaf_78_clk/X                     10     13     -3 (VIOLATED)
clkbuf_leaf_85_clk/X                     10     13     -3 (VIOLATED)
clkbuf_3_3__f_clk/X                      10     12     -2 (VIOLATED)
clkbuf_leaf_14_clk/X                     10     12     -2 (VIOLATED)
clkbuf_leaf_20_clk/X                     10     12     -2 (VIOLATED)
clkbuf_leaf_22_clk/X                     10     12     -2 (VIOLATED)
clkbuf_leaf_24_clk/X                     10     12     -2 (VIOLATED)
clkbuf_leaf_28_clk/X                     10     12     -2 (VIOLATED)
clkbuf_leaf_36_clk/X                     10     12     -2 (VIOLATED)
clkbuf_leaf_53_clk/X                     10     12     -2 (VIOLATED)
clkbuf_leaf_56_clk/X                     10     12     -2 (VIOLATED)
clkbuf_leaf_61_clk/X                     10     12     -2 (VIOLATED)
clkbuf_leaf_64_clk/X                     10     12     -2 (VIOLATED)
clkbuf_leaf_83_clk/X                     10     12     -2 (VIOLATED)
clkbuf_3_4__f_clk/X                      10     11        (VIOLATED)
clkbuf_3_5__f_clk/X                      10     11        (VIOLATED)
clkbuf_3_6__f_clk/X                      10     11        (VIOLATED)
clkbuf_3_7__f_clk/X                      10     11        (VIOLATED)
clkbuf_leaf_12_clk/X                     10     11        (VIOLATED)
clkbuf_leaf_13_clk/X                     10     11        (VIOLATED)
clkbuf_leaf_21_clk/X                     10     11        (VIOLATED)
clkbuf_leaf_49_clk/X                     10     11        (VIOLATED)
clkbuf_leaf_54_clk/X                     10     11        (VIOLATED)
clkbuf_leaf_67_clk/X                     10     11        (VIOLATED)
clkbuf_leaf_77_clk/X                     10     11        (VIOLATED)
clkbuf_leaf_86_clk/X                     10     11        (VIOLATED)
fanout272/X                              10     11        (VIOLATED)



===========================================================================
report_parasitic_annotation -report_unannotated
============================================================================
Found 108 unannotated drivers.
 clkload0/X
 clkload1/X
 clkload10/Y
 clkload11/Y
 clkload12/Y
 clkload13/Y
 clkload14/Y
 clkload15/Y
 clkload16/Y
 clkload17/Y
 clkload18/X
 clkload19/Y
 clkload2/Y
 clkload20/Y
 clkload21/Y
 clkload22/Y
 clkload23/Y
 clkload24/Y
 clkload25/Y
 clkload26/Y
 clkload27/X
 clkload28/X
 clkload29/Y
 clkload3/Y
 clkload30/Y
 clkload31/Y
 clkload32/X
 clkload33/Y
 clkload34/X
 clkload35/Y
 clkload36/X
 clkload37/Y
 clkload38/X
 clkload39/X
 clkload4/Y
 clkload40/Y
 clkload41/X
 clkload42/Y
 clkload43/Y
 clkload44/Y
 clkload45/Y
 clkload46/Y
 clkload47/Y
 clkload48/Y
 clkload49/Y
 clkload5/Y
 clkload50/Y
 clkload51/Y
 clkload52/Y
 clkload53/Y
 clkload54/Y
 clkload55/X
 clkload56/Y
 clkload57/Y
 clkload58/Y
 clkload59/Y
 clkload6/Y
 clkload60/Y
 clkload61/Y
 clkload62/Y
 clkload63/Y
 clkload64/Y
 clkload65/X
 clkload66/Y
 clkload67/Y
 clkload68/Y
 clkload69/Y
 clkload7/Y
 clkload70/Y
 clkload71/Y
 clkload72/Y
 clkload73/Y
 clkload74/Y
 clkload75/Y
 clkload76/Y
 clkload77/Y
 clkload78/Y
 clkload79/Y
 clkload8/X
 clkload80/X
 clkload81/X
 clkload82/Y
 clkload83/Y
 clkload84/Y
 clkload85/Y
 clkload9/Y
 lsu_wrapper_447/HI
 lsu_wrapper_448/HI
 lsu_wrapper_449/HI
 lsu_wrapper_450/HI
 lsu_wrapper_451/HI
 lsu_wrapper_452/HI
 lsu_wrapper_453/HI
 lsu_wrapper_454/HI
 lsu_wrapper_455/HI
 lsu_wrapper_456/HI
 lsu_wrapper_457/HI
 lsu_wrapper_458/HI
 lsu_wrapper_459/HI
 lsu_wrapper_460/HI
 lsu_wrapper_461/HI
 lsu_wrapper_462/HI
 lsu_wrapper_463/HI
 lsu_wrapper_464/HI
 lsu_wrapper_465/HI
 lsu_wrapper_466/HI
 lsu_wrapper_467/HI
 lsu_wrapper_468/HI
Found 0 partially unannotated drivers.

===========================================================================
max slew violation count 0
max fanout violation count 60
max cap violation count 0
============================================================================

===========================================================================
check_setup -verbose -unconstrained_endpoints -multiple_clock -no_clock -no_input_delay -loops -generated_clocks
===========================================================================
Warning: There are 22 unconstrained endpoints.
  store_data[10]
  store_data[11]
  store_data[12]
  store_data[13]
  store_data[14]
  store_data[15]
  store_data[16]
  store_data[17]
  store_data[18]
  store_data[19]
  store_data[20]
  store_data[21]
  store_data[22]
  store_data[23]
  store_data[24]
  store_data[25]
  store_data[26]
  store_data[27]
  store_data[28]
  store_data[29]
  store_data[30]
  store_data[31]
