Clock: clk
Sources: clk 
Generated: no
Virtual: yes
Propagated: no
Period: 10.000000

===========================================================================
report_clock_properties
============================================================================
Clock                   Period          Waveform
----------------------------------------------------
clk                  10.000000    0.000000  5.000000

===========================================================================
report_clock_latency
============================================================================
Clock clk
rise -> rise
    min     max
0.000000 0.000000 source latency
0.818671         network latency _4420_/CLK
        0.868400 network latency _4454_/CLK
---------------
0.818671 0.868400 latency
        0.049729 skew

fall -> fall
    min     max
0.000000 0.000000 source latency
0.697025         network latency _4420_/CLK
        0.732034 network latency _4454_/CLK
---------------
0.697025 0.732034 latency
        0.035008 skew



===========================================================================
report_clock_min_period
============================================================================
clk period_min = 4.34 fmax = 230.52
