
===========================================================================
 report_power
============================================================================
======================= max_tt_025C_1v80 Corner ===================================

Group                    Internal    Switching      Leakage        Total
                            Power        Power        Power        Power (Watts)
------------------------------------------------------------------------
Sequential           5.587703e-03 1.033777e-03 8.368874e-09 6.621489e-03  35.6%
Combinational        5.325266e-03 3.708780e-03 1.745727e-08 9.034064e-03  48.6%
Clock                1.377119e-03 1.573321e-03 6.794815e-09 2.950446e-03  15.9%
Macro                0.000000e+00 0.000000e+00 0.000000e+00 0.000000e+00   0.0%
Pad                  0.000000e+00 0.000000e+00 0.000000e+00 0.000000e+00   0.0%
------------------------------------------------------------------------
Total                1.229007e-02 6.315876e-03 3.262112e-08 1.860598e-02 100.0%
                            66.1%        33.9%         0.0%

