
===========================================================================
report_checks -unconstrained
===========================================================================
======================= max_ff_n40C_1v95 Corner ===================================

Startpoint: arst_i (input port clocked by clk)
Endpoint: _4741_ (recovery check against rising-edge clock clk)
Path Group: asynchronous
Path Type: max

Fanout         Cap        Slew       Delay        Time   Description
---------------------------------------------------------------------------------------------
                                  0.000000    0.000000   clock clk (rise edge)
                                  0.000000    0.000000   clock network delay (propagated)
                                  2.000000    2.000000 v input external delay
     1    0.006545    0.010731    0.006085    2.006085 v arst_i (in)
                                                         arst_i (net)
                      0.010739    0.000000    2.006085 v input1/A (sky130_fd_sc_hd__clkbuf_1)
     1    0.003455    0.020610    0.051097    2.057182 v input1/X (sky130_fd_sc_hd__clkbuf_1)
                                                         net1 (net)
                      0.020612    0.000220    2.057402 v fanout446/A (sky130_fd_sc_hd__clkbuf_4)
     5    0.066871    0.096792    0.145010    2.202413 v fanout446/X (sky130_fd_sc_hd__clkbuf_4)
                                                         net446 (net)
                      0.096920    0.003052    2.205464 v fanout445/A (sky130_fd_sc_hd__buf_2)
     5    0.054415    0.091531    0.166644    2.372108 v fanout445/X (sky130_fd_sc_hd__buf_2)
                                                         net445 (net)
                      0.091553    0.001456    2.373564 v fanout434/A (sky130_fd_sc_hd__buf_2)
     5    0.048819    0.083188    0.157767    2.531331 v fanout434/X (sky130_fd_sc_hd__buf_2)
                                                         net434 (net)
                      0.083320    0.002288    2.533618 v fanout433/A (sky130_fd_sc_hd__buf_2)
     6    0.037789    0.068851    0.141467    2.675086 v fanout433/X (sky130_fd_sc_hd__buf_2)
                                                         net433 (net)
                      0.068869    0.001102    2.676187 v fanout431/A (sky130_fd_sc_hd__buf_4)
    10    0.057815    0.063567    0.141072    2.817260 v fanout431/X (sky130_fd_sc_hd__buf_4)
                                                         net431 (net)
                      0.064655    0.006587    2.823847 v _3491_/A (sky130_fd_sc_hd__inv_2)
     1    0.004439    0.027395    0.043768    2.867615 ^ _3491_/Y (sky130_fd_sc_hd__inv_2)
                                                         _0055_ (net)
                      0.027396    0.000239    2.867854 ^ _4741_/RESET_B (sky130_fd_sc_hd__dfrtp_2)
                                              2.867854   data arrival time

                                 10.000000   10.000000   clock clk (rise edge)
                                  0.000000   10.000000   clock source latency
     1    0.042259    0.145176    0.102914   10.102915 ^ clk (in)
                                                         clk (net)
                      0.145348    0.000000   10.102915 ^ clkbuf_0_clk/A (sky130_fd_sc_hd__clkbuf_16)
     8    0.154888    0.130097    0.180536   10.283451 ^ clkbuf_0_clk/X (sky130_fd_sc_hd__clkbuf_16)
                                                         clknet_0_clk (net)
                      0.131611    0.011194   10.294644 ^ clkbuf_3_5__f_clk/A (sky130_fd_sc_hd__clkbuf_16)
    11    0.101650    0.090935    0.153263   10.447907 ^ clkbuf_3_5__f_clk/X (sky130_fd_sc_hd__clkbuf_16)
                                                         clknet_3_5__leaf_clk (net)
                      0.091298    0.004682   10.452589 ^ clkbuf_leaf_61_clk/A (sky130_fd_sc_hd__clkbuf_8)
    12    0.043100    0.065515    0.124698   10.577288 ^ clkbuf_leaf_61_clk/X (sky130_fd_sc_hd__clkbuf_8)
                                                         clknet_leaf_61_clk (net)
                      0.065693    0.002390   10.579678 ^ _4741_/CLK (sky130_fd_sc_hd__dfrtp_2)
                                 -0.250000   10.329678   clock uncertainty
                                  0.000000   10.329678   clock reconvergence pessimism
                                  0.139897   10.469575   library recovery time
                                             10.469575   data required time
---------------------------------------------------------------------------------------------
                                             10.469575   data required time
                                             -2.867854   data arrival time
---------------------------------------------------------------------------------------------
                                              7.601720   slack (MET)


Startpoint: count[0] (input port clocked by clk)
Endpoint: _4684_ (rising edge-triggered flip-flop clocked by clk)
Path Group: clk
Path Type: max

Fanout         Cap        Slew       Delay        Time   Description
---------------------------------------------------------------------------------------------
                                  0.000000    0.000000   clock clk (rise edge)
                                  0.000000    0.000000   clock network delay (propagated)
                                  2.000000    2.000000 v input external delay
     1    0.003557    0.005826    0.002993    2.002993 v count[0] (in)
                                                         count[0] (net)
                      0.005835    0.000000    2.002993 v input2/A (sky130_fd_sc_hd__buf_4)
     9    0.043757    0.052250    0.104719    2.107713 v input2/X (sky130_fd_sc_hd__buf_4)
                                                         net2 (net)
                      0.053480    0.006360    2.114072 v _2064_/C (sky130_fd_sc_hd__or4_4)
     2    0.005116    0.058882    0.288909    2.402981 v _2064_/X (sky130_fd_sc_hd__or4_4)
                                                         _1554_ (net)
                      0.058883    0.000170    2.403151 v _2068_/D (sky130_fd_sc_hd__or4_4)
     2    0.009117    0.064122    0.258092    2.661243 v _2068_/X (sky130_fd_sc_hd__or4_4)
                                                         _1558_ (net)
                      0.064123    0.000642    2.661885 v _2071_/C (sky130_fd_sc_hd__or4_4)
     6    0.020483    0.078857    0.323087    2.984972 v _2071_/X (sky130_fd_sc_hd__or4_4)
                                                         _1561_ (net)
                      0.078859    0.001800    2.986772 v _2073_/C (sky130_fd_sc_hd__or4_4)
     5    0.015911    0.072278    0.319878    3.306650 v _2073_/X (sky130_fd_sc_hd__or4_4)
                                                         _1563_ (net)
                      0.072302    0.000805    3.307455 v _2075_/A (sky130_fd_sc_hd__or4_4)
     6    0.032133    0.089493    0.375672    3.683127 v _2075_/X (sky130_fd_sc_hd__or4_4)
                                                         _1565_ (net)
                      0.089648    0.003132    3.686259 v _2076_/A (sky130_fd_sc_hd__or3_4)
     3    0.020907    0.064595    0.276655    3.962914 v _2076_/X (sky130_fd_sc_hd__or3_4)
                                                         _1566_ (net)
                      0.064595    0.001019    3.963933 v _2093_/A (sky130_fd_sc_hd__and2_4)
     5    0.019201    0.035615    0.116286    4.080218 v _2093_/X (sky130_fd_sc_hd__and2_4)
                                                         _1583_ (net)
                      0.035637    0.001427    4.081645 v _2094_/A (sky130_fd_sc_hd__or2_4)
     3    0.009583    0.038121    0.159528    4.241173 v _2094_/X (sky130_fd_sc_hd__or2_4)
                                                         _1584_ (net)
                      0.038121    0.000477    4.241650 v _2170_/C (sky130_fd_sc_hd__and4_1)
     1    0.004608    0.034110    0.125050    4.366700 v _2170_/X (sky130_fd_sc_hd__and4_1)
                                                         _1660_ (net)
                      0.034124    0.000300    4.367000 v _2174_/A1 (sky130_fd_sc_hd__a31o_1)
     1    0.020525    0.079503    0.159117    4.526117 v _2174_/X (sky130_fd_sc_hd__a31o_1)
                                                         _1664_ (net)
                      0.079545    0.001667    4.527783 v _2175_/B (sky130_fd_sc_hd__nand2_2)
     1    0.005520    0.042927    0.066351    4.594134 ^ _2175_/Y (sky130_fd_sc_hd__nand2_2)
                                                         _1665_ (net)
                      0.042928    0.000413    4.594548 ^ fanout165/A (sky130_fd_sc_hd__buf_6)
     9    0.057073    0.090194    0.108543    4.703091 ^ fanout165/X (sky130_fd_sc_hd__buf_6)
                                                         net165 (net)
                      0.090233    0.001571    4.704662 ^ fanout163/A (sky130_fd_sc_hd__buf_8)
     5    0.027689    0.042659    0.083773    4.788435 ^ fanout163/X (sky130_fd_sc_hd__buf_8)
                                                         net163 (net)
                      0.042751    0.001550    4.789985 ^ _2176_/A1 (sky130_fd_sc_hd__o21a_4)
     6    0.053423    0.127873    0.150866    4.940851 ^ _2176_/X (sky130_fd_sc_hd__o21a_4)
                                                         _1666_ (net)
                      0.128208    0.005327    4.946178 ^ fanout161/A (sky130_fd_sc_hd__buf_8)
     5    0.041232    0.058741    0.095903    5.042081 ^ fanout161/X (sky130_fd_sc_hd__buf_8)
                                                         net161 (net)
                      0.059353    0.004758    5.046840 ^ _2556_/S (sky130_fd_sc_hd__mux2_4)
     1    0.002565    0.035025    0.180185    5.227025 v _2556_/X (sky130_fd_sc_hd__mux2_4)
                                                         _0741_ (net)
                      0.035025    0.000179    5.227204 v _4684_/D (sky130_fd_sc_hd__dfrtp_1)
                                              5.227204   data arrival time

                                 10.000000   10.000000   clock clk (rise edge)
                                  0.000000   10.000000   clock source latency
     1    0.042259    0.145176    0.102914   10.102915 ^ clk (in)
                                                         clk (net)
                      0.145348    0.000000   10.102915 ^ clkbuf_0_clk/A (sky130_fd_sc_hd__clkbuf_16)
     8    0.154888    0.130097    0.180536   10.283451 ^ clkbuf_0_clk/X (sky130_fd_sc_hd__clkbuf_16)
                                                         clknet_0_clk (net)
                      0.131621    0.011229   10.294680 ^ clkbuf_3_2__f_clk/A (sky130_fd_sc_hd__clkbuf_16)
    13    0.098604    0.089350    0.150534   10.445214 ^ clkbuf_3_2__f_clk/X (sky130_fd_sc_hd__clkbuf_16)
                                                         clknet_3_2__leaf_clk (net)
                      0.090866    0.009196   10.454411 ^ clkbuf_leaf_26_clk/A (sky130_fd_sc_hd__clkbuf_8)
     3    0.032146    0.052208    0.115288   10.569698 ^ clkbuf_leaf_26_clk/X (sky130_fd_sc_hd__clkbuf_8)
                                                         clknet_leaf_26_clk (net)
                      0.052275    0.000984   10.570683 ^ _4684_/CLK (sky130_fd_sc_hd__dfrtp_1)
                                 -0.250000   10.320683   clock uncertainty
                                  0.000000   10.320683   clock reconvergence pessimism
                                 -0.071573   10.249109   library setup time
                                             10.249109   data required time
---------------------------------------------------------------------------------------------
                                             10.249109   data required time
                                             -5.227204   data arrival time
---------------------------------------------------------------------------------------------
                                              5.021906   slack (MET)




===========================================================================
report_checks --slack_max -0.01
============================================================================
======================= max_ff_n40C_1v95 Corner ===================================

No paths found.


===========================================================================
 report_check_types -max_slew -max_cap -max_fanout -violators
============================================================================
======================= max_ff_n40C_1v95 Corner ===================================

max fanout

Pin                                   Limit Fanout  Slack
---------------------------------------------------------
wire237/X                                10     22    -12 (VIOLATED)
clkbuf_leaf_68_clk/X                     10     20    -10 (VIOLATED)
clkbuf_leaf_70_clk/X                     10     20    -10 (VIOLATED)
clkbuf_leaf_11_clk/X                     10     19     -9 (VIOLATED)
clkbuf_leaf_1_clk/X                      10     18     -8 (VIOLATED)
clkbuf_leaf_31_clk/X                     10     18     -8 (VIOLATED)
clkbuf_leaf_32_clk/X                     10     18     -8 (VIOLATED)
clkbuf_leaf_87_clk/X                     10     18     -8 (VIOLATED)
clkbuf_leaf_3_clk/X                      10     16     -6 (VIOLATED)
clkbuf_leaf_45_clk/X                     10     16     -6 (VIOLATED)
clkbuf_leaf_80_clk/X                     10     16     -6 (VIOLATED)
clkbuf_leaf_81_clk/X                     10     16     -6 (VIOLATED)
clkbuf_leaf_8_clk/X                      10     16     -6 (VIOLATED)
clkbuf_leaf_48_clk/X                     10     15     -5 (VIOLATED)
clkbuf_leaf_4_clk/X                      10     15     -5 (VIOLATED)
clkbuf_leaf_72_clk/X                     10     15     -5 (VIOLATED)
clkbuf_leaf_82_clk/X                     10     15     -5 (VIOLATED)
clkbuf_leaf_17_clk/X                     10     14     -4 (VIOLATED)
clkbuf_leaf_27_clk/X                     10     14     -4 (VIOLATED)
clkbuf_leaf_2_clk/X                      10     14     -4 (VIOLATED)
clkbuf_leaf_35_clk/X                     10     14     -4 (VIOLATED)
clkbuf_leaf_44_clk/X                     10     14     -4 (VIOLATED)
clkbuf_leaf_60_clk/X                     10     14     -4 (VIOLATED)
clkbuf_leaf_84_clk/X                     10     14     -4 (VIOLATED)
clkbuf_3_0__f_clk/X                      10     13     -3 (VIOLATED)
clkbuf_3_1__f_clk/X                      10     13     -3 (VIOLATED)
clkbuf_3_2__f_clk/X                      10     13     -3 (VIOLATED)
clkbuf_leaf_19_clk/X                     10     13     -3 (VIOLATED)
clkbuf_leaf_25_clk/X                     10     13     -3 (VIOLATED)
clkbuf_leaf_30_clk/X                     10     13     -3 (VIOLATED)
clkbuf_leaf_33_clk/X                     10     13     -3 (VIOLATED)
clkbuf_leaf_5_clk/X                      10     13     -3 (VIOLATED)
clkbuf_leaf_65_clk/X                     10     13     -3 (VIOLATED)
clkbuf_leaf_78_clk/X                     10     13     -3 (VIOLATED)
clkbuf_leaf_85_clk/X                     10     13     -3 (VIOLATED)
clkbuf_3_3__f_clk/X                      10     12     -2 (VIOLATED)
clkbuf_leaf_14_clk/X                     10     12     -2 (VIOLATED)
clkbuf_leaf_20_clk/X                     10     12     -2 (VIOLATED)
clkbuf_leaf_22_clk/X                     10     12     -2 (VIOLATED)
clkbuf_leaf_24_clk/X                     10     12     -2 (VIOLATED)
clkbuf_leaf_28_clk/X                     10     12     -2 (VIOLATED)
clkbuf_leaf_36_clk/X                     10     12     -2 (VIOLATED)
clkbuf_leaf_53_clk/X                     10     12     -2 (VIOLATED)
clkbuf_leaf_56_clk/X                     10     12     -2 (VIOLATED)
clkbuf_leaf_61_clk/X                     10     12     -2 (VIOLATED)
clkbuf_leaf_64_clk/X                     10     12     -2 (VIOLATED)
clkbuf_leaf_83_clk/X                     10     12     -2 (VIOLATED)
clkbuf_3_4__f_clk/X                      10     11        (VIOLATED)
clkbuf_3_5__f_clk/X                      10     11        (VIOLATED)
clkbuf_3_6__f_clk/X                      10     11        (VIOLATED)
clkbuf_3_7__f_clk/X                      10     11        (VIOLATED)
clkbuf_leaf_12_clk/X                     10     11        (VIOLATED)
clkbuf_leaf_13_clk/X                     10     11        (VIOLATED)
clkbuf_leaf_21_clk/X                     10     11        (VIOLATED)
clkbuf_leaf_49_clk/X                     10     11        (VIOLATED)
clkbuf_leaf_54_clk/X                     10     11        (VIOLATED)
clkbuf_leaf_67_clk/X                     10     11        (VIOLATED)
clkbuf_leaf_77_clk/X                     10     11        (VIOLATED)
clkbuf_leaf_86_clk/X                     10     11        (VIOLATED)
fanout272/X                              10     11        (VIOLATED)



===========================================================================
report_parasitic_annotation -report_unannotated
============================================================================
Found 108 unannotated drivers.
 clkload0/X
 clkload1/X
 clkload10/Y
 clkload11/Y
 clkload12/Y
 clkload13/Y
 clkload14/Y
 clkload15/Y
 clkload16/Y
 clkload17/Y
 clkload18/X
 clkload19/Y
 clkload2/Y
 clkload20/Y
 clkload21/Y
 clkload22/Y
 clkload23/Y
 clkload24/Y
 clkload25/Y
 clkload26/Y
 clkload27/X
 clkload28/X
 clkload29/Y
 clkload3/Y
 clkload30/Y
 clkload31/Y
 clkload32/X
 clkload33/Y
 clkload34/X
 clkload35/Y
 clkload36/X
 clkload37/Y
 clkload38/X
 clkload39/X
 clkload4/Y
 clkload40/Y
 clkload41/X
 clkload42/Y
 clkload43/Y
 clkload44/Y
 clkload45/Y
 clkload46/Y
 clkload47/Y
 clkload48/Y
 clkload49/Y
 clkload5/Y
 clkload50/Y
 clkload51/Y
 clkload52/Y
 clkload53/Y
 clkload54/Y
 clkload55/X
 clkload56/Y
 clkload57/Y
 clkload58/Y
 clkload59/Y
 clkload6/Y
 clkload60/Y
 clkload61/Y
 clkload62/Y
 clkload63/Y
 clkload64/Y
 clkload65/X
 clkload66/Y
 clkload67/Y
 clkload68/Y
 clkload69/Y
 clkload7/Y
 clkload70/Y
 clkload71/Y
 clkload72/Y
 clkload73/Y
 clkload74/Y
 clkload75/Y
 clkload76/Y
 clkload77/Y
 clkload78/Y
 clkload79/Y
 clkload8/X
 clkload80/X
 clkload81/X
 clkload82/Y
 clkload83/Y
 clkload84/Y
 clkload85/Y
 clkload9/Y
 lsu_wrapper_447/HI
 lsu_wrapper_448/HI
 lsu_wrapper_449/HI
 lsu_wrapper_450/HI
 lsu_wrapper_451/HI
 lsu_wrapper_452/HI
 lsu_wrapper_453/HI
 lsu_wrapper_454/HI
 lsu_wrapper_455/HI
 lsu_wrapper_456/HI
 lsu_wrapper_457/HI
 lsu_wrapper_458/HI
 lsu_wrapper_459/HI
 lsu_wrapper_460/HI
 lsu_wrapper_461/HI
 lsu_wrapper_462/HI
 lsu_wrapper_463/HI
 lsu_wrapper_464/HI
 lsu_wrapper_465/HI
 lsu_wrapper_466/HI
 lsu_wrapper_467/HI
 lsu_wrapper_468/HI
Found 0 partially unannotated drivers.

===========================================================================
max slew violation count 0
max fanout violation count 60
max cap violation count 0
============================================================================

===========================================================================
check_setup -verbose -unconstrained_endpoints -multiple_clock -no_clock -no_input_delay -loops -generated_clocks
===========================================================================
Warning: There are 22 unconstrained endpoints.
  store_data[10]
  store_data[11]
  store_data[12]
  store_data[13]
  store_data[14]
  store_data[15]
  store_data[16]
  store_data[17]
  store_data[18]
  store_data[19]
  store_data[20]
  store_data[21]
  store_data[22]
  store_data[23]
  store_data[24]
  store_data[25]
  store_data[26]
  store_data[27]
  store_data[28]
  store_data[29]
  store_data[30]
  store_data[31]
