Clock: clk
Sources: clk 
Generated: no
Virtual: yes
Propagated: no
Period: 10.000000

===========================================================================
report_clock_properties
============================================================================
Clock                   Period          Waveform
----------------------------------------------------
clk                  10.000000    0.000000  5.000000

===========================================================================
report_clock_latency
============================================================================
Clock clk
rise -> rise
    min     max
0.000000 0.000000 source latency
0.568090         network latency _4420_/CLK
        0.606966 network latency _4454_/CLK
---------------
0.568090 0.606966 latency
        0.038876 skew

fall -> fall
    min     max
0.000000 0.000000 source latency
0.483114         network latency _4420_/CLK
        0.510737 network latency _4454_/CLK
---------------
0.483114 0.510737 latency
        0.027623 skew



===========================================================================
report_clock_min_period
============================================================================
clk period_min = 2.79 fmax = 358.33
