Clock: clk
Sources: clk 
Generated: no
Virtual: yes
Propagated: no
Period: 10.000000

===========================================================================
report_clock_properties
============================================================================
Clock                   Period          Waveform
----------------------------------------------------
clk                  10.000000    0.000000  5.000000

===========================================================================
report_clock_latency
============================================================================
Clock clk
rise -> rise
    min     max
0.000000 0.000000 source latency
0.529773         network latency _4420_/CLK
        0.561525 network latency _4454_/CLK
---------------
0.529773 0.561525 latency
        0.031752 skew

fall -> fall
    min     max
0.000000 0.000000 source latency
0.453624         network latency _4901_/CLK
        0.475577 network latency _4454_/CLK
---------------
0.453624 0.475577 latency
        0.021953 skew



===========================================================================
report_clock_min_period
============================================================================
clk period_min = 2.68 fmax = 373.22
