
===========================================================================
 report_power
============================================================================
======================= min_ff_n40C_1v95 Corner ===================================

Group                    Internal    Switching      Leakage        Total
                            Power        Power        Power        Power (Watts)
------------------------------------------------------------------------
Sequential           6.439812e-03 1.138926e-03 1.363078e-08 7.578751e-03  36.0%
Combinational        6.038624e-03 4.086215e-03 3.767847e-08 1.012488e-02  48.1%
Clock                1.571871e-03 1.752491e-03 1.216556e-08 3.324374e-03  15.8%
Macro                0.000000e+00 0.000000e+00 0.000000e+00 0.000000e+00   0.0%
Pad                  0.000000e+00 0.000000e+00 0.000000e+00 0.000000e+00   0.0%
------------------------------------------------------------------------
Total                1.405032e-02 6.977628e-03 6.347476e-08 2.102801e-02 100.0%
                            66.8%        33.2%         0.0%

