
 /----------------------------------------------------------------------------\
 |  yosys -- Yosys Open SYnthesis Suite                                       |
 |  Copyright (C) 2012 - 2024  Claire Xenia Wolf <claire@yosyshq.com>         |
 |  Distributed under an ISC-like license, type "license" to see terms        |
 \----------------------------------------------------------------------------/
 Yosys 0.46 (git sha1 e97731b9dda91fa5fa53ed87df7c34163ba59a41, clang++ 17.0.6 -fPIC -O3)
Loaded SDC plugin

1. Executing Verilog-2005 frontend: /home/rodrialves/MSc/design_runs/lsu_acc/runs/RUN_2025-06-21_22-15-54/tmp/c8b30396989c4c488434f1f3d2010b97.bb.v
Parsing SystemVerilog input from `/home/rodrialves/MSc/design_runs/lsu_acc/runs/RUN_2025-06-21_22-15-54/tmp/c8b30396989c4c488434f1f3d2010b97.bb.v' to AST representation.
Generating RTLIL representation for module `\sky130_ef_sc_hd__decap_12'.
Generating RTLIL representation for module `\sky130_ef_sc_hd__fill_12'.
Generating RTLIL representation for module `\sky130_ef_sc_hd__fill_4'.
Generating RTLIL representation for module `\sky130_ef_sc_hd__fill_8'.
Generating RTLIL representation for module `\sky130_fd_sc_hd__a2111o_1'.
Generating RTLIL representation for module `\sky130_fd_sc_hd__a2111o_2'.
Generating RTLIL representation for module `\sky130_fd_sc_hd__a2111o_4'.
Generating RTLIL representation for module `\sky130_fd_sc_hd__a2111oi_0'.
Generating RTLIL representation for module `\sky130_fd_sc_hd__a2111oi_1'.
Generating RTLIL representation for module `\sky130_fd_sc_hd__a2111oi_2'.
Generating RTLIL representation for module `\sky130_fd_sc_hd__a2111oi_4'.
Generating RTLIL representation for module `\sky130_fd_sc_hd__a211o_1'.
Generating RTLIL representation for module `\sky130_fd_sc_hd__a211o_2'.
Generating RTLIL representation for module `\sky130_fd_sc_hd__a211o_4'.
Generating RTLIL representation for module `\sky130_fd_sc_hd__a211oi_1'.
Generating RTLIL representation for module `\sky130_fd_sc_hd__a211oi_2'.
Generating RTLIL representation for module `\sky130_fd_sc_hd__a211oi_4'.
Generating RTLIL representation for module `\sky130_fd_sc_hd__a21bo_1'.
Generating RTLIL representation for module `\sky130_fd_sc_hd__a21bo_2'.
Generating RTLIL representation for module `\sky130_fd_sc_hd__a21bo_4'.
Generating RTLIL representation for module `\sky130_fd_sc_hd__a21boi_0'.
Generating RTLIL representation for module `\sky130_fd_sc_hd__a21boi_1'.
Generating RTLIL representation for module `\sky130_fd_sc_hd__a21boi_2'.
Generating RTLIL representation for module `\sky130_fd_sc_hd__a21boi_4'.
Generating RTLIL representation for module `\sky130_fd_sc_hd__a21o_1'.
Generating RTLIL representation for module `\sky130_fd_sc_hd__a21o_2'.
Generating RTLIL representation for module `\sky130_fd_sc_hd__a21o_4'.
Generating RTLIL representation for module `\sky130_fd_sc_hd__a21oi_1'.
Generating RTLIL representation for module `\sky130_fd_sc_hd__a21oi_2'.
Generating RTLIL representation for module `\sky130_fd_sc_hd__a21oi_4'.
Generating RTLIL representation for module `\sky130_fd_sc_hd__a221o_1'.
Generating RTLIL representation for module `\sky130_fd_sc_hd__a221o_2'.
Generating RTLIL representation for module `\sky130_fd_sc_hd__a221o_4'.
Generating RTLIL representation for module `\sky130_fd_sc_hd__a221oi_1'.
Generating RTLIL representation for module `\sky130_fd_sc_hd__a221oi_2'.
Generating RTLIL representation for module `\sky130_fd_sc_hd__a221oi_4'.
Generating RTLIL representation for module `\sky130_fd_sc_hd__a222oi_1'.
Generating RTLIL representation for module `\sky130_fd_sc_hd__a22o_1'.
Generating RTLIL representation for module `\sky130_fd_sc_hd__a22o_2'.
Generating RTLIL representation for module `\sky130_fd_sc_hd__a22o_4'.
Generating RTLIL representation for module `\sky130_fd_sc_hd__a22oi_1'.
Generating RTLIL representation for module `\sky130_fd_sc_hd__a22oi_2'.
Generating RTLIL representation for module `\sky130_fd_sc_hd__a22oi_4'.
Generating RTLIL representation for module `\sky130_fd_sc_hd__a2bb2o_1'.
Generating RTLIL representation for module `\sky130_fd_sc_hd__a2bb2o_2'.
Generating RTLIL representation for module `\sky130_fd_sc_hd__a2bb2o_4'.
Generating RTLIL representation for module `\sky130_fd_sc_hd__a2bb2oi_1'.
Generating RTLIL representation for module `\sky130_fd_sc_hd__a2bb2oi_2'.
Generating RTLIL representation for module `\sky130_fd_sc_hd__a2bb2oi_4'.
Generating RTLIL representation for module `\sky130_fd_sc_hd__a311o_1'.
Generating RTLIL representation for module `\sky130_fd_sc_hd__a311o_2'.
Generating RTLIL representation for module `\sky130_fd_sc_hd__a311o_4'.
Generating RTLIL representation for module `\sky130_fd_sc_hd__a311oi_1'.
Generating RTLIL representation for module `\sky130_fd_sc_hd__a311oi_2'.
Generating RTLIL representation for module `\sky130_fd_sc_hd__a311oi_4'.
Generating RTLIL representation for module `\sky130_fd_sc_hd__a31o_1'.
Generating RTLIL representation for module `\sky130_fd_sc_hd__a31o_2'.
Generating RTLIL representation for module `\sky130_fd_sc_hd__a31o_4'.
Generating RTLIL representation for module `\sky130_fd_sc_hd__a31oi_1'.
Generating RTLIL representation for module `\sky130_fd_sc_hd__a31oi_2'.
Generating RTLIL representation for module `\sky130_fd_sc_hd__a31oi_4'.
Generating RTLIL representation for module `\sky130_fd_sc_hd__a32o_1'.
Generating RTLIL representation for module `\sky130_fd_sc_hd__a32o_2'.
Generating RTLIL representation for module `\sky130_fd_sc_hd__a32o_4'.
Generating RTLIL representation for module `\sky130_fd_sc_hd__a32oi_1'.
Generating RTLIL representation for module `\sky130_fd_sc_hd__a32oi_2'.
Generating RTLIL representation for module `\sky130_fd_sc_hd__a32oi_4'.
Generating RTLIL representation for module `\sky130_fd_sc_hd__a41o_1'.
Generating RTLIL representation for module `\sky130_fd_sc_hd__a41o_2'.
Generating RTLIL representation for module `\sky130_fd_sc_hd__a41o_4'.
Generating RTLIL representation for module `\sky130_fd_sc_hd__a41oi_1'.
Generating RTLIL representation for module `\sky130_fd_sc_hd__a41oi_2'.
Generating RTLIL representation for module `\sky130_fd_sc_hd__a41oi_4'.
Generating RTLIL representation for module `\sky130_fd_sc_hd__and2_0'.
Generating RTLIL representation for module `\sky130_fd_sc_hd__and2_1'.
Generating RTLIL representation for module `\sky130_fd_sc_hd__and2_2'.
Generating RTLIL representation for module `\sky130_fd_sc_hd__and2_4'.
Generating RTLIL representation for module `\sky130_fd_sc_hd__and2b_1'.
Generating RTLIL representation for module `\sky130_fd_sc_hd__and2b_2'.
Generating RTLIL representation for module `\sky130_fd_sc_hd__and2b_4'.
Generating RTLIL representation for module `\sky130_fd_sc_hd__and3_1'.
Generating RTLIL representation for module `\sky130_fd_sc_hd__and3_2'.
Generating RTLIL representation for module `\sky130_fd_sc_hd__and3_4'.
Generating RTLIL representation for module `\sky130_fd_sc_hd__and3b_1'.
Generating RTLIL representation for module `\sky130_fd_sc_hd__and3b_2'.
Generating RTLIL representation for module `\sky130_fd_sc_hd__and3b_4'.
Generating RTLIL representation for module `\sky130_fd_sc_hd__and4_1'.
Generating RTLIL representation for module `\sky130_fd_sc_hd__and4_2'.
Generating RTLIL representation for module `\sky130_fd_sc_hd__and4_4'.
Generating RTLIL representation for module `\sky130_fd_sc_hd__and4b_1'.
Generating RTLIL representation for module `\sky130_fd_sc_hd__and4b_2'.
Generating RTLIL representation for module `\sky130_fd_sc_hd__and4b_4'.
Generating RTLIL representation for module `\sky130_fd_sc_hd__and4bb_1'.
Generating RTLIL representation for module `\sky130_fd_sc_hd__and4bb_2'.
Generating RTLIL representation for module `\sky130_fd_sc_hd__and4bb_4'.
Generating RTLIL representation for module `\sky130_fd_sc_hd__buf_1'.
Generating RTLIL representation for module `\sky130_fd_sc_hd__buf_12'.
Generating RTLIL representation for module `\sky130_fd_sc_hd__buf_16'.
Generating RTLIL representation for module `\sky130_fd_sc_hd__buf_2'.
Generating RTLIL representation for module `\sky130_fd_sc_hd__buf_4'.
Generating RTLIL representation for module `\sky130_fd_sc_hd__buf_6'.
Generating RTLIL representation for module `\sky130_fd_sc_hd__buf_8'.
Generating RTLIL representation for module `\sky130_fd_sc_hd__bufbuf_16'.
Generating RTLIL representation for module `\sky130_fd_sc_hd__bufbuf_8'.
Generating RTLIL representation for module `\sky130_fd_sc_hd__bufinv_16'.
Generating RTLIL representation for module `\sky130_fd_sc_hd__bufinv_8'.
Generating RTLIL representation for module `\sky130_fd_sc_hd__clkbuf_1'.
Generating RTLIL representation for module `\sky130_fd_sc_hd__clkbuf_16'.
Generating RTLIL representation for module `\sky130_fd_sc_hd__clkbuf_2'.
Generating RTLIL representation for module `\sky130_fd_sc_hd__clkbuf_4'.
Generating RTLIL representation for module `\sky130_fd_sc_hd__clkbuf_8'.
Generating RTLIL representation for module `\sky130_fd_sc_hd__clkdlybuf4s15_1'.
Generating RTLIL representation for module `\sky130_fd_sc_hd__clkdlybuf4s15_2'.
Generating RTLIL representation for module `\sky130_fd_sc_hd__clkdlybuf4s18_1'.
Generating RTLIL representation for module `\sky130_fd_sc_hd__clkdlybuf4s18_2'.
Generating RTLIL representation for module `\sky130_fd_sc_hd__clkdlybuf4s25_1'.
Generating RTLIL representation for module `\sky130_fd_sc_hd__clkdlybuf4s25_2'.
Generating RTLIL representation for module `\sky130_fd_sc_hd__clkdlybuf4s50_1'.
Generating RTLIL representation for module `\sky130_fd_sc_hd__clkdlybuf4s50_2'.
Generating RTLIL representation for module `\sky130_fd_sc_hd__clkinv_1'.
Generating RTLIL representation for module `\sky130_fd_sc_hd__clkinv_16'.
Generating RTLIL representation for module `\sky130_fd_sc_hd__clkinv_2'.
Generating RTLIL representation for module `\sky130_fd_sc_hd__clkinv_4'.
Generating RTLIL representation for module `\sky130_fd_sc_hd__clkinv_8'.
Generating RTLIL representation for module `\sky130_fd_sc_hd__clkinvlp_2'.
Generating RTLIL representation for module `\sky130_fd_sc_hd__clkinvlp_4'.
Generating RTLIL representation for module `\sky130_fd_sc_hd__conb_1'.
Generating RTLIL representation for module `\sky130_fd_sc_hd__decap_12'.
Generating RTLIL representation for module `\sky130_fd_sc_hd__decap_3'.
Generating RTLIL representation for module `\sky130_fd_sc_hd__decap_4'.
Generating RTLIL representation for module `\sky130_fd_sc_hd__decap_6'.
Generating RTLIL representation for module `\sky130_fd_sc_hd__decap_8'.
Generating RTLIL representation for module `\sky130_fd_sc_hd__dfbbn_1'.
Generating RTLIL representation for module `\sky130_fd_sc_hd__dfbbn_2'.
Generating RTLIL representation for module `\sky130_fd_sc_hd__dfbbp_1'.
Generating RTLIL representation for module `\sky130_fd_sc_hd__dfrbp_1'.
Generating RTLIL representation for module `\sky130_fd_sc_hd__dfrbp_2'.
Generating RTLIL representation for module `\sky130_fd_sc_hd__dfrtn_1'.
Generating RTLIL representation for module `\sky130_fd_sc_hd__dfrtp_1'.
Generating RTLIL representation for module `\sky130_fd_sc_hd__dfrtp_2'.
Generating RTLIL representation for module `\sky130_fd_sc_hd__dfrtp_4'.
Generating RTLIL representation for module `\sky130_fd_sc_hd__dfsbp_1'.
Generating RTLIL representation for module `\sky130_fd_sc_hd__dfsbp_2'.
Generating RTLIL representation for module `\sky130_fd_sc_hd__dfstp_1'.
Generating RTLIL representation for module `\sky130_fd_sc_hd__dfstp_2'.
Generating RTLIL representation for module `\sky130_fd_sc_hd__dfstp_4'.
Generating RTLIL representation for module `\sky130_fd_sc_hd__dfxbp_1'.
Generating RTLIL representation for module `\sky130_fd_sc_hd__dfxbp_2'.
Generating RTLIL representation for module `\sky130_fd_sc_hd__dfxtp_1'.
Generating RTLIL representation for module `\sky130_fd_sc_hd__dfxtp_2'.
Generating RTLIL representation for module `\sky130_fd_sc_hd__dfxtp_4'.
Generating RTLIL representation for module `\sky130_fd_sc_hd__diode_2'.
Generating RTLIL representation for module `\sky130_fd_sc_hd__dlclkp_1'.
Generating RTLIL representation for module `\sky130_fd_sc_hd__dlclkp_2'.
Generating RTLIL representation for module `\sky130_fd_sc_hd__dlclkp_4'.
Generating RTLIL representation for module `\sky130_fd_sc_hd__dlrbn_1'.
Generating RTLIL representation for module `\sky130_fd_sc_hd__dlrbn_2'.
Generating RTLIL representation for module `\sky130_fd_sc_hd__dlrbp_1'.
Generating RTLIL representation for module `\sky130_fd_sc_hd__dlrbp_2'.
Generating RTLIL representation for module `\sky130_fd_sc_hd__dlrtn_1'.
Generating RTLIL representation for module `\sky130_fd_sc_hd__dlrtn_2'.
Generating RTLIL representation for module `\sky130_fd_sc_hd__dlrtn_4'.
Generating RTLIL representation for module `\sky130_fd_sc_hd__dlrtp_1'.
Generating RTLIL representation for module `\sky130_fd_sc_hd__dlrtp_2'.
Generating RTLIL representation for module `\sky130_fd_sc_hd__dlrtp_4'.
Generating RTLIL representation for module `\sky130_fd_sc_hd__dlxbn_1'.
Generating RTLIL representation for module `\sky130_fd_sc_hd__dlxbn_2'.
Generating RTLIL representation for module `\sky130_fd_sc_hd__dlxbp_1'.
Generating RTLIL representation for module `\sky130_fd_sc_hd__dlxtn_1'.
Generating RTLIL representation for module `\sky130_fd_sc_hd__dlxtn_2'.
Generating RTLIL representation for module `\sky130_fd_sc_hd__dlxtn_4'.
Generating RTLIL representation for module `\sky130_fd_sc_hd__dlxtp_1'.
Generating RTLIL representation for module `\sky130_fd_sc_hd__dlygate4sd1_1'.
Generating RTLIL representation for module `\sky130_fd_sc_hd__dlygate4sd2_1'.
Generating RTLIL representation for module `\sky130_fd_sc_hd__dlygate4sd3_1'.
Generating RTLIL representation for module `\sky130_fd_sc_hd__dlymetal6s2s_1'.
Generating RTLIL representation for module `\sky130_fd_sc_hd__dlymetal6s4s_1'.
Generating RTLIL representation for module `\sky130_fd_sc_hd__dlymetal6s6s_1'.
Generating RTLIL representation for module `\sky130_fd_sc_hd__ebufn_1'.
Generating RTLIL representation for module `\sky130_fd_sc_hd__ebufn_2'.
Generating RTLIL representation for module `\sky130_fd_sc_hd__ebufn_4'.
Generating RTLIL representation for module `\sky130_fd_sc_hd__ebufn_8'.
Generating RTLIL representation for module `\sky130_fd_sc_hd__edfxbp_1'.
Generating RTLIL representation for module `\sky130_fd_sc_hd__edfxtp_1'.
Generating RTLIL representation for module `\sky130_fd_sc_hd__einvn_0'.
Generating RTLIL representation for module `\sky130_fd_sc_hd__einvn_1'.
Generating RTLIL representation for module `\sky130_fd_sc_hd__einvn_2'.
Generating RTLIL representation for module `\sky130_fd_sc_hd__einvn_4'.
Generating RTLIL representation for module `\sky130_fd_sc_hd__einvn_8'.
Generating RTLIL representation for module `\sky130_fd_sc_hd__einvp_1'.
Generating RTLIL representation for module `\sky130_fd_sc_hd__einvp_2'.
Generating RTLIL representation for module `\sky130_fd_sc_hd__einvp_4'.
Generating RTLIL representation for module `\sky130_fd_sc_hd__einvp_8'.
Generating RTLIL representation for module `\sky130_fd_sc_hd__fa_1'.
Generating RTLIL representation for module `\sky130_fd_sc_hd__fa_2'.
Generating RTLIL representation for module `\sky130_fd_sc_hd__fa_4'.
Generating RTLIL representation for module `\sky130_fd_sc_hd__fah_1'.
Generating RTLIL representation for module `\sky130_fd_sc_hd__fahcin_1'.
Generating RTLIL representation for module `\sky130_fd_sc_hd__fahcon_1'.
Generating RTLIL representation for module `\sky130_fd_sc_hd__fill_1'.
Generating RTLIL representation for module `\sky130_fd_sc_hd__fill_2'.
Generating RTLIL representation for module `\sky130_fd_sc_hd__fill_4'.
Generating RTLIL representation for module `\sky130_fd_sc_hd__fill_8'.
Generating RTLIL representation for module `\sky130_fd_sc_hd__ha_1'.
Generating RTLIL representation for module `\sky130_fd_sc_hd__ha_2'.
Generating RTLIL representation for module `\sky130_fd_sc_hd__ha_4'.
Generating RTLIL representation for module `\sky130_fd_sc_hd__inv_1'.
Generating RTLIL representation for module `\sky130_fd_sc_hd__inv_12'.
Generating RTLIL representation for module `\sky130_fd_sc_hd__inv_16'.
Generating RTLIL representation for module `\sky130_fd_sc_hd__inv_2'.
Generating RTLIL representation for module `\sky130_fd_sc_hd__inv_4'.
Generating RTLIL representation for module `\sky130_fd_sc_hd__inv_6'.
Generating RTLIL representation for module `\sky130_fd_sc_hd__inv_8'.
Generating RTLIL representation for module `\sky130_fd_sc_hd__lpflow_bleeder_1'.
Generating RTLIL representation for module `\sky130_fd_sc_hd__lpflow_clkbufkapwr_1'.
Generating RTLIL representation for module `\sky130_fd_sc_hd__lpflow_clkbufkapwr_16'.
Generating RTLIL representation for module `\sky130_fd_sc_hd__lpflow_clkbufkapwr_2'.
Generating RTLIL representation for module `\sky130_fd_sc_hd__lpflow_clkbufkapwr_4'.
Generating RTLIL representation for module `\sky130_fd_sc_hd__lpflow_clkbufkapwr_8'.
Generating RTLIL representation for module `\sky130_fd_sc_hd__lpflow_clkinvkapwr_1'.
Generating RTLIL representation for module `\sky130_fd_sc_hd__lpflow_clkinvkapwr_16'.
Generating RTLIL representation for module `\sky130_fd_sc_hd__lpflow_clkinvkapwr_2'.
Generating RTLIL representation for module `\sky130_fd_sc_hd__lpflow_clkinvkapwr_4'.
Generating RTLIL representation for module `\sky130_fd_sc_hd__lpflow_clkinvkapwr_8'.
Generating RTLIL representation for module `\sky130_fd_sc_hd__lpflow_decapkapwr_12'.
Generating RTLIL representation for module `\sky130_fd_sc_hd__lpflow_decapkapwr_3'.
Generating RTLIL representation for module `\sky130_fd_sc_hd__lpflow_decapkapwr_4'.
Generating RTLIL representation for module `\sky130_fd_sc_hd__lpflow_decapkapwr_6'.
Generating RTLIL representation for module `\sky130_fd_sc_hd__lpflow_decapkapwr_8'.
Generating RTLIL representation for module `\sky130_fd_sc_hd__lpflow_inputiso0n_1'.
Generating RTLIL representation for module `\sky130_fd_sc_hd__lpflow_inputiso0p_1'.
Generating RTLIL representation for module `\sky130_fd_sc_hd__lpflow_inputiso1n_1'.
Generating RTLIL representation for module `\sky130_fd_sc_hd__lpflow_inputiso1p_1'.
Generating RTLIL representation for module `\sky130_fd_sc_hd__lpflow_inputisolatch_1'.
Generating RTLIL representation for module `\sky130_fd_sc_hd__lpflow_isobufsrc_1'.
Generating RTLIL representation for module `\sky130_fd_sc_hd__lpflow_isobufsrc_16'.
Generating RTLIL representation for module `\sky130_fd_sc_hd__lpflow_isobufsrc_2'.
Generating RTLIL representation for module `\sky130_fd_sc_hd__lpflow_isobufsrc_4'.
Generating RTLIL representation for module `\sky130_fd_sc_hd__lpflow_isobufsrc_8'.
Generating RTLIL representation for module `\sky130_fd_sc_hd__lpflow_isobufsrckapwr_16'.
Generating RTLIL representation for module `\sky130_fd_sc_hd__lpflow_lsbuf_lh_hl_isowell_tap_1'.
Generating RTLIL representation for module `\sky130_fd_sc_hd__lpflow_lsbuf_lh_hl_isowell_tap_2'.
Generating RTLIL representation for module `\sky130_fd_sc_hd__lpflow_lsbuf_lh_hl_isowell_tap_4'.
Generating RTLIL representation for module `\sky130_fd_sc_hd__lpflow_lsbuf_lh_isowell_4'.
Generating RTLIL representation for module `\sky130_fd_sc_hd__lpflow_lsbuf_lh_isowell_tap_1'.
Generating RTLIL representation for module `\sky130_fd_sc_hd__lpflow_lsbuf_lh_isowell_tap_2'.
Generating RTLIL representation for module `\sky130_fd_sc_hd__lpflow_lsbuf_lh_isowell_tap_4'.
Generating RTLIL representation for module `\sky130_fd_sc_hd__macro_sparecell'.
Generating RTLIL representation for module `\sky130_fd_sc_hd__maj3_1'.
Generating RTLIL representation for module `\sky130_fd_sc_hd__maj3_2'.
Generating RTLIL representation for module `\sky130_fd_sc_hd__maj3_4'.
Generating RTLIL representation for module `\sky130_fd_sc_hd__mux2_1'.
Generating RTLIL representation for module `\sky130_fd_sc_hd__mux2_2'.
Generating RTLIL representation for module `\sky130_fd_sc_hd__mux2_4'.
Generating RTLIL representation for module `\sky130_fd_sc_hd__mux2_8'.
Generating RTLIL representation for module `\sky130_fd_sc_hd__mux2i_1'.
Generating RTLIL representation for module `\sky130_fd_sc_hd__mux2i_2'.
Generating RTLIL representation for module `\sky130_fd_sc_hd__mux2i_4'.
Generating RTLIL representation for module `\sky130_fd_sc_hd__mux4_1'.
Generating RTLIL representation for module `\sky130_fd_sc_hd__mux4_2'.
Generating RTLIL representation for module `\sky130_fd_sc_hd__mux4_4'.
Generating RTLIL representation for module `\sky130_fd_sc_hd__nand2_1'.
Generating RTLIL representation for module `\sky130_fd_sc_hd__nand2_2'.
Generating RTLIL representation for module `\sky130_fd_sc_hd__nand2_4'.
Generating RTLIL representation for module `\sky130_fd_sc_hd__nand2_8'.
Generating RTLIL representation for module `\sky130_fd_sc_hd__nand2b_1'.
Generating RTLIL representation for module `\sky130_fd_sc_hd__nand2b_2'.
Generating RTLIL representation for module `\sky130_fd_sc_hd__nand2b_4'.
Generating RTLIL representation for module `\sky130_fd_sc_hd__nand3_1'.
Generating RTLIL representation for module `\sky130_fd_sc_hd__nand3_2'.
Generating RTLIL representation for module `\sky130_fd_sc_hd__nand3_4'.
Generating RTLIL representation for module `\sky130_fd_sc_hd__nand3b_1'.
Generating RTLIL representation for module `\sky130_fd_sc_hd__nand3b_2'.
Generating RTLIL representation for module `\sky130_fd_sc_hd__nand3b_4'.
Generating RTLIL representation for module `\sky130_fd_sc_hd__nand4_1'.
Generating RTLIL representation for module `\sky130_fd_sc_hd__nand4_2'.
Generating RTLIL representation for module `\sky130_fd_sc_hd__nand4_4'.
Generating RTLIL representation for module `\sky130_fd_sc_hd__nand4b_1'.
Generating RTLIL representation for module `\sky130_fd_sc_hd__nand4b_2'.
Generating RTLIL representation for module `\sky130_fd_sc_hd__nand4b_4'.
Generating RTLIL representation for module `\sky130_fd_sc_hd__nand4bb_1'.
Generating RTLIL representation for module `\sky130_fd_sc_hd__nand4bb_2'.
Generating RTLIL representation for module `\sky130_fd_sc_hd__nand4bb_4'.
Generating RTLIL representation for module `\sky130_fd_sc_hd__nor2_1'.
Generating RTLIL representation for module `\sky130_fd_sc_hd__nor2_2'.
Generating RTLIL representation for module `\sky130_fd_sc_hd__nor2_4'.
Generating RTLIL representation for module `\sky130_fd_sc_hd__nor2_8'.
Generating RTLIL representation for module `\sky130_fd_sc_hd__nor2b_1'.
Generating RTLIL representation for module `\sky130_fd_sc_hd__nor2b_2'.
Generating RTLIL representation for module `\sky130_fd_sc_hd__nor2b_4'.
Generating RTLIL representation for module `\sky130_fd_sc_hd__nor3_1'.
Generating RTLIL representation for module `\sky130_fd_sc_hd__nor3_2'.
Generating RTLIL representation for module `\sky130_fd_sc_hd__nor3_4'.
Generating RTLIL representation for module `\sky130_fd_sc_hd__nor3b_1'.
Generating RTLIL representation for module `\sky130_fd_sc_hd__nor3b_2'.
Generating RTLIL representation for module `\sky130_fd_sc_hd__nor3b_4'.
Generating RTLIL representation for module `\sky130_fd_sc_hd__nor4_1'.
Generating RTLIL representation for module `\sky130_fd_sc_hd__nor4_2'.
Generating RTLIL representation for module `\sky130_fd_sc_hd__nor4_4'.
Generating RTLIL representation for module `\sky130_fd_sc_hd__nor4b_1'.
Generating RTLIL representation for module `\sky130_fd_sc_hd__nor4b_2'.
Generating RTLIL representation for module `\sky130_fd_sc_hd__nor4b_4'.
Generating RTLIL representation for module `\sky130_fd_sc_hd__nor4bb_1'.
Generating RTLIL representation for module `\sky130_fd_sc_hd__nor4bb_2'.
Generating RTLIL representation for module `\sky130_fd_sc_hd__nor4bb_4'.
Generating RTLIL representation for module `\sky130_fd_sc_hd__o2111a_1'.
Generating RTLIL representation for module `\sky130_fd_sc_hd__o2111a_2'.
Generating RTLIL representation for module `\sky130_fd_sc_hd__o2111a_4'.
Generating RTLIL representation for module `\sky130_fd_sc_hd__o2111ai_1'.
Generating RTLIL representation for module `\sky130_fd_sc_hd__o2111ai_2'.
Generating RTLIL representation for module `\sky130_fd_sc_hd__o2111ai_4'.
Generating RTLIL representation for module `\sky130_fd_sc_hd__o211a_1'.
Generating RTLIL representation for module `\sky130_fd_sc_hd__o211a_2'.
Generating RTLIL representation for module `\sky130_fd_sc_hd__o211a_4'.
Generating RTLIL representation for module `\sky130_fd_sc_hd__o211ai_1'.
Generating RTLIL representation for module `\sky130_fd_sc_hd__o211ai_2'.
Generating RTLIL representation for module `\sky130_fd_sc_hd__o211ai_4'.
Generating RTLIL representation for module `\sky130_fd_sc_hd__o21a_1'.
Generating RTLIL representation for module `\sky130_fd_sc_hd__o21a_2'.
Generating RTLIL representation for module `\sky130_fd_sc_hd__o21a_4'.
Generating RTLIL representation for module `\sky130_fd_sc_hd__o21ai_0'.
Generating RTLIL representation for module `\sky130_fd_sc_hd__o21ai_1'.
Generating RTLIL representation for module `\sky130_fd_sc_hd__o21ai_2'.
Generating RTLIL representation for module `\sky130_fd_sc_hd__o21ai_4'.
Generating RTLIL representation for module `\sky130_fd_sc_hd__o21ba_1'.
Generating RTLIL representation for module `\sky130_fd_sc_hd__o21ba_2'.
Generating RTLIL representation for module `\sky130_fd_sc_hd__o21ba_4'.
Generating RTLIL representation for module `\sky130_fd_sc_hd__o21bai_1'.
Generating RTLIL representation for module `\sky130_fd_sc_hd__o21bai_2'.
Generating RTLIL representation for module `\sky130_fd_sc_hd__o21bai_4'.
Generating RTLIL representation for module `\sky130_fd_sc_hd__o221a_1'.
Generating RTLIL representation for module `\sky130_fd_sc_hd__o221a_2'.
Generating RTLIL representation for module `\sky130_fd_sc_hd__o221a_4'.
Generating RTLIL representation for module `\sky130_fd_sc_hd__o221ai_1'.
Generating RTLIL representation for module `\sky130_fd_sc_hd__o221ai_2'.
Generating RTLIL representation for module `\sky130_fd_sc_hd__o221ai_4'.
Generating RTLIL representation for module `\sky130_fd_sc_hd__o22a_1'.
Generating RTLIL representation for module `\sky130_fd_sc_hd__o22a_2'.
Generating RTLIL representation for module `\sky130_fd_sc_hd__o22a_4'.
Generating RTLIL representation for module `\sky130_fd_sc_hd__o22ai_1'.
Generating RTLIL representation for module `\sky130_fd_sc_hd__o22ai_2'.
Generating RTLIL representation for module `\sky130_fd_sc_hd__o22ai_4'.
Generating RTLIL representation for module `\sky130_fd_sc_hd__o2bb2a_1'.
Generating RTLIL representation for module `\sky130_fd_sc_hd__o2bb2a_2'.
Generating RTLIL representation for module `\sky130_fd_sc_hd__o2bb2a_4'.
Generating RTLIL representation for module `\sky130_fd_sc_hd__o2bb2ai_1'.
Generating RTLIL representation for module `\sky130_fd_sc_hd__o2bb2ai_2'.
Generating RTLIL representation for module `\sky130_fd_sc_hd__o2bb2ai_4'.
Generating RTLIL representation for module `\sky130_fd_sc_hd__o311a_1'.
Generating RTLIL representation for module `\sky130_fd_sc_hd__o311a_2'.
Generating RTLIL representation for module `\sky130_fd_sc_hd__o311a_4'.
Generating RTLIL representation for module `\sky130_fd_sc_hd__o311ai_0'.
Generating RTLIL representation for module `\sky130_fd_sc_hd__o311ai_1'.
Generating RTLIL representation for module `\sky130_fd_sc_hd__o311ai_2'.
Generating RTLIL representation for module `\sky130_fd_sc_hd__o311ai_4'.
Generating RTLIL representation for module `\sky130_fd_sc_hd__o31a_1'.
Generating RTLIL representation for module `\sky130_fd_sc_hd__o31a_2'.
Generating RTLIL representation for module `\sky130_fd_sc_hd__o31a_4'.
Generating RTLIL representation for module `\sky130_fd_sc_hd__o31ai_1'.
Generating RTLIL representation for module `\sky130_fd_sc_hd__o31ai_2'.
Generating RTLIL representation for module `\sky130_fd_sc_hd__o31ai_4'.
Generating RTLIL representation for module `\sky130_fd_sc_hd__o32a_1'.
Generating RTLIL representation for module `\sky130_fd_sc_hd__o32a_2'.
Generating RTLIL representation for module `\sky130_fd_sc_hd__o32a_4'.
Generating RTLIL representation for module `\sky130_fd_sc_hd__o32ai_1'.
Generating RTLIL representation for module `\sky130_fd_sc_hd__o32ai_2'.
Generating RTLIL representation for module `\sky130_fd_sc_hd__o32ai_4'.
Generating RTLIL representation for module `\sky130_fd_sc_hd__o41a_1'.
Generating RTLIL representation for module `\sky130_fd_sc_hd__o41a_2'.
Generating RTLIL representation for module `\sky130_fd_sc_hd__o41a_4'.
Generating RTLIL representation for module `\sky130_fd_sc_hd__o41ai_1'.
Generating RTLIL representation for module `\sky130_fd_sc_hd__o41ai_2'.
Generating RTLIL representation for module `\sky130_fd_sc_hd__o41ai_4'.
Generating RTLIL representation for module `\sky130_fd_sc_hd__or2_0'.
Generating RTLIL representation for module `\sky130_fd_sc_hd__or2_1'.
Generating RTLIL representation for module `\sky130_fd_sc_hd__or2_2'.
Generating RTLIL representation for module `\sky130_fd_sc_hd__or2_4'.
Generating RTLIL representation for module `\sky130_fd_sc_hd__or2b_1'.
Generating RTLIL representation for module `\sky130_fd_sc_hd__or2b_2'.
Generating RTLIL representation for module `\sky130_fd_sc_hd__or2b_4'.
Generating RTLIL representation for module `\sky130_fd_sc_hd__or3_1'.
Generating RTLIL representation for module `\sky130_fd_sc_hd__or3_2'.
Generating RTLIL representation for module `\sky130_fd_sc_hd__or3_4'.
Generating RTLIL representation for module `\sky130_fd_sc_hd__or3b_1'.
Generating RTLIL representation for module `\sky130_fd_sc_hd__or3b_2'.
Generating RTLIL representation for module `\sky130_fd_sc_hd__or3b_4'.
Generating RTLIL representation for module `\sky130_fd_sc_hd__or4_1'.
Generating RTLIL representation for module `\sky130_fd_sc_hd__or4_2'.
Generating RTLIL representation for module `\sky130_fd_sc_hd__or4_4'.
Generating RTLIL representation for module `\sky130_fd_sc_hd__or4b_1'.
Generating RTLIL representation for module `\sky130_fd_sc_hd__or4b_2'.
Generating RTLIL representation for module `\sky130_fd_sc_hd__or4b_4'.
Generating RTLIL representation for module `\sky130_fd_sc_hd__or4bb_1'.
Generating RTLIL representation for module `\sky130_fd_sc_hd__or4bb_2'.
Generating RTLIL representation for module `\sky130_fd_sc_hd__or4bb_4'.
Generating RTLIL representation for module `\sky130_fd_sc_hd__probe_p_8'.
Generating RTLIL representation for module `\sky130_fd_sc_hd__probec_p_8'.
Generating RTLIL representation for module `\sky130_fd_sc_hd__sdfbbn_1'.
Generating RTLIL representation for module `\sky130_fd_sc_hd__sdfbbn_2'.
Generating RTLIL representation for module `\sky130_fd_sc_hd__sdfbbp_1'.
Generating RTLIL representation for module `\sky130_fd_sc_hd__sdfrbp_1'.
Generating RTLIL representation for module `\sky130_fd_sc_hd__sdfrbp_2'.
Generating RTLIL representation for module `\sky130_fd_sc_hd__sdfrtn_1'.
Generating RTLIL representation for module `\sky130_fd_sc_hd__sdfrtp_1'.
Generating RTLIL representation for module `\sky130_fd_sc_hd__sdfrtp_2'.
Generating RTLIL representation for module `\sky130_fd_sc_hd__sdfrtp_4'.
Generating RTLIL representation for module `\sky130_fd_sc_hd__sdfsbp_1'.
Generating RTLIL representation for module `\sky130_fd_sc_hd__sdfsbp_2'.
Generating RTLIL representation for module `\sky130_fd_sc_hd__sdfstp_1'.
Generating RTLIL representation for module `\sky130_fd_sc_hd__sdfstp_2'.
Generating RTLIL representation for module `\sky130_fd_sc_hd__sdfstp_4'.
Generating RTLIL representation for module `\sky130_fd_sc_hd__sdfxbp_1'.
Generating RTLIL representation for module `\sky130_fd_sc_hd__sdfxbp_2'.
Generating RTLIL representation for module `\sky130_fd_sc_hd__sdfxtp_1'.
Generating RTLIL representation for module `\sky130_fd_sc_hd__sdfxtp_2'.
Generating RTLIL representation for module `\sky130_fd_sc_hd__sdfxtp_4'.
Generating RTLIL representation for module `\sky130_fd_sc_hd__sdlclkp_1'.
Generating RTLIL representation for module `\sky130_fd_sc_hd__sdlclkp_2'.
Generating RTLIL representation for module `\sky130_fd_sc_hd__sdlclkp_4'.
Generating RTLIL representation for module `\sky130_fd_sc_hd__sedfxbp_1'.
Generating RTLIL representation for module `\sky130_fd_sc_hd__sedfxbp_2'.
Generating RTLIL representation for module `\sky130_fd_sc_hd__sedfxtp_1'.
Generating RTLIL representation for module `\sky130_fd_sc_hd__sedfxtp_2'.
Generating RTLIL representation for module `\sky130_fd_sc_hd__sedfxtp_4'.
Generating RTLIL representation for module `\sky130_fd_sc_hd__tap_1'.
Generating RTLIL representation for module `\sky130_fd_sc_hd__tap_2'.
Generating RTLIL representation for module `\sky130_fd_sc_hd__tapvgnd2_1'.
Generating RTLIL representation for module `\sky130_fd_sc_hd__tapvgnd_1'.
Generating RTLIL representation for module `\sky130_fd_sc_hd__tapvpwrvgnd_1'.
Generating RTLIL representation for module `\sky130_fd_sc_hd__xnor2_1'.
Generating RTLIL representation for module `\sky130_fd_sc_hd__xnor2_2'.
Generating RTLIL representation for module `\sky130_fd_sc_hd__xnor2_4'.
Generating RTLIL representation for module `\sky130_fd_sc_hd__xnor3_1'.
Generating RTLIL representation for module `\sky130_fd_sc_hd__xnor3_2'.
Generating RTLIL representation for module `\sky130_fd_sc_hd__xnor3_4'.
Generating RTLIL representation for module `\sky130_fd_sc_hd__xor2_1'.
Generating RTLIL representation for module `\sky130_fd_sc_hd__xor2_2'.
Generating RTLIL representation for module `\sky130_fd_sc_hd__xor2_4'.
Generating RTLIL representation for module `\sky130_fd_sc_hd__xor3_1'.
Generating RTLIL representation for module `\sky130_fd_sc_hd__xor3_2'.
Generating RTLIL representation for module `\sky130_fd_sc_hd__xor3_4'.
Successfully finished Verilog frontend.

2. Executing Verilog-2005 frontend: /home/rodrialves/MSc/design_runs/lsu_acc/4num-sum.v
Parsing SystemVerilog input from `/home/rodrialves/MSc/design_runs/lsu_acc/4num-sum.v' to AST representation.
Storing AST representation for module `$abstract\accelerator'.
Successfully finished Verilog frontend.

3. Executing Verilog-2005 frontend: /home/rodrialves/MSc/design_runs/lsu_acc/fifo.v
Parsing SystemVerilog input from `/home/rodrialves/MSc/design_runs/lsu_acc/fifo.v' to AST representation.
Storing AST representation for module `$abstract\fifo'.
Successfully finished Verilog frontend.

4. Executing Verilog-2005 frontend: /home/rodrialves/MSc/design_runs/lsu_acc/lsu_wrapper.v
Parsing SystemVerilog input from `/home/rodrialves/MSc/design_runs/lsu_acc/lsu_wrapper.v' to AST representation.
Storing AST representation for module `$abstract\lsu_wrapper'.
Successfully finished Verilog frontend.

5. Executing Verilog-2005 frontend: /home/rodrialves/MSc/design_runs/lsu_acc/load_store_unit.v
Parsing SystemVerilog input from `/home/rodrialves/MSc/design_runs/lsu_acc/load_store_unit.v' to AST representation.
Storing AST representation for module `$abstract\load_store_unit'.
Successfully finished Verilog frontend.

6. Executing HIERARCHY pass (managing design hierarchy).

7. Executing AST frontend in derive mode using pre-parsed AST for module `\lsu_wrapper'.
Generating RTLIL representation for module `\lsu_wrapper'.

7.1. Analyzing design hierarchy..
Top module:  \lsu_wrapper

7.2. Executing AST frontend in derive mode using pre-parsed AST for module `\accelerator'.
Generating RTLIL representation for module `\accelerator'.

7.3. Executing AST frontend in derive mode using pre-parsed AST for module `\load_store_unit'.
Generating RTLIL representation for module `\load_store_unit'.
Warning: reg '\store_fifo_data_in' is assigned in a continuous assignment at /home/rodrialves/MSc/design_runs/lsu_acc/load_store_unit.v:232.12-232.53.
Warning: reg '\store_data' is assigned in a continuous assignment at /home/rodrialves/MSc/design_runs/lsu_acc/load_store_unit.v:233.12-233.44.

7.4. Analyzing design hierarchy..
Top module:  \lsu_wrapper
Used module:     \accelerator
Used module:     \load_store_unit

7.5. Executing AST frontend in derive mode using pre-parsed AST for module `\fifo'.
Generating RTLIL representation for module `\fifo'.

7.6. Analyzing design hierarchy..
Top module:  \lsu_wrapper
Used module:     \accelerator
Used module:     \load_store_unit
Used module:         \fifo

7.7. Analyzing design hierarchy..
Top module:  \lsu_wrapper
Used module:     \accelerator
Used module:     \load_store_unit
Used module:         \fifo
Removing unused module `$abstract\load_store_unit'.
Removing unused module `$abstract\lsu_wrapper'.
Removing unused module `$abstract\fifo'.
Removing unused module `$abstract\accelerator'.
Removed 4 unused modules.
Renaming module lsu_wrapper to lsu_wrapper.

8. Executing PROC pass (convert processes to netlists).

8.1. Executing PROC_CLEAN pass (remove empty switches from decision trees).
Cleaned up 0 empty switches.

8.2. Executing PROC_RMDEAD pass (remove dead branches from decision trees).
Marked 2 switch rules as full_case in process $proc$/home/rodrialves/MSc/design_runs/lsu_acc/load_store_unit.v:195$24 in module load_store_unit.
Marked 3 switch rules as full_case in process $proc$/home/rodrialves/MSc/design_runs/lsu_acc/load_store_unit.v:135$16 in module load_store_unit.
Marked 4 switch rules as full_case in process $proc$/home/rodrialves/MSc/design_runs/lsu_acc/load_store_unit.v:86$8 in module load_store_unit.
Removed 1 dead cases from process $proc$/home/rodrialves/MSc/design_runs/lsu_acc/4num-sum.v:27$4 in module accelerator.
Marked 2 switch rules as full_case in process $proc$/home/rodrialves/MSc/design_runs/lsu_acc/4num-sum.v:27$4 in module accelerator.
Marked 1 switch rules as full_case in process $proc$/home/rodrialves/MSc/design_runs/lsu_acc/fifo.v:40$48 in module fifo.
Marked 1 switch rules as full_case in process $proc$/home/rodrialves/MSc/design_runs/lsu_acc/fifo.v:32$43 in module fifo.
Marked 1 switch rules as full_case in process $proc$/home/rodrialves/MSc/design_runs/lsu_acc/fifo.v:25$34 in module fifo.
Marked 1 switch rules as full_case in process $proc$/home/rodrialves/MSc/design_runs/lsu_acc/fifo.v:17$29 in module fifo.
Removed a total of 1 dead cases.

8.3. Executing PROC_PRUNE pass (remove redundant assignments in processes).
Removed 3 redundant assignments.
Promoted 3 assignments to connections.

8.4. Executing PROC_INIT pass (extract init attributes).

8.5. Executing PROC_ARST pass (detect async resets in processes).
Found async reset \arst_i in `\load_store_unit.$proc$/home/rodrialves/MSc/design_runs/lsu_acc/load_store_unit.v:195$24'.
Found async reset \arst_i in `\load_store_unit.$proc$/home/rodrialves/MSc/design_runs/lsu_acc/load_store_unit.v:135$16'.
Found async reset \arst_i in `\load_store_unit.$proc$/home/rodrialves/MSc/design_runs/lsu_acc/load_store_unit.v:86$8'.
Found async reset \arst_i in `\accelerator.$proc$/home/rodrialves/MSc/design_runs/lsu_acc/4num-sum.v:27$4'.
Found async reset \rst_n in `\fifo.$proc$/home/rodrialves/MSc/design_runs/lsu_acc/fifo.v:40$48'.
Found async reset \rst_n in `\fifo.$proc$/home/rodrialves/MSc/design_runs/lsu_acc/fifo.v:32$43'.
Found async reset \rst_n in `\fifo.$proc$/home/rodrialves/MSc/design_runs/lsu_acc/fifo.v:17$29'.

8.6. Executing PROC_ROM pass (convert switches to ROMs).
Converted 0 switches.
<suppressed ~20 debug messages>

8.7. Executing PROC_MUX pass (convert decision trees to multiplexers).
Creating decoders for process `\load_store_unit.$proc$/home/rodrialves/MSc/design_runs/lsu_acc/load_store_unit.v:195$24'.
     1/4: $0\store_fifo_write_en[0:0]
     2/4: $0\load_fifo_read_en[0:0]
     3/4: $0\acc_state[2:0]
     4/4: $0\accelerator_start[0:0]
Creating decoders for process `\load_store_unit.$proc$/home/rodrialves/MSc/design_runs/lsu_acc/load_store_unit.v:135$16'.
     1/9: $display$/home/rodrialves/MSc/design_runs/lsu_acc/load_store_unit.v:173$19_EN
     2/9: $display$/home/rodrialves/MSc/design_runs/lsu_acc/load_store_unit.v:150$17_EN
     3/9: $0\current_store_addr[21:0]
     4/9: $0\store_counter[22:0]
     5/9: $0\storer_state[2:0]
     6/9: $0\store_fifo_read_en[0:0]
     7/9: $0\store_addr[21:0]
     8/9: $0\store_req[0:0]
     9/9: $0\done[0:0]
Creating decoders for process `\load_store_unit.$proc$/home/rodrialves/MSc/design_runs/lsu_acc/load_store_unit.v:86$8'.
     1/9: $display$/home/rodrialves/MSc/design_runs/lsu_acc/load_store_unit.v:114$11_EN
     2/9: $display$/home/rodrialves/MSc/design_runs/lsu_acc/load_store_unit.v:106$10_EN
     3/9: $0\current_load_addr[21:0]
     4/9: $0\load_counter[22:0]
     5/9: $0\loader_state[2:0]
     6/9: $0\load_fifo_data_in[31:0]
     7/9: $0\load_fifo_write_en[0:0]
     8/9: $0\load_addr[21:0]
     9/9: $0\load_req[0:0]
Creating decoders for process `\accelerator.$proc$/home/rodrialves/MSc/design_runs/lsu_acc/4num-sum.v:27$4'.
     1/3: $0\done[0:0]
     2/3: $0\state[0:0]
     3/3: $0\data_out[31:0]
Creating decoders for process `\fifo.$proc$/home/rodrialves/MSc/design_runs/lsu_acc/fifo.v:40$48'.
     1/1: $0\data_out[31:0]
Creating decoders for process `\fifo.$proc$/home/rodrialves/MSc/design_runs/lsu_acc/fifo.v:32$43'.
     1/1: $0\r_ptr[3:0]
Creating decoders for process `\fifo.$proc$/home/rodrialves/MSc/design_runs/lsu_acc/fifo.v:25$34'.
     1/3: $1$memwr$\queue$/home/rodrialves/MSc/design_runs/lsu_acc/fifo.v:27$28_EN[31:0]$42
     2/3: $1$memwr$\queue$/home/rodrialves/MSc/design_runs/lsu_acc/fifo.v:27$28_DATA[31:0]$41
     3/3: $1$memwr$\queue$/home/rodrialves/MSc/design_runs/lsu_acc/fifo.v:27$28_ADDR[3:0]$40
Creating decoders for process `\fifo.$proc$/home/rodrialves/MSc/design_runs/lsu_acc/fifo.v:17$29'.
     1/1: $0\w_ptr[3:0]

8.8. Executing PROC_DLATCH pass (convert process syncs to latches).

8.9. Executing PROC_DFF pass (convert process syncs to FFs).
Creating register for signal `\load_store_unit.\accelerator_start' using process `\load_store_unit.$proc$/home/rodrialves/MSc/design_runs/lsu_acc/load_store_unit.v:195$24'.
  created $adff cell `$procdff$262' with positive edge clock and positive level reset.
Creating register for signal `\load_store_unit.\load_fifo_read_en' using process `\load_store_unit.$proc$/home/rodrialves/MSc/design_runs/lsu_acc/load_store_unit.v:195$24'.
  created $adff cell `$procdff$265' with positive edge clock and positive level reset.
Creating register for signal `\load_store_unit.\store_fifo_write_en' using process `\load_store_unit.$proc$/home/rodrialves/MSc/design_runs/lsu_acc/load_store_unit.v:195$24'.
  created $adff cell `$procdff$268' with positive edge clock and positive level reset.
Creating register for signal `\load_store_unit.\acc_state' using process `\load_store_unit.$proc$/home/rodrialves/MSc/design_runs/lsu_acc/load_store_unit.v:195$24'.
  created $adff cell `$procdff$271' with positive edge clock and positive level reset.
Creating register for signal `\load_store_unit.\done' using process `\load_store_unit.$proc$/home/rodrialves/MSc/design_runs/lsu_acc/load_store_unit.v:135$16'.
  created $adff cell `$procdff$274' with positive edge clock and positive level reset.
Creating register for signal `\load_store_unit.\store_req' using process `\load_store_unit.$proc$/home/rodrialves/MSc/design_runs/lsu_acc/load_store_unit.v:135$16'.
  created $adff cell `$procdff$277' with positive edge clock and positive level reset.
Creating register for signal `\load_store_unit.\store_addr' using process `\load_store_unit.$proc$/home/rodrialves/MSc/design_runs/lsu_acc/load_store_unit.v:135$16'.
  created $dff cell `$procdff$282' with positive edge clock.
Creating register for signal `\load_store_unit.\store_fifo_read_en' using process `\load_store_unit.$proc$/home/rodrialves/MSc/design_runs/lsu_acc/load_store_unit.v:135$16'.
  created $adff cell `$procdff$285' with positive edge clock and positive level reset.
Creating register for signal `\load_store_unit.\storer_state' using process `\load_store_unit.$proc$/home/rodrialves/MSc/design_runs/lsu_acc/load_store_unit.v:135$16'.
  created $adff cell `$procdff$288' with positive edge clock and positive level reset.
Creating register for signal `\load_store_unit.\store_counter' using process `\load_store_unit.$proc$/home/rodrialves/MSc/design_runs/lsu_acc/load_store_unit.v:135$16'.
  created $adff cell `$procdff$291' with positive edge clock and positive level reset.
Creating register for signal `\load_store_unit.\current_store_addr' using process `\load_store_unit.$proc$/home/rodrialves/MSc/design_runs/lsu_acc/load_store_unit.v:135$16'.
  created $adff cell `$procdff$294' with positive edge clock and positive level reset.
Creating register for signal `\load_store_unit.\load_req' using process `\load_store_unit.$proc$/home/rodrialves/MSc/design_runs/lsu_acc/load_store_unit.v:86$8'.
  created $adff cell `$procdff$297' with positive edge clock and positive level reset.
Creating register for signal `\load_store_unit.\load_addr' using process `\load_store_unit.$proc$/home/rodrialves/MSc/design_runs/lsu_acc/load_store_unit.v:86$8'.
  created $dff cell `$procdff$302' with positive edge clock.
Creating register for signal `\load_store_unit.\load_fifo_write_en' using process `\load_store_unit.$proc$/home/rodrialves/MSc/design_runs/lsu_acc/load_store_unit.v:86$8'.
  created $adff cell `$procdff$305' with positive edge clock and positive level reset.
Creating register for signal `\load_store_unit.\load_fifo_data_in' using process `\load_store_unit.$proc$/home/rodrialves/MSc/design_runs/lsu_acc/load_store_unit.v:86$8'.
  created $dff cell `$procdff$310' with positive edge clock.
Creating register for signal `\load_store_unit.\loader_state' using process `\load_store_unit.$proc$/home/rodrialves/MSc/design_runs/lsu_acc/load_store_unit.v:86$8'.
  created $adff cell `$procdff$313' with positive edge clock and positive level reset.
Creating register for signal `\load_store_unit.\load_counter' using process `\load_store_unit.$proc$/home/rodrialves/MSc/design_runs/lsu_acc/load_store_unit.v:86$8'.
  created $adff cell `$procdff$316' with positive edge clock and positive level reset.
Creating register for signal `\load_store_unit.\current_load_addr' using process `\load_store_unit.$proc$/home/rodrialves/MSc/design_runs/lsu_acc/load_store_unit.v:86$8'.
  created $adff cell `$procdff$319' with positive edge clock and positive level reset.
Creating register for signal `\accelerator.\done' using process `\accelerator.$proc$/home/rodrialves/MSc/design_runs/lsu_acc/4num-sum.v:27$4'.
  created $adff cell `$procdff$322' with positive edge clock and positive level reset.
Creating register for signal `\accelerator.\data_out' using process `\accelerator.$proc$/home/rodrialves/MSc/design_runs/lsu_acc/4num-sum.v:27$4'.
  created $adff cell `$procdff$325' with positive edge clock and positive level reset.
Creating register for signal `\accelerator.\state' using process `\accelerator.$proc$/home/rodrialves/MSc/design_runs/lsu_acc/4num-sum.v:27$4'.
  created $adff cell `$procdff$328' with positive edge clock and positive level reset.
Creating register for signal `\fifo.\data_out' using process `\fifo.$proc$/home/rodrialves/MSc/design_runs/lsu_acc/fifo.v:40$48'.
  created $adff cell `$procdff$333' with positive edge clock and positive level reset.
Creating register for signal `\fifo.\r_ptr' using process `\fifo.$proc$/home/rodrialves/MSc/design_runs/lsu_acc/fifo.v:32$43'.
  created $adff cell `$procdff$338' with positive edge clock and positive level reset.
Creating register for signal `\fifo.$memwr$\queue$/home/rodrialves/MSc/design_runs/lsu_acc/fifo.v:27$28_ADDR' using process `\fifo.$proc$/home/rodrialves/MSc/design_runs/lsu_acc/fifo.v:25$34'.
  created $dff cell `$procdff$339' with positive edge clock.
Creating register for signal `\fifo.$memwr$\queue$/home/rodrialves/MSc/design_runs/lsu_acc/fifo.v:27$28_DATA' using process `\fifo.$proc$/home/rodrialves/MSc/design_runs/lsu_acc/fifo.v:25$34'.
  created $dff cell `$procdff$340' with positive edge clock.
Creating register for signal `\fifo.$memwr$\queue$/home/rodrialves/MSc/design_runs/lsu_acc/fifo.v:27$28_EN' using process `\fifo.$proc$/home/rodrialves/MSc/design_runs/lsu_acc/fifo.v:25$34'.
  created $dff cell `$procdff$341' with positive edge clock.
Creating register for signal `\fifo.\w_ptr' using process `\fifo.$proc$/home/rodrialves/MSc/design_runs/lsu_acc/fifo.v:17$29'.
  created $adff cell `$procdff$346' with positive edge clock and positive level reset.

8.10. Executing PROC_MEMWR pass (convert process memory writes to cells).

8.11. Executing PROC_CLEAN pass (remove empty switches from decision trees).
Found and cleaned up 3 empty switches in `\load_store_unit.$proc$/home/rodrialves/MSc/design_runs/lsu_acc/load_store_unit.v:195$24'.
Removing empty process `load_store_unit.$proc$/home/rodrialves/MSc/design_runs/lsu_acc/load_store_unit.v:195$24'.
Found and cleaned up 5 empty switches in `\load_store_unit.$proc$/home/rodrialves/MSc/design_runs/lsu_acc/load_store_unit.v:135$16'.
Removing empty process `load_store_unit.$proc$/home/rodrialves/MSc/design_runs/lsu_acc/load_store_unit.v:135$16'.
Found and cleaned up 5 empty switches in `\load_store_unit.$proc$/home/rodrialves/MSc/design_runs/lsu_acc/load_store_unit.v:86$8'.
Removing empty process `load_store_unit.$proc$/home/rodrialves/MSc/design_runs/lsu_acc/load_store_unit.v:86$8'.
Found and cleaned up 3 empty switches in `\accelerator.$proc$/home/rodrialves/MSc/design_runs/lsu_acc/4num-sum.v:27$4'.
Removing empty process `accelerator.$proc$/home/rodrialves/MSc/design_runs/lsu_acc/4num-sum.v:27$4'.
Found and cleaned up 1 empty switch in `\fifo.$proc$/home/rodrialves/MSc/design_runs/lsu_acc/fifo.v:40$48'.
Removing empty process `fifo.$proc$/home/rodrialves/MSc/design_runs/lsu_acc/fifo.v:40$48'.
Found and cleaned up 1 empty switch in `\fifo.$proc$/home/rodrialves/MSc/design_runs/lsu_acc/fifo.v:32$43'.
Removing empty process `fifo.$proc$/home/rodrialves/MSc/design_runs/lsu_acc/fifo.v:32$43'.
Found and cleaned up 1 empty switch in `\fifo.$proc$/home/rodrialves/MSc/design_runs/lsu_acc/fifo.v:25$34'.
Removing empty process `fifo.$proc$/home/rodrialves/MSc/design_runs/lsu_acc/fifo.v:25$34'.
Found and cleaned up 1 empty switch in `\fifo.$proc$/home/rodrialves/MSc/design_runs/lsu_acc/fifo.v:17$29'.
Removing empty process `fifo.$proc$/home/rodrialves/MSc/design_runs/lsu_acc/fifo.v:17$29'.
Cleaned up 20 empty switches.

8.12. Executing OPT_EXPR pass (perform const folding).
Optimizing module lsu_wrapper.
Optimizing module load_store_unit.
<suppressed ~34 debug messages>
Optimizing module accelerator.
<suppressed ~10 debug messages>
Optimizing module fifo.
<suppressed ~6 debug messages>

9. Executing FLATTEN pass (flatten design).
Deleting now unused module load_store_unit.
Deleting now unused module accelerator.
Deleting now unused module fifo.
<suppressed ~4 debug messages>

10. Executing OPT_CLEAN pass (remove unused cells and wires).
Finding unused cells or wires in module \lsu_wrapper..
Removed 28 unused cells and 199 unused wires.
<suppressed ~77 debug messages>
