
===========================================================================
report_checks -unconstrained
===========================================================================
======================= nom_ss_100C_1v60 Corner ===================================

Startpoint: arst_i (input port clocked by clk)
Endpoint: _4942_ (recovery check against rising-edge clock clk)
Path Group: asynchronous
Path Type: max

Fanout         Cap        Slew       Delay        Time   Description
---------------------------------------------------------------------------------------------
                                  0.000000    0.000000   clock clk (rise edge)
                                  0.000000    0.000000   clock network delay (propagated)
                                  2.000000    2.000000 v input external delay
     1    0.006108    0.031525    0.019615    2.019614 v arst_i (in)
                                                         arst_i (net)
                      0.031526    0.000000    2.019614 v input1/A (sky130_fd_sc_hd__clkbuf_1)
     1    0.003319    0.055599    0.147605    2.167220 v input1/X (sky130_fd_sc_hd__clkbuf_1)
                                                         net1 (net)
                      0.055599    0.000106    2.167326 v fanout446/A (sky130_fd_sc_hd__clkbuf_4)
     5    0.061947    0.226714    0.384201    2.551526 v fanout446/X (sky130_fd_sc_hd__clkbuf_4)
                                                         net446 (net)
                      0.226716    0.001244    2.552770 v fanout445/A (sky130_fd_sc_hd__buf_2)
     5    0.053248    0.242049    0.479873    3.032644 v fanout445/X (sky130_fd_sc_hd__buf_2)
                                                         net445 (net)
                      0.242049    0.000606    3.033249 v fanout434/A (sky130_fd_sc_hd__buf_2)
     5    0.046505    0.215263    0.465220    3.498470 v fanout434/X (sky130_fd_sc_hd__buf_2)
                                                         net434 (net)
                      0.215265    0.000980    3.499449 v fanout433/A (sky130_fd_sc_hd__buf_2)
     6    0.036211    0.173953    0.420117    3.919567 v fanout433/X (sky130_fd_sc_hd__buf_2)
                                                         net433 (net)
                      0.173953    0.000480    3.920047 v fanout431/A (sky130_fd_sc_hd__buf_4)
    10    0.056427    0.146410    0.390758    4.310804 v fanout431/X (sky130_fd_sc_hd__buf_4)
                                                         net431 (net)
                      0.146462    0.002619    4.313424 v _3564_/A (sky130_fd_sc_hd__inv_2)
     1    0.005490    0.065522    0.112877    4.426301 ^ _3564_/Y (sky130_fd_sc_hd__inv_2)
                                                         _0128_ (net)
                      0.065522    0.000146    4.426446 ^ _4942_/RESET_B (sky130_fd_sc_hd__dfrtp_1)
                                              4.426446   data arrival time

                                 10.000000   10.000000   clock clk (rise edge)
                                  0.000000   10.000000   clock source latency
     1    0.039002    0.283019    0.197518   10.197517 ^ clk (in)
                                                         clk (net)
                      0.283065    0.000000   10.197517 ^ clkbuf_0_clk/A (sky130_fd_sc_hd__clkbuf_16)
     8    0.146831    0.242553    0.457867   10.655384 ^ clkbuf_0_clk/X (sky130_fd_sc_hd__clkbuf_16)
                                                         clknet_0_clk (net)
                      0.242737    0.006080   10.661465 ^ clkbuf_3_5__f_clk/A (sky130_fd_sc_hd__clkbuf_16)
    11    0.096893    0.171798    0.389363   11.050828 ^ clkbuf_3_5__f_clk/X (sky130_fd_sc_hd__clkbuf_16)
                                                         clknet_3_5__leaf_clk (net)
                      0.171859    0.003089   11.053917 ^ clkbuf_leaf_63_clk/A (sky130_fd_sc_hd__clkbuf_8)
    10    0.035415    0.118717    0.315822   11.369740 ^ clkbuf_leaf_63_clk/X (sky130_fd_sc_hd__clkbuf_8)
                                                         clknet_leaf_63_clk (net)
                      0.118719    0.000694   11.370433 ^ _4942_/CLK (sky130_fd_sc_hd__dfrtp_1)
                                 -0.250000   11.120433   clock uncertainty
                                  0.000000   11.120433   clock reconvergence pessimism
                                  0.480457   11.600889   library recovery time
                                             11.600889   data required time
---------------------------------------------------------------------------------------------
                                             11.600889   data required time
                                             -4.426446   data arrival time
---------------------------------------------------------------------------------------------
                                              7.174443   slack (MET)


Startpoint: count[0] (input port clocked by clk)
Endpoint: _4684_ (rising edge-triggered flip-flop clocked by clk)
Path Group: clk
Path Type: max

Fanout         Cap        Slew       Delay        Time   Description
---------------------------------------------------------------------------------------------
                                  0.000000    0.000000   clock clk (rise edge)
                                  0.000000    0.000000   clock network delay (propagated)
                                  2.000000    2.000000 v input external delay
     1    0.003497    0.021158    0.011438    2.011438 v count[0] (in)
                                                         count[0] (net)
                      0.021158    0.000000    2.011438 v input2/A (sky130_fd_sc_hd__buf_4)
     9    0.041675    0.117889    0.293276    2.304714 v input2/X (sky130_fd_sc_hd__buf_4)
                                                         net2 (net)
                      0.118049    0.003882    2.308596 v _2064_/C (sky130_fd_sc_hd__or4_4)
     2    0.004887    0.153812    0.968436    3.277031 v _2064_/X (sky130_fd_sc_hd__or4_4)
                                                         _1554_ (net)
                      0.153812    0.000068    3.277100 v _2068_/D (sky130_fd_sc_hd__or4_4)
     2    0.008594    0.169498    0.890689    4.167789 v _2068_/X (sky130_fd_sc_hd__or4_4)
                                                         _1558_ (net)
                      0.169498    0.000294    4.168083 v _2071_/C (sky130_fd_sc_hd__or4_4)
     6    0.019093    0.201702    1.078181    5.246264 v _2071_/X (sky130_fd_sc_hd__or4_4)
                                                         _1561_ (net)
                      0.201702    0.000692    5.246956 v _2073_/C (sky130_fd_sc_hd__or4_4)
     5    0.015406    0.189186    1.067809    6.314765 v _2073_/X (sky130_fd_sc_hd__or4_4)
                                                         _1563_ (net)
                      0.189186    0.000401    6.315167 v _2075_/A (sky130_fd_sc_hd__or4_4)
     6    0.031842    0.235637    1.237634    7.552800 v _2075_/X (sky130_fd_sc_hd__or4_4)
                                                         _1565_ (net)
                      0.235637    0.001591    7.554391 v _2076_/A (sky130_fd_sc_hd__or3_4)
     3    0.021081    0.166357    0.898704    8.453095 v _2076_/X (sky130_fd_sc_hd__or3_4)
                                                         _1566_ (net)
                      0.166357    0.000415    8.453510 v _2093_/A (sky130_fd_sc_hd__and2_4)
     5    0.018442    0.080137    0.326546    8.780056 v _2093_/X (sky130_fd_sc_hd__and2_4)
                                                         _1583_ (net)
                      0.080139    0.000569    8.780625 v _2094_/A (sky130_fd_sc_hd__or2_4)
     3    0.009199    0.092973    0.491255    9.271880 v _2094_/X (sky130_fd_sc_hd__or2_4)
                                                         _1584_ (net)
                      0.092973    0.000187    9.272067 v _2170_/C (sky130_fd_sc_hd__and4_1)
     1    0.004395    0.087926    0.406253    9.678320 v _2170_/X (sky130_fd_sc_hd__and4_1)
                                                         _1660_ (net)
                      0.087926    0.000143    9.678463 v _2174_/A1 (sky130_fd_sc_hd__a31o_1)
     1    0.019629    0.197667    0.455114   10.133577 v _2174_/X (sky130_fd_sc_hd__a31o_1)
                                                         _1664_ (net)
                      0.197667    0.000700   10.134276 v _2175_/B (sky130_fd_sc_hd__nand2_2)
     1    0.005352    0.086679    0.167887   10.302164 ^ _2175_/Y (sky130_fd_sc_hd__nand2_2)
                                                         _1665_ (net)
                      0.086679    0.000160   10.302323 ^ fanout165/A (sky130_fd_sc_hd__buf_6)
     9    0.054274    0.181193    0.272314   10.574637 ^ fanout165/X (sky130_fd_sc_hd__buf_6)
                                                         net165 (net)
                      0.181274    0.000647   10.575285 ^ fanout163/A (sky130_fd_sc_hd__buf_8)
     5    0.026424    0.086745    0.239700   10.814984 ^ fanout163/X (sky130_fd_sc_hd__buf_8)
                                                         net163 (net)
                      0.086749    0.000696   10.815681 ^ _2176_/A1 (sky130_fd_sc_hd__o21a_4)
     6    0.050883    0.257251    0.409155   11.224835 ^ _2176_/X (sky130_fd_sc_hd__o21a_4)
                                                         _1666_ (net)
                      0.257273    0.002584   11.227419 ^ fanout161/A (sky130_fd_sc_hd__buf_8)
     5    0.039753    0.117948    0.293443   11.520862 ^ fanout161/X (sky130_fd_sc_hd__buf_8)
                                                         net161 (net)
                      0.117999    0.002315   11.523176 ^ _2556_/S (sky130_fd_sc_hd__mux2_4)
     1    0.002289    0.077011    0.557949   12.081126 v _2556_/X (sky130_fd_sc_hd__mux2_4)
                                                         _0741_ (net)
                      0.077011    0.000067   12.081192 v _4684_/D (sky130_fd_sc_hd__dfrtp_1)
                                             12.081192   data arrival time

                                 10.000000   10.000000   clock clk (rise edge)
                                  0.000000   10.000000   clock source latency
     1    0.039002    0.283019    0.197518   10.197517 ^ clk (in)
                                                         clk (net)
                      0.283065    0.000000   10.197517 ^ clkbuf_0_clk/A (sky130_fd_sc_hd__clkbuf_16)
     8    0.146831    0.242553    0.457867   10.655384 ^ clkbuf_0_clk/X (sky130_fd_sc_hd__clkbuf_16)
                                                         clknet_0_clk (net)
                      0.242747    0.006224   10.661609 ^ clkbuf_3_2__f_clk/A (sky130_fd_sc_hd__clkbuf_16)
    13    0.093510    0.167058    0.385098   11.046707 ^ clkbuf_3_2__f_clk/X (sky130_fd_sc_hd__clkbuf_16)
                                                         clknet_3_2__leaf_clk (net)
                      0.167189    0.004297   11.051004 ^ clkbuf_leaf_26_clk/A (sky130_fd_sc_hd__clkbuf_8)
     3    0.031255    0.109278    0.305742   11.356746 ^ clkbuf_leaf_26_clk/X (sky130_fd_sc_hd__clkbuf_8)
                                                         clknet_leaf_26_clk (net)
                      0.109278    0.000418   11.357164 ^ _4684_/CLK (sky130_fd_sc_hd__dfrtp_1)
                                 -0.250000   11.107164   clock uncertainty
                                  0.000000   11.107164   clock reconvergence pessimism
                                 -0.269019   10.838146   library setup time
                                             10.838146   data required time
---------------------------------------------------------------------------------------------
                                             10.838146   data required time
                                            -12.081192   data arrival time
---------------------------------------------------------------------------------------------
                                             -1.243047   slack (VIOLATED)




===========================================================================
report_checks --slack_max -0.01
============================================================================
======================= nom_ss_100C_1v60 Corner ===================================

Startpoint: count[0] (input port clocked by clk)
Endpoint: _4684_ (rising edge-triggered flip-flop clocked by clk)
Path Group: clk
Path Type: max

Fanout         Cap        Slew       Delay        Time   Description
---------------------------------------------------------------------------------------------
                                  0.000000    0.000000   clock clk (rise edge)
                                  0.000000    0.000000   clock network delay (propagated)
                                  2.000000    2.000000 v input external delay
     1    0.003497    0.021158    0.011438    2.011438 v count[0] (in)
                                                         count[0] (net)
                      0.021158    0.000000    2.011438 v input2/A (sky130_fd_sc_hd__buf_4)
     9    0.041675    0.117889    0.293276    2.304714 v input2/X (sky130_fd_sc_hd__buf_4)
                                                         net2 (net)
                      0.118049    0.003882    2.308596 v _2064_/C (sky130_fd_sc_hd__or4_4)
     2    0.004887    0.153812    0.968436    3.277031 v _2064_/X (sky130_fd_sc_hd__or4_4)
                                                         _1554_ (net)
                      0.153812    0.000068    3.277100 v _2068_/D (sky130_fd_sc_hd__or4_4)
     2    0.008594    0.169498    0.890689    4.167789 v _2068_/X (sky130_fd_sc_hd__or4_4)
                                                         _1558_ (net)
                      0.169498    0.000294    4.168083 v _2071_/C (sky130_fd_sc_hd__or4_4)
     6    0.019093    0.201702    1.078181    5.246264 v _2071_/X (sky130_fd_sc_hd__or4_4)
                                                         _1561_ (net)
                      0.201702    0.000692    5.246956 v _2073_/C (sky130_fd_sc_hd__or4_4)
     5    0.015406    0.189186    1.067809    6.314765 v _2073_/X (sky130_fd_sc_hd__or4_4)
                                                         _1563_ (net)
                      0.189186    0.000401    6.315167 v _2075_/A (sky130_fd_sc_hd__or4_4)
     6    0.031842    0.235637    1.237634    7.552800 v _2075_/X (sky130_fd_sc_hd__or4_4)
                                                         _1565_ (net)
                      0.235637    0.001591    7.554391 v _2076_/A (sky130_fd_sc_hd__or3_4)
     3    0.021081    0.166357    0.898704    8.453095 v _2076_/X (sky130_fd_sc_hd__or3_4)
                                                         _1566_ (net)
                      0.166357    0.000415    8.453510 v _2093_/A (sky130_fd_sc_hd__and2_4)
     5    0.018442    0.080137    0.326546    8.780056 v _2093_/X (sky130_fd_sc_hd__and2_4)
                                                         _1583_ (net)
                      0.080139    0.000569    8.780625 v _2094_/A (sky130_fd_sc_hd__or2_4)
     3    0.009199    0.092973    0.491255    9.271880 v _2094_/X (sky130_fd_sc_hd__or2_4)
                                                         _1584_ (net)
                      0.092973    0.000187    9.272067 v _2170_/C (sky130_fd_sc_hd__and4_1)
     1    0.004395    0.087926    0.406253    9.678320 v _2170_/X (sky130_fd_sc_hd__and4_1)
                                                         _1660_ (net)
                      0.087926    0.000143    9.678463 v _2174_/A1 (sky130_fd_sc_hd__a31o_1)
     1    0.019629    0.197667    0.455114   10.133577 v _2174_/X (sky130_fd_sc_hd__a31o_1)
                                                         _1664_ (net)
                      0.197667    0.000700   10.134276 v _2175_/B (sky130_fd_sc_hd__nand2_2)
     1    0.005352    0.086679    0.167887   10.302164 ^ _2175_/Y (sky130_fd_sc_hd__nand2_2)
                                                         _1665_ (net)
                      0.086679    0.000160   10.302323 ^ fanout165/A (sky130_fd_sc_hd__buf_6)
     9    0.054274    0.181193    0.272314   10.574637 ^ fanout165/X (sky130_fd_sc_hd__buf_6)
                                                         net165 (net)
                      0.181274    0.000647   10.575285 ^ fanout163/A (sky130_fd_sc_hd__buf_8)
     5    0.026424    0.086745    0.239700   10.814984 ^ fanout163/X (sky130_fd_sc_hd__buf_8)
                                                         net163 (net)
                      0.086749    0.000696   10.815681 ^ _2176_/A1 (sky130_fd_sc_hd__o21a_4)
     6    0.050883    0.257251    0.409155   11.224835 ^ _2176_/X (sky130_fd_sc_hd__o21a_4)
                                                         _1666_ (net)
                      0.257273    0.002584   11.227419 ^ fanout161/A (sky130_fd_sc_hd__buf_8)
     5    0.039753    0.117948    0.293443   11.520862 ^ fanout161/X (sky130_fd_sc_hd__buf_8)
                                                         net161 (net)
                      0.117999    0.002315   11.523176 ^ _2556_/S (sky130_fd_sc_hd__mux2_4)
     1    0.002289    0.077011    0.557949   12.081126 v _2556_/X (sky130_fd_sc_hd__mux2_4)
                                                         _0741_ (net)
                      0.077011    0.000067   12.081192 v _4684_/D (sky130_fd_sc_hd__dfrtp_1)
                                             12.081192   data arrival time

                                 10.000000   10.000000   clock clk (rise edge)
                                  0.000000   10.000000   clock source latency
     1    0.039002    0.283019    0.197518   10.197517 ^ clk (in)
                                                         clk (net)
                      0.283065    0.000000   10.197517 ^ clkbuf_0_clk/A (sky130_fd_sc_hd__clkbuf_16)
     8    0.146831    0.242553    0.457867   10.655384 ^ clkbuf_0_clk/X (sky130_fd_sc_hd__clkbuf_16)
                                                         clknet_0_clk (net)
                      0.242747    0.006224   10.661609 ^ clkbuf_3_2__f_clk/A (sky130_fd_sc_hd__clkbuf_16)
    13    0.093510    0.167058    0.385098   11.046707 ^ clkbuf_3_2__f_clk/X (sky130_fd_sc_hd__clkbuf_16)
                                                         clknet_3_2__leaf_clk (net)
                      0.167189    0.004297   11.051004 ^ clkbuf_leaf_26_clk/A (sky130_fd_sc_hd__clkbuf_8)
     3    0.031255    0.109278    0.305742   11.356746 ^ clkbuf_leaf_26_clk/X (sky130_fd_sc_hd__clkbuf_8)
                                                         clknet_leaf_26_clk (net)
                      0.109278    0.000418   11.357164 ^ _4684_/CLK (sky130_fd_sc_hd__dfrtp_1)
                                 -0.250000   11.107164   clock uncertainty
                                  0.000000   11.107164   clock reconvergence pessimism
                                 -0.269019   10.838146   library setup time
                                             10.838146   data required time
---------------------------------------------------------------------------------------------
                                             10.838146   data required time
                                            -12.081192   data arrival time
---------------------------------------------------------------------------------------------
                                             -1.243047   slack (VIOLATED)




===========================================================================
 report_check_types -max_slew -max_cap -max_fanout -violators
============================================================================
======================= nom_ss_100C_1v60 Corner ===================================

max fanout

Pin                                   Limit Fanout  Slack
---------------------------------------------------------
wire237/X                                10     22    -12 (VIOLATED)
clkbuf_leaf_68_clk/X                     10     20    -10 (VIOLATED)
clkbuf_leaf_70_clk/X                     10     20    -10 (VIOLATED)
clkbuf_leaf_11_clk/X                     10     19     -9 (VIOLATED)
clkbuf_leaf_1_clk/X                      10     18     -8 (VIOLATED)
clkbuf_leaf_31_clk/X                     10     18     -8 (VIOLATED)
clkbuf_leaf_32_clk/X                     10     18     -8 (VIOLATED)
clkbuf_leaf_87_clk/X                     10     18     -8 (VIOLATED)
clkbuf_leaf_3_clk/X                      10     16     -6 (VIOLATED)
clkbuf_leaf_45_clk/X                     10     16     -6 (VIOLATED)
clkbuf_leaf_80_clk/X                     10     16     -6 (VIOLATED)
clkbuf_leaf_81_clk/X                     10     16     -6 (VIOLATED)
clkbuf_leaf_8_clk/X                      10     16     -6 (VIOLATED)
clkbuf_leaf_48_clk/X                     10     15     -5 (VIOLATED)
clkbuf_leaf_4_clk/X                      10     15     -5 (VIOLATED)
clkbuf_leaf_72_clk/X                     10     15     -5 (VIOLATED)
clkbuf_leaf_82_clk/X                     10     15     -5 (VIOLATED)
clkbuf_leaf_17_clk/X                     10     14     -4 (VIOLATED)
clkbuf_leaf_27_clk/X                     10     14     -4 (VIOLATED)
clkbuf_leaf_2_clk/X                      10     14     -4 (VIOLATED)
clkbuf_leaf_35_clk/X                     10     14     -4 (VIOLATED)
clkbuf_leaf_44_clk/X                     10     14     -4 (VIOLATED)
clkbuf_leaf_60_clk/X                     10     14     -4 (VIOLATED)
clkbuf_leaf_84_clk/X                     10     14     -4 (VIOLATED)
clkbuf_3_0__f_clk/X                      10     13     -3 (VIOLATED)
clkbuf_3_1__f_clk/X                      10     13     -3 (VIOLATED)
clkbuf_3_2__f_clk/X                      10     13     -3 (VIOLATED)
clkbuf_leaf_19_clk/X                     10     13     -3 (VIOLATED)
clkbuf_leaf_25_clk/X                     10     13     -3 (VIOLATED)
clkbuf_leaf_30_clk/X                     10     13     -3 (VIOLATED)
clkbuf_leaf_33_clk/X                     10     13     -3 (VIOLATED)
clkbuf_leaf_5_clk/X                      10     13     -3 (VIOLATED)
clkbuf_leaf_65_clk/X                     10     13     -3 (VIOLATED)
clkbuf_leaf_78_clk/X                     10     13     -3 (VIOLATED)
clkbuf_leaf_85_clk/X                     10     13     -3 (VIOLATED)
clkbuf_3_3__f_clk/X                      10     12     -2 (VIOLATED)
clkbuf_leaf_14_clk/X                     10     12     -2 (VIOLATED)
clkbuf_leaf_20_clk/X                     10     12     -2 (VIOLATED)
clkbuf_leaf_22_clk/X                     10     12     -2 (VIOLATED)
clkbuf_leaf_24_clk/X                     10     12     -2 (VIOLATED)
clkbuf_leaf_28_clk/X                     10     12     -2 (VIOLATED)
clkbuf_leaf_36_clk/X                     10     12     -2 (VIOLATED)
clkbuf_leaf_53_clk/X                     10     12     -2 (VIOLATED)
clkbuf_leaf_56_clk/X                     10     12     -2 (VIOLATED)
clkbuf_leaf_61_clk/X                     10     12     -2 (VIOLATED)
clkbuf_leaf_64_clk/X                     10     12     -2 (VIOLATED)
clkbuf_leaf_83_clk/X                     10     12     -2 (VIOLATED)
clkbuf_3_4__f_clk/X                      10     11        (VIOLATED)
clkbuf_3_5__f_clk/X                      10     11        (VIOLATED)
clkbuf_3_6__f_clk/X                      10     11        (VIOLATED)
clkbuf_3_7__f_clk/X                      10     11        (VIOLATED)
clkbuf_leaf_12_clk/X                     10     11        (VIOLATED)
clkbuf_leaf_13_clk/X                     10     11        (VIOLATED)
clkbuf_leaf_21_clk/X                     10     11        (VIOLATED)
clkbuf_leaf_49_clk/X                     10     11        (VIOLATED)
clkbuf_leaf_54_clk/X                     10     11        (VIOLATED)
clkbuf_leaf_67_clk/X                     10     11        (VIOLATED)
clkbuf_leaf_77_clk/X                     10     11        (VIOLATED)
clkbuf_leaf_86_clk/X                     10     11        (VIOLATED)
fanout272/X                              10     11        (VIOLATED)



===========================================================================
report_parasitic_annotation -report_unannotated
============================================================================
Found 108 unannotated drivers.
 clkload0/X
 clkload1/X
 clkload10/Y
 clkload11/Y
 clkload12/Y
 clkload13/Y
 clkload14/Y
 clkload15/Y
 clkload16/Y
 clkload17/Y
 clkload18/X
 clkload19/Y
 clkload2/Y
 clkload20/Y
 clkload21/Y
 clkload22/Y
 clkload23/Y
 clkload24/Y
 clkload25/Y
 clkload26/Y
 clkload27/X
 clkload28/X
 clkload29/Y
 clkload3/Y
 clkload30/Y
 clkload31/Y
 clkload32/X
 clkload33/Y
 clkload34/X
 clkload35/Y
 clkload36/X
 clkload37/Y
 clkload38/X
 clkload39/X
 clkload4/Y
 clkload40/Y
 clkload41/X
 clkload42/Y
 clkload43/Y
 clkload44/Y
 clkload45/Y
 clkload46/Y
 clkload47/Y
 clkload48/Y
 clkload49/Y
 clkload5/Y
 clkload50/Y
 clkload51/Y
 clkload52/Y
 clkload53/Y
 clkload54/Y
 clkload55/X
 clkload56/Y
 clkload57/Y
 clkload58/Y
 clkload59/Y
 clkload6/Y
 clkload60/Y
 clkload61/Y
 clkload62/Y
 clkload63/Y
 clkload64/Y
 clkload65/X
 clkload66/Y
 clkload67/Y
 clkload68/Y
 clkload69/Y
 clkload7/Y
 clkload70/Y
 clkload71/Y
 clkload72/Y
 clkload73/Y
 clkload74/Y
 clkload75/Y
 clkload76/Y
 clkload77/Y
 clkload78/Y
 clkload79/Y
 clkload8/X
 clkload80/X
 clkload81/X
 clkload82/Y
 clkload83/Y
 clkload84/Y
 clkload85/Y
 clkload9/Y
 lsu_wrapper_447/HI
 lsu_wrapper_448/HI
 lsu_wrapper_449/HI
 lsu_wrapper_450/HI
 lsu_wrapper_451/HI
 lsu_wrapper_452/HI
 lsu_wrapper_453/HI
 lsu_wrapper_454/HI
 lsu_wrapper_455/HI
 lsu_wrapper_456/HI
 lsu_wrapper_457/HI
 lsu_wrapper_458/HI
 lsu_wrapper_459/HI
 lsu_wrapper_460/HI
 lsu_wrapper_461/HI
 lsu_wrapper_462/HI
 lsu_wrapper_463/HI
 lsu_wrapper_464/HI
 lsu_wrapper_465/HI
 lsu_wrapper_466/HI
 lsu_wrapper_467/HI
 lsu_wrapper_468/HI
Found 0 partially unannotated drivers.

===========================================================================
max slew violation count 0
max fanout violation count 60
max cap violation count 0
============================================================================

===========================================================================
check_setup -verbose -unconstrained_endpoints -multiple_clock -no_clock -no_input_delay -loops -generated_clocks
===========================================================================
Warning: There are 22 unconstrained endpoints.
  store_data[10]
  store_data[11]
  store_data[12]
  store_data[13]
  store_data[14]
  store_data[15]
  store_data[16]
  store_data[17]
  store_data[18]
  store_data[19]
  store_data[20]
  store_data[21]
  store_data[22]
  store_data[23]
  store_data[24]
  store_data[25]
  store_data[26]
  store_data[27]
  store_data[28]
  store_data[29]
  store_data[30]
  store_data[31]
