Clock: clk
Sources: clk 
Generated: no
Virtual: yes
Propagated: no
Period: 10.000000

===========================================================================
report_clock_properties
============================================================================
Clock                   Period          Waveform
----------------------------------------------------
clk                  10.000000    0.000000  5.000000

===========================================================================
report_clock_latency
============================================================================
Clock clk
rise -> rise
    min     max
0.000000 0.000000 source latency
1.355819         network latency _4420_/CLK
        1.422204 network latency _4454_/CLK
---------------
1.355819 1.422204 latency
        0.066385 skew

fall -> fall
    min     max
0.000000 0.000000 source latency
1.196526         network latency _4901_/CLK
        1.245455 network latency _4454_/CLK
---------------
1.196526 1.245455 latency
        0.048929 skew



===========================================================================
report_clock_min_period
============================================================================
clk period_min = 8.30 fmax = 120.52
