
===========================================================================
 report_power
============================================================================
======================= nom_ss_100C_1v60 Corner ===================================

Group                    Internal    Switching      Leakage        Total
                            Power        Power        Power        Power (Watts)
------------------------------------------------------------------------
Sequential           4.398713e-03 7.636831e-04 1.390791e-05 5.176304e-03  35.8%
Combinational        4.210145e-03 2.772195e-03 2.141152e-05 7.003751e-03  48.4%
Clock                1.129678e-03 1.164407e-03 1.855497e-06 2.295940e-03  15.9%
Macro                0.000000e+00 0.000000e+00 0.000000e+00 0.000000e+00   0.0%
Pad                  0.000000e+00 0.000000e+00 0.000000e+00 0.000000e+00   0.0%
------------------------------------------------------------------------
Total                9.738546e-03 4.700289e-03 3.717498e-05 1.447601e-02 100.0%
                            67.3%        32.5%         0.3%

