
===========================================================================
Violator List
============================================================================
[setup in-reg] count[0] -> _4684_/D : -1.243047
[setup in-reg] count[0] -> _4681_/D : -1.236779
[setup in-reg] count[0] -> _4682_/D : -1.235536
[setup in-reg] count[0] -> _4683_/D : -1.232111
[setup in-reg] count[0] -> _4670_/D : -1.228063
[setup in-reg] count[0] -> _4688_/D : -1.215778
[setup in-reg] count[0] -> _4678_/D : -1.215200
[setup in-reg] count[0] -> _4686_/D : -1.195768
[setup in-reg] count[0] -> _4675_/D : -1.193889
[setup in-reg] count[0] -> _4674_/D : -1.193612
[setup in-reg] count[0] -> _4676_/D : -1.184349
[setup in-reg] count[0] -> _4679_/D : -1.176989
[setup in-reg] count[0] -> _4677_/D : -1.176798
[setup in-reg] count[0] -> _4685_/D : -1.168325
[setup in-reg] count[0] -> _4687_/D : -1.167654
[setup in-reg] count[0] -> _4671_/D : -1.167324
[setup in-reg] count[0] -> _4673_/D : -1.167126
[setup in-reg] count[0] -> _4672_/D : -1.165789
[setup in-reg] count[0] -> _4854_/D : -1.162687
[setup in-reg] count[0] -> _4689_/D : -1.158724
[setup in-reg] count[0] -> _4862_/D : -1.142539
[setup in-reg] count[0] -> _4691_/D : -1.130976
[setup in-reg] count[0] -> _4868_/D : -1.105167
[setup in-reg] count[0] -> _4866_/D : -1.090712
[setup in-reg] count[0] -> _4680_/D : -1.071369
[setup in-reg] count[0] -> _4872_/D : -0.998433
[setup in-reg] count[0] -> _4856_/D : -0.988007
[setup in-reg] count[0] -> _4858_/D : -0.987544
[setup in-reg] count[0] -> _4870_/D : -0.977686
[setup in-reg] count[0] -> _4860_/D : -0.972012
[setup in-reg] count[0] -> _4864_/D : -0.968745
[setup in-reg] count[0] -> _4852_/D : -0.939907
[setup in-reg] count[0] -> _4850_/D : -0.913768
[setup in-reg] count[0] -> _4871_/D : -0.802874
[setup in-reg] count[0] -> _4869_/D : -0.780018
[setup in-reg] count[0] -> _4690_/D : -0.777427
[setup in-reg] count[0] -> _4865_/D : -0.759197
[setup in-reg] count[0] -> _4867_/D : -0.757537
[setup in-reg] count[0] -> _4861_/D : -0.744551
[setup in-reg] count[0] -> _4853_/D : -0.729742
[setup in-reg] count[0] -> _4863_/D : -0.725024
[setup in-reg] count[0] -> _4857_/D : -0.721182
[setup in-reg] count[0] -> _4855_/D : -0.704003
[setup in-reg] count[0] -> _4859_/D : -0.697513
[setup in-reg] count[0] -> _4358_/D : -0.688687
[setup in-reg] count[0] -> _4851_/D : -0.625979
[setup in-reg] count[0] -> _4706_/D : -0.492800
[setup in-reg] count[0] -> _4778_/D : -0.248578
