┏━━━━━━━━━━━━━━━━━━━━━━┳━━━━━━━━━━┳━━━━━━━━━━┳━━━━━━━━━━┳━━━━━━━━━━┳━━━━━━━━━━━┳━━━━━━━━━━┳━━━━━━━━━━━┳━━━━━━━━━━┳━━━━━━━━━━━┳━━━━━━━━━━┳━━━━━━━━━━━┳━━━━━━━━━━┓
┃                      ┃ Hold     ┃ Reg to   ┃          ┃          ┃ of which  ┃ Setup    ┃           ┃          ┃           ┃ of which ┃           ┃          ┃
┃                      ┃ Worst    ┃ Reg      ┃          ┃ Hold Vio ┃ reg to    ┃ Worst    ┃ Reg to    ┃ Setup    ┃ Setup Vio ┃ reg to   ┃ Max Cap   ┃ Max Slew ┃
┃ Corner/Group         ┃ Slack    ┃ Paths    ┃ Hold TNS ┃ Count    ┃ reg       ┃ Slack    ┃ Reg Paths ┃ TNS      ┃ Count     ┃ reg      ┃ Violatio… ┃ Violati… ┃
┡━━━━━━━━━━━━━━━━━━━━━━╇━━━━━━━━━━╇━━━━━━━━━━╇━━━━━━━━━━╇━━━━━━━━━━╇━━━━━━━━━━━╇━━━━━━━━━━╇━━━━━━━━━━━╇━━━━━━━━━━╇━━━━━━━━━━━╇━━━━━━━━━━╇━━━━━━━━━━━╇━━━━━━━━━━┩
│ Overall              │ 0.1130   │ 0.1130   │ 0.0000   │ 0        │ 0         │ -1.2604  │ 1.5504    │ -48.1209 │ 144       │ 0        │ 0         │ 5        │
│ nom_tt_025C_1v80     │ 0.3188   │ 0.3188   │ 0.0000   │ 0        │ 0         │ 3.2726   │ 5.7479    │ 0.0000   │ 0         │ 0        │ 0         │ 0        │
│ nom_ss_100C_1v60     │ 0.7433   │ 0.8763   │ 0.0000   │ 0        │ 0         │ -1.2430  │ 1.7024    │ -47.4275 │ 48        │ 0        │ 0         │ 0        │
│ nom_ff_n40C_1v95     │ 0.1159   │ 0.1159   │ 0.0000   │ 0        │ 0         │ 5.0286   │ 7.2658    │ 0.0000   │ 0         │ 0        │ 0         │ 0        │
│ min_tt_025C_1v80     │ 0.3148   │ 0.3148   │ 0.0000   │ 0        │ 0         │ 3.2897   │ 5.8299    │ 0.0000   │ 0         │ 0        │ 0         │ 0        │
│ min_ss_100C_1v60     │ 0.7609   │ 0.8703   │ 0.0000   │ 0        │ 0         │ -1.2081  │ 1.8466    │ -46.0189 │ 48        │ 0        │ 0         │ 0        │
│ min_ff_n40C_1v95     │ 0.1130   │ 0.1130   │ 0.0000   │ 0        │ 0         │ 5.0394   │ 7.3206    │ 0.0000   │ 0         │ 0        │ 0         │ 0        │
│ max_tt_025C_1v80     │ 0.3218   │ 0.3218   │ 0.0000   │ 0        │ 0         │ 3.2632   │ 5.6620    │ 0.0000   │ 0         │ 0        │ 0         │ 0        │
│ max_ss_100C_1v60     │ 0.7018   │ 0.8815   │ 0.0000   │ 0        │ 0         │ -1.2604  │ 1.5504    │ -48.1209 │ 48        │ 0        │ 0         │ 5        │
│ max_ff_n40C_1v95     │ 0.1181   │ 0.1181   │ 0.0000   │ 0        │ 0         │ 5.0219   │ 7.2092    │ 0.0000   │ 0         │ 0        │ 0         │ 0        │
└──────────────────────┴──────────┴──────────┴──────────┴──────────┴───────────┴──────────┴───────────┴──────────┴───────────┴──────────┴───────────┴──────────┘
