170. Printing statistics.

=== lsu_wrapper ===

   Number of wires:               2757
   Number of wire bits:           4209
   Number of public wires:          74
   Number of public wire bits:    1442
   Number of ports:                 15
   Number of port bits:            182
   Number of memories:               0
   Number of memory bits:            0
   Number of processes:              0
   Number of cells:               3672
     $_ANDNOT_                     353
     $_AND_                         48
     $_MUX_                       1597
     $_NAND_                        85
     $_NOR_                         45
     $_NOT_                        239
     $_ORNOT_                       33
     $_OR_                         122
     $_XNOR_                        49
     $_XOR_                        178
     sky130_fd_sc_hd__dfrtp_2      175
     sky130_fd_sc_hd__dfxtp_2      748

   Area for cell type $_NOT_ is unknown!
   Area for cell type $_AND_ is unknown!
   Area for cell type $_NAND_ is unknown!
   Area for cell type $_OR_ is unknown!
   Area for cell type $_NOR_ is unknown!
   Area for cell type $_XOR_ is unknown!
   Area for cell type $_XNOR_ is unknown!
   Area for cell type $_ANDNOT_ is unknown!
   Area for cell type $_ORNOT_ is unknown!
   Area for cell type $_MUX_ is unknown!

   Chip area for module '\lsu_wrapper': 20508.419200
     of which used for sequential elements: 20508.419200 (100.00%)

