164. Printing statistics.

=== lsu_wrapper ===

   Number of wires:               1663
   Number of wire bits:           3115
   Number of public wires:          74
   Number of public wire bits:    1442
   Number of ports:                 15
   Number of port bits:            182
   Number of memories:               0
   Number of memory bits:            0
   Number of processes:              0
   Number of cells:               2578
     $_ANDNOT_                     353
     $_AND_                         48
     $_DFFE_PP0P_                  171
     $_DFFE_PP_                    748
     $_DFF_PP0_                      4
     $_MUX_                        678
     $_NAND_                        85
     $_NOR_                         45
     $_NOT_                         64
     $_ORNOT_                       33
     $_OR_                         122
     $_XNOR_                        49
     $_XOR_                        178

   Area for cell type $_NOT_ is unknown!
   Area for cell type $_AND_ is unknown!
   Area for cell type $_NAND_ is unknown!
   Area for cell type $_OR_ is unknown!
   Area for cell type $_NOR_ is unknown!
   Area for cell type $_XOR_ is unknown!
   Area for cell type $_XNOR_ is unknown!
   Area for cell type $_ANDNOT_ is unknown!
   Area for cell type $_ORNOT_ is unknown!
   Area for cell type $_MUX_ is unknown!
   Area for cell type $_DFFE_PP_ is unknown!
   Area for cell type $_DFF_PP0_ is unknown!
   Area for cell type $_DFFE_PP0P_ is unknown!

