Reading timing models for corner nom_tt_025C_1v80…
Reading timing library for the 'nom_tt_025C_1v80' corner at '/home/rodrialves/.volare/volare/sky130/versions/0fe599b2afb6708d281543108caf8310912f54af/sky130A/libs.ref/sky130_fd_sc_hd/lib/sky130_fd_sc_hd__tt_025C_1v80.lib'…
Reading timing models for corner nom_ff_n40C_1v95…
Reading timing library for the 'nom_ff_n40C_1v95' corner at '/home/rodrialves/.volare/volare/sky130/versions/0fe599b2afb6708d281543108caf8310912f54af/sky130A/libs.ref/sky130_fd_sc_hd/lib/sky130_fd_sc_hd__ff_n40C_1v95.lib'…
Reading timing models for corner nom_ss_100C_1v60…
Reading timing library for the 'nom_ss_100C_1v60' corner at '/home/rodrialves/.volare/volare/sky130/versions/0fe599b2afb6708d281543108caf8310912f54af/sky130A/libs.ref/sky130_fd_sc_hd/lib/sky130_fd_sc_hd__ss_100C_1v60.lib'…
Reading OpenROAD database at '/home/rodrialves/MSc/design_runs/lsu_acc/runs/RUN_2025-06-21_22-15-54/27-openroad-globalplacement/lsu_wrapper.odb'…
Reading design constraints file at '/nix/store/ss2cw3sxbrwwx9jl0rrppbw4kgcmgi2n-python3-3.11.9-env/lib/python3.11/site-packages/openlane/scripts/base.sdc'…
[INFO] Using clock clk…
[INFO] Setting output delay to: 2
[INFO] Setting input delay to: 2
[INFO] Setting load to: 0.033442
[INFO] Setting clock uncertainty to: 0.25
[INFO] Setting clock transition to: 0.1499999999999999944488848768742172978818416595458984375
[INFO] Setting timing derate to: 5%
[INFO] Setting RC values…
[INFO RSZ-0027] Inserted 102 input buffers.
[INFO RSZ-0028] Inserted 57 output buffers.
[INFO RSZ-0058] Using max wire length 6335um.
Iteration | Resized | Buffers | Nets repaired | Remaining
---------------------------------------------------------
        0 |       0 |       0 |             0 |      3289
      100 |      70 |       0 |             0 |      3189
      200 |     134 |       9 |             4 |      3089
      300 |     134 |       9 |             4 |      2989
      400 |     150 |       9 |             4 |      2889
      500 |     173 |      17 |             6 |      2789
      600 |     190 |      33 |            10 |      2689
      700 |     190 |      33 |            10 |      2589
      800 |     190 |      33 |            10 |      2489
      900 |     224 |      38 |            12 |      2389
     1000 |     328 |      75 |            22 |      2289
     1100 |     423 |      78 |            24 |      2189
     1200 |     485 |      78 |            24 |      2089
     1300 |     539 |      92 |            28 |      1989
     1400 |     627 |      99 |            32 |      1889
     1500 |     728 |     105 |            34 |      1789
     1600 |     797 |     110 |            36 |      1689
     1700 |     893 |     110 |            36 |      1589
     1800 |     992 |     110 |            37 |      1489
     1900 |    1065 |     112 |            39 |      1389
     2000 |    1182 |     132 |            49 |      1289
     2100 |    1282 |     132 |            49 |      1189
     2200 |    1425 |     196 |            81 |      1089
     2300 |    1561 |     240 |            85 |       989
     2400 |    1680 |     261 |            92 |       889
     2500 |    1780 |     261 |            92 |       789
     2600 |    1880 |     261 |            92 |       689
     2700 |    1980 |     261 |            92 |       589
     2800 |    2080 |     261 |            92 |       489
     2900 |    2133 |     261 |           132 |       389
     3000 |    2133 |     261 |           232 |       289
     3100 |    2187 |     262 |           268 |       189
     3200 |    2244 |     287 |           269 |        89
    final |    2244 |     287 |           269 |         0
---------------------------------------------------------
[INFO RSZ-0034] Found 183 slew violations.
[INFO RSZ-0035] Found 88 fanout violations.
[INFO RSZ-0038] Inserted 287 buffers in 269 nets.
[INFO RSZ-0039] Resized 2244 instances.
[INFO RSZ-0042] Inserted 22 tie sky130_fd_sc_hd__conb_1 instances.
Placement Analysis
---------------------------------
total displacement      13569.0 u
average displacement        2.8 u
max displacement           12.8 u
original HPWL           63068.6 u
legalized HPWL          78711.6 u
delta HPWL                   25 %

[INFO DPL-0020] Mirrored 1064 instances
[INFO DPL-0021] HPWL before           78711.6 u
[INFO DPL-0022] HPWL after            76489.7 u
[INFO DPL-0023] HPWL delta               -2.8 %
[INFO] Setting RC values…
Setting global connections for newly added cells…
[INFO] Setting global connections...
Updating metrics…
Cell type report:                       Count       Area
  Fill cell                               214     803.27
  Tap cell                               1199    1500.19
  Timing Repair Buffer                    446    2541.19
  Inverter                                212     795.76
  Sequential cell                         923   19396.10
  Multi-Input combinational cell         1870   20483.40
  Total                                  4864   45519.91
Writing OpenROAD database to '/home/rodrialves/MSc/design_runs/lsu_acc/runs/RUN_2025-06-21_22-15-54/31-openroad-repairdesignpostgpl/lsu_wrapper.odb'…
Writing netlist to '/home/rodrialves/MSc/design_runs/lsu_acc/runs/RUN_2025-06-21_22-15-54/31-openroad-repairdesignpostgpl/lsu_wrapper.nl.v'…
Writing powered netlist to '/home/rodrialves/MSc/design_runs/lsu_acc/runs/RUN_2025-06-21_22-15-54/31-openroad-repairdesignpostgpl/lsu_wrapper.pnl.v'…
Writing layout to '/home/rodrialves/MSc/design_runs/lsu_acc/runs/RUN_2025-06-21_22-15-54/31-openroad-repairdesignpostgpl/lsu_wrapper.def'…
Writing timing constraints to '/home/rodrialves/MSc/design_runs/lsu_acc/runs/RUN_2025-06-21_22-15-54/31-openroad-repairdesignpostgpl/lsu_wrapper.sdc'…
