
===========================================================================
report_checks -unconstrained
===========================================================================
======================= nom_tt_025C_1v80 Corner ===================================

Startpoint: arst_i (input port clocked by clk)
Endpoint: _4653_ (recovery check against rising-edge clock clk)
Path Group: asynchronous
Path Type: max

Fanout         Cap        Slew       Delay        Time   Description
---------------------------------------------------------------------------------------------
                                  0.000000    0.000000   clock clk (rise edge)
                                  0.000000    0.000000   clock network delay (propagated)
                                  2.000000    2.000000 v input external delay
     1    0.002954    0.008988    0.004674    2.004673 v arst_i (in)
                                                         arst_i (net)
                      0.008988    0.000000    2.004673 v input1/A (sky130_fd_sc_hd__clkbuf_1)
     1    0.002267    0.024625    0.069408    2.074082 v input1/X (sky130_fd_sc_hd__clkbuf_1)
                                                         net1 (net)
                      0.024625    0.000004    2.074085 v fanout446/A (sky130_fd_sc_hd__clkbuf_4)
     5    0.034953    0.081127    0.174222    2.248307 v fanout446/X (sky130_fd_sc_hd__clkbuf_4)
                                                         net446 (net)
                      0.081127    0.000006    2.248313 v fanout445/A (sky130_fd_sc_hd__buf_2)
     5    0.028217    0.076672    0.184784    2.433097 v fanout445/X (sky130_fd_sc_hd__buf_2)
                                                         net445 (net)
                      0.076691    0.001191    2.434288 v fanout439/A (sky130_fd_sc_hd__buf_2)
     5    0.025635    0.070889    0.178535    2.612823 v fanout439/X (sky130_fd_sc_hd__buf_2)
                                                         net439 (net)
                      0.070889    0.000009    2.612832 v fanout436/A (sky130_fd_sc_hd__buf_4)
    10    0.051458    0.078654    0.198471    2.811303 v fanout436/X (sky130_fd_sc_hd__buf_4)
                                                         net436 (net)
                      0.078654    0.000178    2.811480 v fanout435/A (sky130_fd_sc_hd__buf_4)
    10    0.050231    0.077217    0.200655    3.012135 v fanout435/X (sky130_fd_sc_hd__buf_4)
                                                         net435 (net)
                      0.077222    0.000695    3.012831 v _3445_/A (sky130_fd_sc_hd__inv_2)
     1    0.004150    0.033403    0.057314    3.070145 ^ _3445_/Y (sky130_fd_sc_hd__inv_2)
                                                         _0009_ (net)
                      0.033403    0.000011    3.070156 ^ _4653_/RESET_B (sky130_fd_sc_hd__dfrtp_4)
                                              3.070156   data arrival time

                                 10.000000   10.000000   clock clk (rise edge)
                                  0.000000   10.000000   clock source latency
     1    0.029644    0.138842    0.096756   10.096757 ^ clk (in)
                                                         clk (net)
                      0.138890    0.000000   10.096757 ^ clkbuf_0_clk/A (sky130_fd_sc_hd__clkbuf_16)
     8    0.105546    0.119549    0.223366   10.320123 ^ clkbuf_0_clk/X (sky130_fd_sc_hd__clkbuf_16)
                                                         clknet_0_clk (net)
                      0.119582    0.001937   10.322060 ^ clkbuf_3_6__f_clk/A (sky130_fd_sc_hd__clkbuf_16)
    11    0.079253    0.096079    0.198481   10.520541 ^ clkbuf_3_6__f_clk/X (sky130_fd_sc_hd__clkbuf_16)
                                                         clknet_3_6__leaf_clk (net)
                      0.096079    0.000202   10.520742 ^ clkbuf_leaf_36_clk/A (sky130_fd_sc_hd__clkbuf_8)
    12    0.033223    0.071331    0.167488   10.688231 ^ clkbuf_leaf_36_clk/X (sky130_fd_sc_hd__clkbuf_8)
                                                         clknet_leaf_36_clk (net)
                      0.071331    0.000100   10.688332 ^ _4653_/CLK (sky130_fd_sc_hd__dfrtp_4)
                                 -0.250000   10.438332   clock uncertainty
                                  0.000000   10.438332   clock reconvergence pessimism
                                  0.229053   10.667384   library recovery time
                                             10.667384   data required time
---------------------------------------------------------------------------------------------
                                             10.667384   data required time
                                             -3.070156   data arrival time
---------------------------------------------------------------------------------------------
                                              7.597228   slack (MET)


Startpoint: count[2] (input port clocked by clk)
Endpoint: _4682_ (rising edge-triggered flip-flop clocked by clk)
Path Group: clk
Path Type: max

Fanout         Cap        Slew       Delay        Time   Description
---------------------------------------------------------------------------------------------
                                  0.000000    0.000000   clock clk (rise edge)
                                  0.000000    0.000000   clock network delay (propagated)
                                  2.000000    2.000000 v input external delay
     1    0.002449    0.007822    0.003824    2.003824 v count[2] (in)
                                                         count[2] (net)
                      0.007822    0.000000    2.003824 v input16/A (sky130_fd_sc_hd__dlymetal6s2s_1)
     4    0.015879    0.091669    0.170685    2.174509 v input16/X (sky130_fd_sc_hd__dlymetal6s2s_1)
                                                         net16 (net)
                      0.091669    0.000060    2.174569 v _2064_/B (sky130_fd_sc_hd__or4_2)
     7    0.013357    0.144855    0.718997    2.893566 v _2064_/X (sky130_fd_sc_hd__or4_2)
                                                         _1554_ (net)
                      0.144855    0.000012    2.893578 v _2068_/C (sky130_fd_sc_hd__or4_1)
     2    0.004549    0.097013    0.509755    3.403333 v _2068_/X (sky130_fd_sc_hd__or4_1)
                                                         _1558_ (net)
                      0.097013    0.000023    3.403356 v _2071_/D (sky130_fd_sc_hd__or4_2)
     5    0.011030    0.136211    0.603482    4.006838 v _2071_/X (sky130_fd_sc_hd__or4_2)
                                                         _1561_ (net)
                      0.136211    0.000051    4.006888 v _2073_/D (sky130_fd_sc_hd__or4_4)
     9    0.036473    0.136037    0.525490    4.532379 v _2073_/X (sky130_fd_sc_hd__or4_4)
                                                         _1563_ (net)
                      0.136037    0.000089    4.532467 v _2075_/D (sky130_fd_sc_hd__or4_2)
     6    0.018926    0.154418    0.652192    5.184659 v _2075_/X (sky130_fd_sc_hd__or4_2)
                                                         _1565_ (net)
                      0.154418    0.000227    5.184886 v _2076_/C (sky130_fd_sc_hd__or3_2)
     3    0.012257    0.111433    0.493861    5.678747 v _2076_/X (sky130_fd_sc_hd__or3_2)
                                                         _1566_ (net)
                      0.111433    0.000025    5.678773 v _2078_/B (sky130_fd_sc_hd__xor2_2)
     5    0.014696    0.086949    0.192973    5.871746 v _2078_/X (sky130_fd_sc_hd__xor2_2)
                                                         _1568_ (net)
                      0.086949    0.000043    5.871789 v _2165_/A2 (sky130_fd_sc_hd__a22o_1)
     1    0.002946    0.042201    0.240153    6.111942 v _2165_/X (sky130_fd_sc_hd__a22o_1)
                                                         _1655_ (net)
                      0.042201    0.000011    6.111953 v _2169_/B1 (sky130_fd_sc_hd__a41o_1)
     1    0.002389    0.037886    0.192911    6.304863 v _2169_/X (sky130_fd_sc_hd__a41o_1)
                                                         _1659_ (net)
                      0.037886    0.000001    6.304865 v _2171_/B1 (sky130_fd_sc_hd__a21o_1)
     1    0.002252    0.030511    0.141823    6.446688 v _2171_/X (sky130_fd_sc_hd__a21o_1)
                                                         _1661_ (net)
                      0.030511    0.000009    6.446698 v _2173_/A2_N (sky130_fd_sc_hd__o2bb2a_1)
     1    0.002507    0.046170    0.208293    6.654991 ^ _2173_/X (sky130_fd_sc_hd__o2bb2a_1)
                                                         _1663_ (net)
                      0.046170    0.000003    6.654994 ^ fanout168/A (sky130_fd_sc_hd__clkbuf_2)
     8    0.024544    0.138251    0.172043    6.827037 ^ fanout168/X (sky130_fd_sc_hd__clkbuf_2)
                                                         net168 (net)
                      0.138251    0.000283    6.827320 ^ fanout166/A (sky130_fd_sc_hd__buf_2)
    10    0.032210    0.160948    0.224340    7.051661 ^ fanout166/X (sky130_fd_sc_hd__buf_2)
                                                         net166 (net)
                      0.160948    0.000367    7.052028 ^ _2176_/A1 (sky130_fd_sc_hd__o21a_1)
     4    0.018208    0.178027    0.246312    7.298340 ^ _2176_/X (sky130_fd_sc_hd__o21a_1)
                                                         _1666_ (net)
                      0.178027    0.000248    7.298588 ^ fanout161/A (sky130_fd_sc_hd__clkbuf_4)
    10    0.042775    0.136581    0.250185    7.548773 ^ fanout161/X (sky130_fd_sc_hd__clkbuf_4)
                                                         net161 (net)
                      0.136582    0.000655    7.549428 ^ _2564_/S (sky130_fd_sc_hd__mux2_1)
     1    0.002706    0.056218    0.330922    7.880350 v _2564_/X (sky130_fd_sc_hd__mux2_1)
                                                         _0739_ (net)
                      0.056218    0.000009    7.880359 v _4682_/D (sky130_fd_sc_hd__dfrtp_1)
                                              7.880359   data arrival time

                                 10.000000   10.000000   clock clk (rise edge)
                                  0.000000   10.000000   clock source latency
     1    0.029644    0.138842    0.096756   10.096757 ^ clk (in)
                                                         clk (net)
                      0.138890    0.000000   10.096757 ^ clkbuf_0_clk/A (sky130_fd_sc_hd__clkbuf_16)
     8    0.105546    0.119549    0.223366   10.320123 ^ clkbuf_0_clk/X (sky130_fd_sc_hd__clkbuf_16)
                                                         clknet_0_clk (net)
                      0.119587    0.002034   10.322157 ^ clkbuf_3_2__f_clk/A (sky130_fd_sc_hd__clkbuf_16)
    13    0.076525    0.093514    0.196448   10.518605 ^ clkbuf_3_2__f_clk/X (sky130_fd_sc_hd__clkbuf_16)
                                                         clknet_3_2__leaf_clk (net)
                      0.093515    0.000527   10.519132 ^ clkbuf_leaf_25_clk/A (sky130_fd_sc_hd__clkbuf_8)
    13    0.030827    0.067609    0.163626   10.682757 ^ clkbuf_leaf_25_clk/X (sky130_fd_sc_hd__clkbuf_8)
                                                         clknet_leaf_25_clk (net)
                      0.067609    0.000051   10.682808 ^ _4682_/CLK (sky130_fd_sc_hd__dfrtp_1)
                                 -0.250000   10.432808   clock uncertainty
                                  0.000000   10.432808   clock reconvergence pessimism
                                 -0.113988   10.318820   library setup time
                                             10.318820   data required time
---------------------------------------------------------------------------------------------
                                             10.318820   data required time
                                             -7.880359   data arrival time
---------------------------------------------------------------------------------------------
                                              2.438461   slack (MET)




===========================================================================
report_checks --slack_max -0.01
============================================================================
======================= nom_tt_025C_1v80 Corner ===================================

No paths found.


===========================================================================
 report_check_types -max_slew -max_cap -max_fanout -violators
============================================================================
======================= nom_tt_025C_1v80 Corner ===================================

max fanout

Pin                                   Limit Fanout  Slack
---------------------------------------------------------
wire237/X                                10     22    -12 (VIOLATED)
clkbuf_leaf_68_clk/X                     10     20    -10 (VIOLATED)
clkbuf_leaf_70_clk/X                     10     20    -10 (VIOLATED)
clkbuf_leaf_11_clk/X                     10     19     -9 (VIOLATED)
clkbuf_leaf_1_clk/X                      10     18     -8 (VIOLATED)
clkbuf_leaf_31_clk/X                     10     18     -8 (VIOLATED)
clkbuf_leaf_32_clk/X                     10     18     -8 (VIOLATED)
clkbuf_leaf_87_clk/X                     10     18     -8 (VIOLATED)
clkbuf_leaf_3_clk/X                      10     16     -6 (VIOLATED)
clkbuf_leaf_45_clk/X                     10     16     -6 (VIOLATED)
clkbuf_leaf_80_clk/X                     10     16     -6 (VIOLATED)
clkbuf_leaf_81_clk/X                     10     16     -6 (VIOLATED)
clkbuf_leaf_8_clk/X                      10     16     -6 (VIOLATED)
clkbuf_leaf_48_clk/X                     10     15     -5 (VIOLATED)
clkbuf_leaf_4_clk/X                      10     15     -5 (VIOLATED)
clkbuf_leaf_72_clk/X                     10     15     -5 (VIOLATED)
clkbuf_leaf_82_clk/X                     10     15     -5 (VIOLATED)
clkbuf_leaf_17_clk/X                     10     14     -4 (VIOLATED)
clkbuf_leaf_27_clk/X                     10     14     -4 (VIOLATED)
clkbuf_leaf_2_clk/X                      10     14     -4 (VIOLATED)
clkbuf_leaf_35_clk/X                     10     14     -4 (VIOLATED)
clkbuf_leaf_44_clk/X                     10     14     -4 (VIOLATED)
clkbuf_leaf_60_clk/X                     10     14     -4 (VIOLATED)
clkbuf_leaf_84_clk/X                     10     14     -4 (VIOLATED)
clkbuf_3_0__f_clk/X                      10     13     -3 (VIOLATED)
clkbuf_3_1__f_clk/X                      10     13     -3 (VIOLATED)
clkbuf_3_2__f_clk/X                      10     13     -3 (VIOLATED)
clkbuf_leaf_19_clk/X                     10     13     -3 (VIOLATED)
clkbuf_leaf_25_clk/X                     10     13     -3 (VIOLATED)
clkbuf_leaf_30_clk/X                     10     13     -3 (VIOLATED)
clkbuf_leaf_33_clk/X                     10     13     -3 (VIOLATED)
clkbuf_leaf_5_clk/X                      10     13     -3 (VIOLATED)
clkbuf_leaf_65_clk/X                     10     13     -3 (VIOLATED)
clkbuf_leaf_78_clk/X                     10     13     -3 (VIOLATED)
clkbuf_leaf_85_clk/X                     10     13     -3 (VIOLATED)
clkbuf_3_3__f_clk/X                      10     12     -2 (VIOLATED)
clkbuf_leaf_14_clk/X                     10     12     -2 (VIOLATED)
clkbuf_leaf_20_clk/X                     10     12     -2 (VIOLATED)
clkbuf_leaf_22_clk/X                     10     12     -2 (VIOLATED)
clkbuf_leaf_24_clk/X                     10     12     -2 (VIOLATED)
clkbuf_leaf_28_clk/X                     10     12     -2 (VIOLATED)
clkbuf_leaf_36_clk/X                     10     12     -2 (VIOLATED)
clkbuf_leaf_53_clk/X                     10     12     -2 (VIOLATED)
clkbuf_leaf_56_clk/X                     10     12     -2 (VIOLATED)
clkbuf_leaf_61_clk/X                     10     12     -2 (VIOLATED)
clkbuf_leaf_64_clk/X                     10     12     -2 (VIOLATED)
clkbuf_leaf_83_clk/X                     10     12     -2 (VIOLATED)
clkbuf_3_4__f_clk/X                      10     11        (VIOLATED)
clkbuf_3_5__f_clk/X                      10     11        (VIOLATED)
clkbuf_3_6__f_clk/X                      10     11        (VIOLATED)
clkbuf_3_7__f_clk/X                      10     11        (VIOLATED)
clkbuf_leaf_12_clk/X                     10     11        (VIOLATED)
clkbuf_leaf_13_clk/X                     10     11        (VIOLATED)
clkbuf_leaf_21_clk/X                     10     11        (VIOLATED)
clkbuf_leaf_49_clk/X                     10     11        (VIOLATED)
clkbuf_leaf_54_clk/X                     10     11        (VIOLATED)
clkbuf_leaf_67_clk/X                     10     11        (VIOLATED)
clkbuf_leaf_77_clk/X                     10     11        (VIOLATED)
clkbuf_leaf_86_clk/X                     10     11        (VIOLATED)



===========================================================================
report_parasitic_annotation -report_unannotated
============================================================================
Found 108 unannotated drivers.
 clkload0/X
 clkload1/X
 clkload10/Y
 clkload11/Y
 clkload12/Y
 clkload13/Y
 clkload14/Y
 clkload15/Y
 clkload16/Y
 clkload17/Y
 clkload18/X
 clkload19/Y
 clkload2/Y
 clkload20/Y
 clkload21/Y
 clkload22/Y
 clkload23/Y
 clkload24/Y
 clkload25/Y
 clkload26/Y
 clkload27/X
 clkload28/X
 clkload29/Y
 clkload3/Y
 clkload30/Y
 clkload31/Y
 clkload32/X
 clkload33/Y
 clkload34/X
 clkload35/Y
 clkload36/X
 clkload37/Y
 clkload38/X
 clkload39/X
 clkload4/Y
 clkload40/Y
 clkload41/X
 clkload42/Y
 clkload43/Y
 clkload44/Y
 clkload45/Y
 clkload46/Y
 clkload47/Y
 clkload48/Y
 clkload49/Y
 clkload5/Y
 clkload50/Y
 clkload51/Y
 clkload52/Y
 clkload53/Y
 clkload54/Y
 clkload55/X
 clkload56/Y
 clkload57/Y
 clkload58/Y
 clkload59/Y
 clkload6/Y
 clkload60/Y
 clkload61/Y
 clkload62/Y
 clkload63/Y
 clkload64/Y
 clkload65/X
 clkload66/Y
 clkload67/Y
 clkload68/Y
 clkload69/Y
 clkload7/Y
 clkload70/Y
 clkload71/Y
 clkload72/Y
 clkload73/Y
 clkload74/Y
 clkload75/Y
 clkload76/Y
 clkload77/Y
 clkload78/Y
 clkload79/Y
 clkload8/X
 clkload80/X
 clkload81/X
 clkload82/Y
 clkload83/Y
 clkload84/Y
 clkload85/Y
 clkload9/Y
 lsu_wrapper_447/HI
 lsu_wrapper_448/HI
 lsu_wrapper_449/HI
 lsu_wrapper_450/HI
 lsu_wrapper_451/HI
 lsu_wrapper_452/HI
 lsu_wrapper_453/HI
 lsu_wrapper_454/HI
 lsu_wrapper_455/HI
 lsu_wrapper_456/HI
 lsu_wrapper_457/HI
 lsu_wrapper_458/HI
 lsu_wrapper_459/HI
 lsu_wrapper_460/HI
 lsu_wrapper_461/HI
 lsu_wrapper_462/HI
 lsu_wrapper_463/HI
 lsu_wrapper_464/HI
 lsu_wrapper_465/HI
 lsu_wrapper_466/HI
 lsu_wrapper_467/HI
 lsu_wrapper_468/HI
Found 0 partially unannotated drivers.

===========================================================================
max slew violation count 0
Writing metric design__max_slew_violation__count__corner:nom_tt_025C_1v80: 0
max fanout violation count 59
Writing metric design__max_fanout_violation__count__corner:nom_tt_025C_1v80: 59
max cap violation count 0
Writing metric design__max_cap_violation__count__corner:nom_tt_025C_1v80: 0
============================================================================

===========================================================================
check_setup -verbose -unconstrained_endpoints -multiple_clock -no_clock -no_input_delay -loops -generated_clocks
===========================================================================
Warning: There are 22 unconstrained endpoints.
  store_data[10]
  store_data[11]
  store_data[12]
  store_data[13]
  store_data[14]
  store_data[15]
  store_data[16]
  store_data[17]
  store_data[18]
  store_data[19]
  store_data[20]
  store_data[21]
  store_data[22]
  store_data[23]
  store_data[24]
  store_data[25]
  store_data[26]
  store_data[27]
  store_data[28]
  store_data[29]
  store_data[30]
  store_data[31]
