Clock: clk
Sources: clk 
Generated: no
Virtual: yes
Propagated: no
Period: 10.000000

===========================================================================
report_clock_properties
============================================================================
Clock                   Period          Waveform
----------------------------------------------------
clk                  10.000000    0.000000  5.000000

===========================================================================
report_clock_latency
============================================================================
Clock clk
rise -> rise
    min     max
0.000000 0.000000 source latency
0.679876         network latency _4901_/CLK
        0.706017 network latency _4454_/CLK
---------------
0.679876 0.706017 latency
        0.026142 skew

fall -> fall
    min     max
0.000000 0.000000 source latency
0.601933         network latency _4901_/CLK
        0.620127 network latency _4454_/CLK
---------------
0.601933 0.620127 latency
        0.018194 skew



===========================================================================
report_clock_min_period
============================================================================
clk period_min = 4.10 fmax = 244.18
