
===========================================================================
 report_power
============================================================================
======================= nom_tt_025C_1v80 Corner ===================================

Group                    Internal    Switching      Leakage        Total
                            Power        Power        Power        Power (Watts)
------------------------------------------------------------------------
Sequential           5.583427e-03 7.464732e-04 8.368874e-09 6.329909e-03  43.1%
Combinational        3.205844e-03 2.501750e-03 1.256911e-08 5.707606e-03  38.9%
Clock                1.374679e-03 1.275379e-03 1.902260e-09 2.650060e-03  18.0%
Macro                0.000000e+00 0.000000e+00 0.000000e+00 0.000000e+00   0.0%
Pad                  0.000000e+00 0.000000e+00 0.000000e+00 0.000000e+00   0.0%
------------------------------------------------------------------------
Total                1.016394e-02 4.523603e-03 2.284034e-08 1.468757e-02 100.0%
                            69.2%        30.8%         0.0%
Writing metric power__internal__total: 0.010163938626646996
Writing metric power__switching__total: 0.004523602779954672
Writing metric power__leakage__total: 2.2840344726660078e-8
Writing metric power__total: 0.01468756515532732

