Reading OpenROAD database at '/home/rodrialves/MSc/design_runs/lsu_acc/runs/RUN_2025-06-21_22-15-54/41-openroad-repairantennas/1-diodeinsertion/lsu_wrapper.odb'…
Reading library file at '/home/rodrialves/.volare/volare/sky130/versions/0fe599b2afb6708d281543108caf8310912f54af/sky130A/libs.ref/sky130_fd_sc_hd/lib/sky130_fd_sc_hd__tt_025C_1v80.lib'…
Reading design constraints file at '/nix/store/ss2cw3sxbrwwx9jl0rrppbw4kgcmgi2n-python3-3.11.9-env/lib/python3.11/site-packages/openlane/scripts/base.sdc'…
[INFO] Using clock clk…
[INFO] Setting output delay to: 2
[INFO] Setting input delay to: 2
[INFO] Setting load to: 0.033442
[INFO] Setting clock uncertainty to: 0.25
[INFO] Setting clock transition to: 0.1499999999999999944488848768742172978818416595458984375
[INFO] Setting timing derate to: 5%
[INFO ORD-0030] Using 12 thread(s).
[INFO DRT-0149] Reading tech and libs.
[WARNING DRT-0349] LEF58_ENCLOSURE with no CUTCLASS is not supported. Skipping for layer mcon
[WARNING DRT-0349] LEF58_ENCLOSURE with no CUTCLASS is not supported. Skipping for layer mcon
[WARNING DRT-0349] LEF58_ENCLOSURE with no CUTCLASS is not supported. Skipping for layer via
[WARNING DRT-0349] LEF58_ENCLOSURE with no CUTCLASS is not supported. Skipping for layer via
[WARNING DRT-0349] LEF58_ENCLOSURE with no CUTCLASS is not supported. Skipping for layer via2
[WARNING DRT-0349] LEF58_ENCLOSURE with no CUTCLASS is not supported. Skipping for layer via2
[WARNING DRT-0349] LEF58_ENCLOSURE with no CUTCLASS is not supported. Skipping for layer via3
[WARNING DRT-0349] LEF58_ENCLOSURE with no CUTCLASS is not supported. Skipping for layer via3
[WARNING DRT-0349] LEF58_ENCLOSURE with no CUTCLASS is not supported. Skipping for layer via4
[WARNING DRT-0349] LEF58_ENCLOSURE with no CUTCLASS is not supported. Skipping for layer via4

Units:                1000
Number of layers:     13
Number of macros:     441
Number of vias:       29
Number of viarulegen: 25

[INFO DRT-0150] Reading design.

Design:                   lsu_wrapper
Die area:                 ( 0 0 ) ( 302415 313135 )
Number of track patterns: 12
Number of DEF vias:       0
Number of components:     5886
Number of terminals:      184
Number of snets:          2
Number of nets:           4481

[INFO DRT-0167] List of default vias:
  Layer via
    default via: M1M2_PR
  Layer via2
    default via: M2M3_PR
  Layer via3
    default via: M3M4_PR
  Layer via4
    default via: M4M5_PR
[INFO DRT-0162] Library cell analysis.
[INFO DRT-0163] Instance analysis.
[INFO DRT-0164] Number of unique instances = 324.
[INFO DRT-0168] Init region query.
[INFO DRT-0024]   Complete FR_MASTERSLICE.
[INFO DRT-0024]   Complete licon.
[INFO DRT-0024]   Complete li1.
[INFO DRT-0024]   Complete mcon.
[INFO DRT-0024]   Complete met1.
[INFO DRT-0024]   Complete via.
[INFO DRT-0024]   Complete met2.
[INFO DRT-0024]   Complete via2.
[INFO DRT-0024]   Complete met3.
[INFO DRT-0024]   Complete via3.
[INFO DRT-0024]   Complete met4.
[INFO DRT-0024]   Complete via4.
[INFO DRT-0024]   Complete met5.
[INFO DRT-0033] FR_MASTERSLICE shape region query size = 0.
[INFO DRT-0033] licon shape region query size = 0.
[INFO DRT-0033] li1 shape region query size = 169958.
[INFO DRT-0033] mcon shape region query size = 0.
[INFO DRT-0033] met1 shape region query size = 23060.
[INFO DRT-0033] via shape region query size = 1080.
[INFO DRT-0033] met2 shape region query size = 741.
[INFO DRT-0033] via2 shape region query size = 864.
[INFO DRT-0033] met3 shape region query size = 737.
[INFO DRT-0033] via3 shape region query size = 864.
[INFO DRT-0033] met4 shape region query size = 232.
[INFO DRT-0033] via4 shape region query size = 8.
[INFO DRT-0033] met5 shape region query size = 16.
[INFO DRT-0165] Start pin access.
[INFO DRT-0076]   Complete 1000 pins.
[INFO DRT-0078]   Complete 1150 pins.
[INFO DRT-0079]   Complete 100 unique inst patterns.
[INFO DRT-0079]   Complete 200 unique inst patterns.
[INFO DRT-0079]   Complete 300 unique inst patterns.
[INFO DRT-0081]   Complete 318 unique inst patterns.
[INFO DRT-0084]   Complete 2268 groups.
#scanned instances     = 5886
#unique  instances     = 324
#stdCellGenAp          = 8855
#stdCellValidPlanarAp  = 65
#stdCellValidViaAp     = 6751
#stdCellPinNoAp        = 0
#stdCellPinCnt         = 14065
#instTermValidViaApCnt = 0
#macroGenAp            = 0
#macroValidPlanarAp    = 0
#macroValidViaAp       = 0
#macroNoAp             = 0
[INFO DRT-0166] Complete pin access.
[INFO DRT-0267] cpu time = 00:03:16, elapsed time = 00:00:20, memory = 173.90 (MB), peak = 173.90 (MB)

[INFO DRT-0157] Number of guides:     32414

[INFO DRT-0169] Post process guides.
[INFO DRT-0176] GCELLGRID X 0 DO 43 STEP 6900 ;
[INFO DRT-0177] GCELLGRID Y 0 DO 45 STEP 6900 ;
[INFO DRT-0028]   Complete FR_MASTERSLICE.
[INFO DRT-0028]   Complete licon.
[INFO DRT-0028]   Complete li1.
[INFO DRT-0028]   Complete mcon.
[INFO DRT-0028]   Complete met1.
[INFO DRT-0028]   Complete via.
[INFO DRT-0028]   Complete met2.
[INFO DRT-0028]   Complete via2.
[INFO DRT-0028]   Complete met3.
[INFO DRT-0028]   Complete via3.
[INFO DRT-0028]   Complete met4.
[INFO DRT-0028]   Complete via4.
[INFO DRT-0028]   Complete met5.
[INFO DRT-0178] Init guide query.
[INFO DRT-0035]   Complete FR_MASTERSLICE (guide).
[INFO DRT-0035]   Complete licon (guide).
[INFO DRT-0035]   Complete li1 (guide).
[INFO DRT-0035]   Complete mcon (guide).
[INFO DRT-0035]   Complete met1 (guide).
[INFO DRT-0035]   Complete via (guide).
[INFO DRT-0035]   Complete met2 (guide).
[INFO DRT-0035]   Complete via2 (guide).
[INFO DRT-0035]   Complete met3 (guide).
[INFO DRT-0035]   Complete via3 (guide).
[INFO DRT-0035]   Complete met4 (guide).
[INFO DRT-0035]   Complete via4 (guide).
[INFO DRT-0035]   Complete met5 (guide).
[INFO DRT-0036] FR_MASTERSLICE guide region query size = 0.
[INFO DRT-0036] licon guide region query size = 0.
[INFO DRT-0036] li1 guide region query size = 11460.
[INFO DRT-0036] mcon guide region query size = 0.
[INFO DRT-0036] met1 guide region query size = 9104.
[INFO DRT-0036] via guide region query size = 0.
[INFO DRT-0036] met2 guide region query size = 4842.
[INFO DRT-0036] via2 guide region query size = 0.
[INFO DRT-0036] met3 guide region query size = 272.
[INFO DRT-0036] via3 guide region query size = 0.
[INFO DRT-0036] met4 guide region query size = 58.
[INFO DRT-0036] via4 guide region query size = 0.
[INFO DRT-0036] met5 guide region query size = 0.
[INFO DRT-0179] Init gr pin query.
[INFO DRT-0245] skipped writing guide updates to database.
[INFO DRT-0185] Post process initialize RPin region query.
[INFO DRT-0181] Start track assignment.
[INFO DRT-0184] Done with 16360 vertical wires in 1 frboxes and 9376 horizontal wires in 1 frboxes.
[INFO DRT-0186] Done with 1540 vertical wires in 1 frboxes and 2982 horizontal wires in 1 frboxes.
[INFO DRT-0182] Complete track assignment.
[INFO DRT-0267] cpu time = 00:00:08, elapsed time = 00:00:03, memory = 234.72 (MB), peak = 263.40 (MB)
[INFO DRT-0187] Start routing data preparation.
[INFO DRT-0267] cpu time = 00:00:00, elapsed time = 00:00:00, memory = 234.72 (MB), peak = 263.40 (MB)
[INFO DRT-0194] Start detail routing.
[INFO DRT-0195] Start 0th optimization iteration.
    Completing 10% with 0 violations.
    elapsed time = 00:00:00, memory = 396.72 (MB).
    Completing 20% with 0 violations.
    elapsed time = 00:00:02, memory = 428.70 (MB).
    Completing 30% with 0 violations.
    elapsed time = 00:00:05, memory = 367.82 (MB).
    Completing 40% with 358 violations.
    elapsed time = 00:00:06, memory = 465.43 (MB).
    Completing 50% with 358 violations.
    elapsed time = 00:00:10, memory = 496.56 (MB).
    Completing 60% with 767 violations.
    elapsed time = 00:00:22, memory = 565.53 (MB).
    Completing 70% with 767 violations.
    elapsed time = 00:00:27, memory = 581.16 (MB).
    Completing 80% with 767 violations.
    elapsed time = 00:00:31, memory = 521.75 (MB).
    Completing 90% with 1082 violations.
    elapsed time = 00:00:36, memory = 627.50 (MB).
    Completing 100% with 1462 violations.
    elapsed time = 00:00:41, memory = 574.46 (MB).
[INFO DRT-0199]   Number of violations = 1719.
Viol/Layer         li1   mcon   met1    via   met2   met3
Cut Spacing          0      1      0      0      0      0
Metal Spacing       22      0    274      0     73     30
Min Hole             0      0      2      0      0      0
Recheck              0      0    196      0     59      2
Short                0      0    972      2     86      0
[INFO DRT-0267] cpu time = 00:03:13, elapsed time = 00:00:42, memory = 894.59 (MB), peak = 894.59 (MB)
Total wire length = 114018 um.
Total wire length on LAYER li1 = 0 um.
Total wire length on LAYER met1 = 52977 um.
Total wire length on LAYER met2 = 53909 um.
Total wire length on LAYER met3 = 4390 um.
Total wire length on LAYER met4 = 2740 um.
Total wire length on LAYER met5 = 0 um.
Total number of vias = 29829.
Up-via summary (total 29829):

------------------------
 FR_MASTERSLICE        0
            li1    13897
           met1    15363
           met2      468
           met3      101
           met4        0
------------------------
                   29829


[INFO DRT-0195] Start 1st optimization iteration.
    Completing 10% with 1719 violations.
    elapsed time = 00:00:00, memory = 907.46 (MB).
    Completing 20% with 1719 violations.
    elapsed time = 00:00:02, memory = 918.09 (MB).
    Completing 30% with 1719 violations.
    elapsed time = 00:00:05, memory = 926.59 (MB).
    Completing 40% with 1376 violations.
    elapsed time = 00:00:07, memory = 962.09 (MB).
    Completing 50% with 1376 violations.
    elapsed time = 00:00:09, memory = 963.34 (MB).
    Completing 60% with 1216 violations.
    elapsed time = 00:00:16, memory = 969.05 (MB).
    Completing 70% with 1216 violations.
    elapsed time = 00:00:20, memory = 981.05 (MB).
    Completing 80% with 1216 violations.
    elapsed time = 00:00:23, memory = 990.93 (MB).
    Completing 90% with 835 violations.
    elapsed time = 00:00:27, memory = 1049.43 (MB).
    Completing 100% with 536 violations.
    elapsed time = 00:00:32, memory = 1022.75 (MB).
[INFO DRT-0199]   Number of violations = 536.
Viol/Layer        met1   met2   met3
Metal Spacing       81     45     12
Short              372     26      0
[INFO DRT-0267] cpu time = 00:02:38, elapsed time = 00:00:32, memory = 1025.75 (MB), peak = 1056.80 (MB)
Total wire length = 112940 um.
Total wire length on LAYER li1 = 0 um.
Total wire length on LAYER met1 = 52202 um.
Total wire length on LAYER met2 = 53462 um.
Total wire length on LAYER met3 = 4552 um.
Total wire length on LAYER met4 = 2722 um.
Total wire length on LAYER met5 = 0 um.
Total number of vias = 29589.
Up-via summary (total 29589):

------------------------
 FR_MASTERSLICE        0
            li1    13893
           met1    15145
           met2      453
           met3       98
           met4        0
------------------------
                   29589


[INFO DRT-0195] Start 2nd optimization iteration.
    Completing 10% with 536 violations.
    elapsed time = 00:00:00, memory = 1045.75 (MB).
    Completing 20% with 536 violations.
    elapsed time = 00:00:04, memory = 1048.50 (MB).
    Completing 30% with 473 violations.
    elapsed time = 00:00:09, memory = 1048.75 (MB).
    Completing 40% with 473 violations.
    elapsed time = 00:00:09, memory = 1082.25 (MB).
    Completing 50% with 473 violations.
    elapsed time = 00:00:13, memory = 1084.00 (MB).
    Completing 60% with 460 violations.
    elapsed time = 00:00:15, memory = 1084.38 (MB).
    Completing 70% with 460 violations.
    elapsed time = 00:00:19, memory = 1119.50 (MB).
    Completing 80% with 505 violations.
    elapsed time = 00:00:26, memory = 1086.22 (MB).
    Completing 90% with 505 violations.
    elapsed time = 00:00:28, memory = 1087.35 (MB).
    Completing 100% with 519 violations.
    elapsed time = 00:00:29, memory = 1087.85 (MB).
[INFO DRT-0199]   Number of violations = 519.
Viol/Layer        met1   met2
Metal Spacing      109     37
Short              353     20
[INFO DRT-0267] cpu time = 00:02:32, elapsed time = 00:00:29, memory = 1087.85 (MB), peak = 1119.50 (MB)
Total wire length = 112627 um.
Total wire length on LAYER li1 = 0 um.
Total wire length on LAYER met1 = 52102 um.
Total wire length on LAYER met2 = 53276 um.
Total wire length on LAYER met3 = 4552 um.
Total wire length on LAYER met4 = 2696 um.
Total wire length on LAYER met5 = 0 um.
Total number of vias = 29486.
Up-via summary (total 29486):

------------------------
 FR_MASTERSLICE        0
            li1    13893
           met1    15048
           met2      443
           met3      102
           met4        0
------------------------
                   29486


[INFO DRT-0195] Start 3rd optimization iteration.
    Completing 10% with 519 violations.
    elapsed time = 00:00:00, memory = 1087.97 (MB).
    Completing 20% with 519 violations.
    elapsed time = 00:00:00, memory = 1087.97 (MB).
    Completing 30% with 519 violations.
    elapsed time = 00:00:02, memory = 1087.97 (MB).
    Completing 40% with 407 violations.
    elapsed time = 00:00:08, memory = 1131.47 (MB).
    Completing 50% with 407 violations.
    elapsed time = 00:00:09, memory = 1139.22 (MB).
    Completing 60% with 303 violations.
    elapsed time = 00:00:16, memory = 1108.40 (MB).
    Completing 70% with 303 violations.
    elapsed time = 00:00:17, memory = 1110.90 (MB).
    Completing 80% with 303 violations.
    elapsed time = 00:00:21, memory = 1118.15 (MB).
    Completing 90% with 157 violations.
    elapsed time = 00:00:23, memory = 1124.02 (MB).
    Completing 100% with 72 violations.
    elapsed time = 00:00:24, memory = 1125.40 (MB).
[INFO DRT-0199]   Number of violations = 72.
Viol/Layer        met1   met2
Metal Spacing       27      3
Short               42      0
[INFO DRT-0267] cpu time = 00:01:10, elapsed time = 00:00:24, memory = 1125.40 (MB), peak = 1141.35 (MB)
Total wire length = 112466 um.
Total wire length on LAYER li1 = 0 um.
Total wire length on LAYER met1 = 50632 um.
Total wire length on LAYER met2 = 53000 um.
Total wire length on LAYER met3 = 6001 um.
Total wire length on LAYER met4 = 2832 um.
Total wire length on LAYER met5 = 0 um.
Total number of vias = 29778.
Up-via summary (total 29778):

------------------------
 FR_MASTERSLICE        0
            li1    13893
           met1    15052
           met2      719
           met3      114
           met4        0
------------------------
                   29778


[INFO DRT-0195] Start 4th optimization iteration.
    Completing 10% with 72 violations.
    elapsed time = 00:00:00, memory = 1125.40 (MB).
    Completing 20% with 72 violations.
    elapsed time = 00:00:00, memory = 1125.40 (MB).
    Completing 30% with 72 violations.
    elapsed time = 00:00:00, memory = 1128.15 (MB).
    Completing 40% with 32 violations.
    elapsed time = 00:00:01, memory = 1128.15 (MB).
    Completing 50% with 32 violations.
    elapsed time = 00:00:01, memory = 1128.15 (MB).
    Completing 60% with 24 violations.
    elapsed time = 00:00:08, memory = 1131.35 (MB).
    Completing 70% with 24 violations.
    elapsed time = 00:00:08, memory = 1131.35 (MB).
    Completing 80% with 24 violations.
    elapsed time = 00:00:09, memory = 1131.35 (MB).
    Completing 90% with 6 violations.
    elapsed time = 00:00:09, memory = 1131.35 (MB).
    Completing 100% with 0 violations.
    elapsed time = 00:00:09, memory = 1131.35 (MB).
[INFO DRT-0199]   Number of violations = 0.
[INFO DRT-0267] cpu time = 00:00:20, elapsed time = 00:00:09, memory = 1131.35 (MB), peak = 1150.02 (MB)
Total wire length = 112445 um.
Total wire length on LAYER li1 = 0 um.
Total wire length on LAYER met1 = 50381 um.
Total wire length on LAYER met2 = 52969 um.
Total wire length on LAYER met3 = 6249 um.
Total wire length on LAYER met4 = 2845 um.
Total wire length on LAYER met5 = 0 um.
Total number of vias = 29811.
Up-via summary (total 29811):

------------------------
 FR_MASTERSLICE        0
            li1    13893
           met1    15040
           met2      759
           met3      119
           met4        0
------------------------
                   29811


[INFO DRT-0198] Complete detail routing.
Total wire length = 112445 um.
Total wire length on LAYER li1 = 0 um.
Total wire length on LAYER met1 = 50381 um.
Total wire length on LAYER met2 = 52969 um.
Total wire length on LAYER met3 = 6249 um.
Total wire length on LAYER met4 = 2845 um.
Total wire length on LAYER met5 = 0 um.
Total number of vias = 29811.
Up-via summary (total 29811):

------------------------
 FR_MASTERSLICE        0
            li1    13893
           met1    15040
           met2      759
           met3      119
           met4        0
------------------------
                   29811


[INFO DRT-0267] cpu time = 00:09:55, elapsed time = 00:02:19, memory = 1131.35 (MB), peak = 1150.02 (MB)

[INFO DRT-0180] Post processing.
Setting global connections for newly added cells…
[INFO] Setting global connections...
Updating metrics…
Cell type report:                       Count       Area
  Fill cell                               214     803.27
  Tap cell                               1199    1500.19
  Antenna cell                              9      22.52
  Clock buffer                            113    1606.54
  Timing Repair Buffer                   1275   10901.71
  Inverter                                212     795.76
  Clock inverter                           70     827.04
  Sequential cell                         923   19396.10
  Multi-Input combinational cell         1871   20763.66
  Total                                  5886   56616.80
Writing OpenROAD database to '/home/rodrialves/MSc/design_runs/lsu_acc/runs/RUN_2025-06-21_22-15-54/43-openroad-detailedrouting/lsu_wrapper.odb'…
Writing netlist to '/home/rodrialves/MSc/design_runs/lsu_acc/runs/RUN_2025-06-21_22-15-54/43-openroad-detailedrouting/lsu_wrapper.nl.v'…
Writing powered netlist to '/home/rodrialves/MSc/design_runs/lsu_acc/runs/RUN_2025-06-21_22-15-54/43-openroad-detailedrouting/lsu_wrapper.pnl.v'…
Writing layout to '/home/rodrialves/MSc/design_runs/lsu_acc/runs/RUN_2025-06-21_22-15-54/43-openroad-detailedrouting/lsu_wrapper.def'…
Writing timing constraints to '/home/rodrialves/MSc/design_runs/lsu_acc/runs/RUN_2025-06-21_22-15-54/43-openroad-detailedrouting/lsu_wrapper.sdc'…
