Reading OpenROAD database at '/home/rodrialves/MSc/design_runs/lsu_acc/runs/RUN_2025-06-21_22-15-54/23-openroad-globalplacementskipio/lsu_wrapper.odb'…
Reading library file at '/home/rodrialves/.volare/volare/sky130/versions/0fe599b2afb6708d281543108caf8310912f54af/sky130A/libs.ref/sky130_fd_sc_hd/lib/sky130_fd_sc_hd__tt_025C_1v80.lib'…
Reading design constraints file at '/nix/store/ss2cw3sxbrwwx9jl0rrppbw4kgcmgi2n-python3-3.11.9-env/lib/python3.11/site-packages/openlane/scripts/base.sdc'…
[INFO] Using clock clk…
[INFO] Setting output delay to: 2
[INFO] Setting input delay to: 2
[INFO] Setting load to: 0.033442
[INFO] Setting clock uncertainty to: 0.25
[INFO] Setting clock transition to: 0.1499999999999999944488848768742172978818416595458984375
[INFO] Setting timing derate to: 5%
[INFO] place_pins args: -min_distance 3
Found 0 macro blocks.
[INFO PPL-0010] Tentative 0 to set up sections.
[INFO PPL-0001] Number of slots           372
[INFO PPL-0002] Number of I/O             182
[INFO PPL-0003] Number of I/O w/sink      182
[INFO PPL-0004] Number of I/O w/o sink    0
[INFO PPL-0005] Slots per section         200
[INFO PPL-0006] Slots increase factor     0.01
[INFO PPL-0008] Successfully assigned pins to sections.
[INFO PPL-0012] I/O nets HPWL: 12620.92 um.
Setting global connections for newly added cells…
[INFO] Setting global connections...
Updating metrics…
Cell type report:                       Count       Area
  Fill cell                               214     803.27
  Tap cell                               1199    1500.19
  Inverter                                212     795.76
  Sequential cell                         923   20508.42
  Multi-Input combinational cell         1870   21145.28
  Total                                  4418   44752.92
Writing OpenROAD database to '/home/rodrialves/MSc/design_runs/lsu_acc/runs/RUN_2025-06-21_22-15-54/24-openroad-ioplacement/lsu_wrapper.odb'…
Writing netlist to '/home/rodrialves/MSc/design_runs/lsu_acc/runs/RUN_2025-06-21_22-15-54/24-openroad-ioplacement/lsu_wrapper.nl.v'…
Writing powered netlist to '/home/rodrialves/MSc/design_runs/lsu_acc/runs/RUN_2025-06-21_22-15-54/24-openroad-ioplacement/lsu_wrapper.pnl.v'…
Writing layout to '/home/rodrialves/MSc/design_runs/lsu_acc/runs/RUN_2025-06-21_22-15-54/24-openroad-ioplacement/lsu_wrapper.def'…
Writing timing constraints to '/home/rodrialves/MSc/design_runs/lsu_acc/runs/RUN_2025-06-21_22-15-54/24-openroad-ioplacement/lsu_wrapper.sdc'…
