Clock: clk
Sources: clk 
Generated: no
Virtual: yes
Propagated: no
Period: 10.000000

===========================================================================
report_clock_properties
============================================================================
Clock                   Period          Waveform
----------------------------------------------------
clk                  10.000000    0.000000  5.000000

===========================================================================
report_clock_latency
============================================================================
Clock clk
rise -> rise
    min     max
0.000000 0.000000 source latency
0.679815         network latency _4420_/CLK
        0.707868 network latency _4454_/CLK
---------------
0.679815 0.707868 latency
        0.028053 skew

fall -> fall
    min     max
0.000000 0.000000 source latency
0.601933         network latency _4901_/CLK
        0.621451 network latency _4454_/CLK
---------------
0.601933 0.621451 latency
        0.019518 skew



===========================================================================
report_clock_min_period
============================================================================
clk period_min = 3.79 fmax = 263.77
