
===========================================================================
 report_power
============================================================================
======================= nom_tt_025C_1v80 Corner ===================================

Group                    Internal    Switching      Leakage        Total
                            Power        Power        Power        Power (Watts)
------------------------------------------------------------------------
Sequential           5.584009e-03 7.616026e-04 8.368874e-09 6.345620e-03  37.0%
Combinational        5.300992e-03 2.831558e-03 1.745726e-08 8.132568e-03  47.5%
Clock                1.374753e-03 1.278129e-03 1.902260e-09 2.652884e-03  15.5%
Macro                0.000000e+00 0.000000e+00 0.000000e+00 0.000000e+00   0.0%
Pad                  0.000000e+00 0.000000e+00 0.000000e+00 0.000000e+00   0.0%
------------------------------------------------------------------------
Total                1.225973e-02 4.871285e-03 2.772850e-08 1.713105e-02 100.0%
                            71.6%        28.4%         0.0%
Writing metric power__internal__total: 0.012259733863174915
Writing metric power__switching__total: 0.004871285054832697
Writing metric power__leakage__total: 2.7728495055612257e-8
Writing metric power__total: 0.017131047323346138

