Reading OpenROAD database at '/home/rodrialves/MSc/design_runs/lsu_acc/runs/RUN_2025-06-21_22-15-54/24-openroad-ioplacement/lsu_wrapper.odb'…
Reading library file at '/home/rodrialves/.volare/volare/sky130/versions/0fe599b2afb6708d281543108caf8310912f54af/sky130A/libs.ref/sky130_fd_sc_hd/lib/sky130_fd_sc_hd__tt_025C_1v80.lib'…
Reading design constraints file at '/nix/store/ss2cw3sxbrwwx9jl0rrppbw4kgcmgi2n-python3-3.11.9-env/lib/python3.11/site-packages/openlane/scripts/base.sdc'…
[INFO] Using clock clk…
[INFO] Setting output delay to: 2
[INFO] Setting input delay to: 2
[INFO] Setting load to: 0.033442
[INFO] Setting clock uncertainty to: 0.25
[INFO] Setting clock transition to: 0.1499999999999999944488848768742172978818416595458984375
[INFO] Setting timing derate to: 5%
[INFO] Setting RC values…
[INFO] Setting signal min routing layer to: met1 and clock min routing layer to met1. 
[INFO] Setting signal max routing layer to: met5 and clock max routing layer to met5. 
+ global_placement -density 0.61861 -timing_driven -routability_driven -pad_right 0 -pad_left 0 -init_wirelength_coef 0.25
[INFO GPL-0002] DBU: 1000
[INFO GPL-0003] SiteSize: (  0.460  2.720 ) um
[INFO GPL-0004] CoreBBox: (  5.520 10.880 ) ( 296.700 301.920 ) um
[INFO GPL-0006] NumInstances:              4418
[INFO GPL-0007] NumPlaceInstances:         3005
[INFO GPL-0008] NumFixedInstances:         1413
[INFO GPL-0009] NumDummyInstances:            0
[INFO GPL-0010] NumNets:                   3108
[INFO GPL-0011] NumPins:                  11412
[INFO GPL-0012] DieBBox:  (  0.000  0.000 ) ( 302.415 313.135 ) um
[INFO GPL-0013] CoreBBox: (  5.520 10.880 ) ( 296.700 301.920 ) um
[INFO GPL-0016] CoreArea:             84745.027 um^2
[INFO GPL-0017] NonPlaceInstsArea:     2303.459 um^2
[INFO GPL-0018] PlaceInstsArea:       42449.462 um^2
[INFO GPL-0019] Util:                    51.490 %
[INFO GPL-0020] StdInstsArea:         42449.462 um^2
[INFO GPL-0021] MacroInstsArea:           0.000 um^2
[InitialPlace]  Iter: 1 CG residual: 0.00111852 HPWL: 73154709
[InitialPlace]  Iter: 2 CG residual: 0.00022948 HPWL: 61146084
[InitialPlace]  Iter: 3 CG residual: 0.00003431 HPWL: 55273313
[InitialPlace]  Iter: 4 CG residual: 0.00004021 HPWL: 51624176
[InitialPlace]  Iter: 5 CG residual: 0.00002122 HPWL: 50365785
[InitialPlace]  Iter: 6 CG residual: 0.00001607 HPWL: 50029728
[InitialPlace]  Iter: 7 CG residual: 0.00000682 HPWL: 49855903
[INFO GPL-0031] FillerInit:NumGCells:      3614
[INFO GPL-0032] FillerInit:NumGNets:       3108
[INFO GPL-0033] FillerInit:NumGPins:      11412
[INFO GPL-0023] TargetDensity:            0.619
[INFO GPL-0024] AvrgPlaceInstArea:       14.126 um^2
[INFO GPL-0025] IdealBinArea:            22.836 um^2
[INFO GPL-0026] IdealBinCnt:               3711
[INFO GPL-0027] TotalBinArea:         84745.027 um^2
[INFO GPL-0028] BinCnt:        32     32
[INFO GPL-0029] BinSize: (  9.100  9.095 )
[INFO GPL-0030] NumBins: 1024
[NesterovSolve] Iter:    1 overflow: 0.890 HPWL: 26305559
[NesterovSolve] Iter:   10 overflow: 0.824 HPWL: 28926517
[NesterovSolve] Iter:   20 overflow: 0.802 HPWL: 29712089
[NesterovSolve] Iter:   30 overflow: 0.788 HPWL: 30189924
[NesterovSolve] Iter:   40 overflow: 0.785 HPWL: 30325010
[INFO GPL-0100] Timing-driven: executing resizer for reweighting nets.
[INFO GPL-0101] Timing-driven: worst slack 4.59e-10
[INFO GPL-0103] Timing-driven: weighted 308 nets.
[NesterovSolve] Iter:   50 overflow: 0.784 HPWL: 30667765
[NesterovSolve] Iter:   60 overflow: 0.783 HPWL: 30399463
[NesterovSolve] Iter:   70 overflow: 0.782 HPWL: 30398067
[NesterovSolve] Iter:   80 overflow: 0.780 HPWL: 30394043
[NesterovSolve] Iter:   90 overflow: 0.779 HPWL: 30433745
[NesterovSolve] Iter:  100 overflow: 0.779 HPWL: 30466307
[NesterovSolve] Iter:  110 overflow: 0.779 HPWL: 30475603
[NesterovSolve] Iter:  120 overflow: 0.779 HPWL: 30502512
[NesterovSolve] Iter:  130 overflow: 0.777 HPWL: 30565153
[NesterovSolve] Iter:  140 overflow: 0.776 HPWL: 30687941
[NesterovSolve] Iter:  150 overflow: 0.774 HPWL: 30897244
[NesterovSolve] Iter:  160 overflow: 0.765 HPWL: 31192520
[NesterovSolve] Iter:  170 overflow: 0.759 HPWL: 31567416
[NesterovSolve] Iter:  180 overflow: 0.747 HPWL: 32108244
[NesterovSolve] Iter:  190 overflow: 0.720 HPWL: 32775368
[NesterovSolve] Iter:  200 overflow: 0.699 HPWL: 33541877
[NesterovSolve] Iter:  210 overflow: 0.674 HPWL: 34470449
[NesterovSolve] Iter:  220 overflow: 0.639 HPWL: 35368921
[INFO GPL-0100] Timing-driven: executing resizer for reweighting nets.
[INFO GPL-0101] Timing-driven: worst slack 1.74e-10
[INFO GPL-0103] Timing-driven: weighted 308 nets.
[NesterovSolve] Iter:  230 overflow: 0.605 HPWL: 36295271
[NesterovSolve] Snapshot saved at iter = 231
[NesterovSolve] Iter:  240 overflow: 0.564 HPWL: 36863227
[NesterovSolve] Iter:  250 overflow: 0.529 HPWL: 37647233
[NesterovSolve] Iter:  260 overflow: 0.499 HPWL: 38606478
[INFO GPL-0100] Timing-driven: executing resizer for reweighting nets.
[INFO GPL-0101] Timing-driven: worst slack -5.39e-11
[INFO GPL-0103] Timing-driven: weighted 308 nets.
[NesterovSolve] Iter:  270 overflow: 0.448 HPWL: 39447052
[NesterovSolve] Iter:  280 overflow: 0.406 HPWL: 39952456
[NesterovSolve] Iter:  290 overflow: 0.362 HPWL: 40239444
[NesterovSolve] Iter:  300 overflow: 0.323 HPWL: 40306094
[INFO GPL-0075] Routability numCall: 1 inflationIterCnt: 1 bloatIterCnt: 0
[INFO GPL-0036] TileBBox: (    0    0 ) ( 6900 6900 ) DBU
[INFO GPL-0038] TileCnt:      43   45
[INFO GPL-0040] NumTiles: 1935
[INFO GPL-0081] TotalRouteOverflow: 0
[INFO GPL-0082] OverflowTileCnt: 0
[INFO GPL-0083] 0.5%RC: 0.8705325305461884
[INFO GPL-0084] 1.0%RC: 0.8349760681390762
[INFO GPL-0085] 2.0%RC: 0.7963280035899236
[INFO GPL-0086] 5.0%RC: 0.7353814907909668
[INFO GPL-0087] FinalRC: 0.8527543
[INFO GPL-0077] FinalRC lower than targetRC(1.01), routability not needed.
[NesterovSolve] Iter:  310 overflow: 0.283 HPWL: 40256887
[INFO GPL-0100] Timing-driven: executing resizer for reweighting nets.
[INFO GPL-0101] Timing-driven: worst slack -3.29e-10
[INFO GPL-0103] Timing-driven: weighted 308 nets.
[NesterovSolve] Iter:  320 overflow: 0.249 HPWL: 40354708
[NesterovSolve] Iter:  330 overflow: 0.219 HPWL: 40524208
[INFO GPL-0100] Timing-driven: executing resizer for reweighting nets.
[INFO GPL-0101] Timing-driven: worst slack -4.53e-10
[INFO GPL-0103] Timing-driven: weighted 308 nets.
[NesterovSolve] Iter:  340 overflow: 0.191 HPWL: 40751878
[NesterovSolve] Iter:  350 overflow: 0.163 HPWL: 41055175
[INFO GPL-0100] Timing-driven: executing resizer for reweighting nets.
[INFO GPL-0101] Timing-driven: worst slack -5e-10
[INFO GPL-0103] Timing-driven: weighted 308 nets.
[NesterovSolve] Iter:  360 overflow: 0.140 HPWL: 41204711
[NesterovSolve] Iter:  370 overflow: 0.119 HPWL: 41414450
[NesterovSolve] Iter:  380 overflow: 0.101 HPWL: 41590857
[NesterovSolve] Finished with Overflow: 0.098970
[INFO] Setting RC values…
Setting global connections for newly added cells…
[INFO] Setting global connections...
Updating metrics…
Cell type report:                       Count       Area
  Fill cell                               214     803.27
  Tap cell                               1199    1500.19
  Inverter                                212     795.76
  Sequential cell                         923   20508.42
  Multi-Input combinational cell         1870   21145.28
  Total                                  4418   44752.92
Writing OpenROAD database to '/home/rodrialves/MSc/design_runs/lsu_acc/runs/RUN_2025-06-21_22-15-54/27-openroad-globalplacement/lsu_wrapper.odb'…
Writing netlist to '/home/rodrialves/MSc/design_runs/lsu_acc/runs/RUN_2025-06-21_22-15-54/27-openroad-globalplacement/lsu_wrapper.nl.v'…
Writing powered netlist to '/home/rodrialves/MSc/design_runs/lsu_acc/runs/RUN_2025-06-21_22-15-54/27-openroad-globalplacement/lsu_wrapper.pnl.v'…
Writing layout to '/home/rodrialves/MSc/design_runs/lsu_acc/runs/RUN_2025-06-21_22-15-54/27-openroad-globalplacement/lsu_wrapper.def'…
Writing timing constraints to '/home/rodrialves/MSc/design_runs/lsu_acc/runs/RUN_2025-06-21_22-15-54/27-openroad-globalplacement/lsu_wrapper.sdc'…
