
===========================================================================
report_checks -unconstrained
===========================================================================
======================= min_ss_100C_1v60 Corner ===================================

Startpoint: arst_i (input port clocked by clk)
Endpoint: _4942_ (recovery check against rising-edge clock clk)
Path Group: asynchronous
Path Type: max

Fanout         Cap        Slew       Delay        Time   Description
---------------------------------------------------------------------------------------------
                                  0.000000    0.000000   clock clk (rise edge)
                                  0.000000    0.000000   clock network delay (propagated)
                                  2.000000    2.000000 v input external delay
     1    0.005822    0.030371    0.018711    2.018711 v arst_i (in)
                                                         arst_i (net)
                      0.030371    0.000000    2.018711 v input1/A (sky130_fd_sc_hd__clkbuf_1)
     1    0.003189    0.054297    0.145848    2.164559 v input1/X (sky130_fd_sc_hd__clkbuf_1)
                                                         net1 (net)
                      0.054297    0.000041    2.164600 v fanout446/A (sky130_fd_sc_hd__clkbuf_4)
     5    0.056850    0.210274    0.372341    2.536941 v fanout446/X (sky130_fd_sc_hd__clkbuf_4)
                                                         net446 (net)
                      0.210274    0.000494    2.537435 v fanout445/A (sky130_fd_sc_hd__buf_2)
     5    0.050130    0.229206    0.462728    3.000163 v fanout445/X (sky130_fd_sc_hd__buf_2)
                                                         net445 (net)
                      0.229206    0.000138    3.000301 v fanout434/A (sky130_fd_sc_hd__buf_2)
     5    0.044265    0.205996    0.452665    3.452965 v fanout434/X (sky130_fd_sc_hd__buf_2)
                                                         net434 (net)
                      0.205996    0.000421    3.453387 v fanout433/A (sky130_fd_sc_hd__buf_2)
     6    0.034804    0.168176    0.411590    3.864977 v fanout433/X (sky130_fd_sc_hd__buf_2)
                                                         net433 (net)
                      0.168176    0.000134    3.865111 v fanout431/A (sky130_fd_sc_hd__buf_4)
    10    0.055149    0.144060    0.386488    4.251599 v fanout431/X (sky130_fd_sc_hd__buf_4)
                                                         net431 (net)
                      0.144075    0.001516    4.253115 v _3564_/A (sky130_fd_sc_hd__inv_2)
     1    0.005247    0.063448    0.110178    4.363293 ^ _3564_/Y (sky130_fd_sc_hd__inv_2)
                                                         _0128_ (net)
                      0.063448    0.000072    4.363365 ^ _4942_/RESET_B (sky130_fd_sc_hd__dfrtp_1)
                                              4.363365   data arrival time

                                 10.000000   10.000000   clock clk (rise edge)
                                  0.000000   10.000000   clock source latency
     1    0.036520    0.265564    0.184794   10.184793 ^ clk (in)
                                                         clk (net)
                      0.265590    0.000000   10.184793 ^ clkbuf_0_clk/A (sky130_fd_sc_hd__clkbuf_16)
     8    0.138910    0.231094    0.443850   10.628644 ^ clkbuf_0_clk/X (sky130_fd_sc_hd__clkbuf_16)
                                                         clknet_0_clk (net)
                      0.231152    0.003540   10.632184 ^ clkbuf_3_5__f_clk/A (sky130_fd_sc_hd__clkbuf_16)
    11    0.092422    0.165701    0.380613   11.012797 ^ clkbuf_3_5__f_clk/X (sky130_fd_sc_hd__clkbuf_16)
                                                         clknet_3_5__leaf_clk (net)
                      0.165711    0.001497   11.014295 ^ clkbuf_leaf_63_clk/A (sky130_fd_sc_hd__clkbuf_8)
    10    0.034351    0.116280    0.311250   11.325544 ^ clkbuf_leaf_63_clk/X (sky130_fd_sc_hd__clkbuf_8)
                                                         clknet_leaf_63_clk (net)
                      0.116280    0.000241   11.325785 ^ _4942_/CLK (sky130_fd_sc_hd__dfrtp_1)
                                 -0.250000   11.075785   clock uncertainty
                                  0.000000   11.075785   clock reconvergence pessimism
                                  0.480411   11.556196   library recovery time
                                             11.556196   data required time
---------------------------------------------------------------------------------------------
                                             11.556196   data required time
                                             -4.363365   data arrival time
---------------------------------------------------------------------------------------------
                                              7.192831   slack (MET)


Startpoint: count[0] (input port clocked by clk)
Endpoint: _4684_ (rising edge-triggered flip-flop clocked by clk)
Path Group: clk
Path Type: max

Fanout         Cap        Slew       Delay        Time   Description
---------------------------------------------------------------------------------------------
                                  0.000000    0.000000   clock clk (rise edge)
                                  0.000000    0.000000   clock network delay (propagated)
                                  2.000000    2.000000 v input external delay
     1    0.003419    0.020850    0.011169    2.011169 v count[0] (in)
                                                         count[0] (net)
                      0.020850    0.000000    2.011169 v input2/A (sky130_fd_sc_hd__buf_4)
     9    0.039610    0.113257    0.290399    2.301568 v input2/X (sky130_fd_sc_hd__buf_4)
                                                         net2 (net)
                      0.113329    0.002643    2.304211 v _2064_/C (sky130_fd_sc_hd__or4_4)
     2    0.004796    0.155760    0.965871    3.270082 v _2064_/X (sky130_fd_sc_hd__or4_4)
                                                         _1554_ (net)
                      0.155760    0.000013    3.270095 v _2068_/D (sky130_fd_sc_hd__or4_4)
     2    0.008031    0.167927    0.887954    4.158050 v _2068_/X (sky130_fd_sc_hd__or4_4)
                                                         _1558_ (net)
                      0.167927    0.000145    4.158195 v _2071_/C (sky130_fd_sc_hd__or4_4)
     6    0.018171    0.197903    1.072298    5.230493 v _2071_/X (sky130_fd_sc_hd__or4_4)
                                                         _1561_ (net)
                      0.197903    0.000270    5.230763 v _2073_/C (sky130_fd_sc_hd__or4_4)
     5    0.014950    0.187619    1.063795    6.294558 v _2073_/X (sky130_fd_sc_hd__or4_4)
                                                         _1563_ (net)
                      0.187619    0.000202    6.294760 v _2075_/A (sky130_fd_sc_hd__or4_4)
     6    0.031061    0.233956    1.234668    7.529428 v _2075_/X (sky130_fd_sc_hd__or4_4)
                                                         _1565_ (net)
                      0.233956    0.000949    7.530377 v _2076_/A (sky130_fd_sc_hd__or3_4)
     3    0.020829    0.165385    0.897059    8.427437 v _2076_/X (sky130_fd_sc_hd__or3_4)
                                                         _1566_ (net)
                      0.165385    0.000155    8.427591 v _2093_/A (sky130_fd_sc_hd__and2_4)
     5    0.017738    0.078373    0.324513    8.752104 v _2093_/X (sky130_fd_sc_hd__and2_4)
                                                         _1583_ (net)
                      0.078373    0.000199    8.752303 v _2094_/A (sky130_fd_sc_hd__or2_4)
     3    0.008818    0.092149    0.489101    9.241405 v _2094_/X (sky130_fd_sc_hd__or2_4)
                                                         _1584_ (net)
                      0.092149    0.000067    9.241471 v _2170_/C (sky130_fd_sc_hd__and4_1)
     1    0.004132    0.085123    0.402694    9.644165 v _2170_/X (sky130_fd_sc_hd__and4_1)
                                                         _1660_ (net)
                      0.085123    0.000056    9.644220 v _2174_/A1 (sky130_fd_sc_hd__a31o_1)
     1    0.018167    0.186133    0.444617   10.088838 v _2174_/X (sky130_fd_sc_hd__a31o_1)
                                                         _1664_ (net)
                      0.186133    0.000333   10.089170 v _2175_/B (sky130_fd_sc_hd__nand2_2)
     1    0.005293    0.085117    0.161970   10.251141 ^ _2175_/Y (sky130_fd_sc_hd__nand2_2)
                                                         _1665_ (net)
                      0.085117    0.000051   10.251191 ^ fanout165/A (sky130_fd_sc_hd__buf_6)
     9    0.051675    0.173938    0.266665   10.517857 ^ fanout165/X (sky130_fd_sc_hd__buf_6)
                                                         net165 (net)
                      0.173938    0.000155   10.518012 ^ fanout163/A (sky130_fd_sc_hd__buf_8)
     5    0.025196    0.084025    0.234373   10.752384 ^ fanout163/X (sky130_fd_sc_hd__buf_8)
                                                         net163 (net)
                      0.084025    0.000322   10.752706 ^ _2176_/A1 (sky130_fd_sc_hd__o21a_4)
     6    0.049124    0.249188    0.402907   11.155613 ^ _2176_/X (sky130_fd_sc_hd__o21a_4)
                                                         _1666_ (net)
                      0.249192    0.001426   11.157039 ^ fanout161/A (sky130_fd_sc_hd__buf_8)
     5    0.038328    0.114503    0.288710   11.445747 ^ fanout161/X (sky130_fd_sc_hd__buf_8)
                                                         net161 (net)
                      0.114518    0.001381   11.447129 ^ _2556_/S (sky130_fd_sc_hd__mux2_4)
     1    0.002243    0.076857    0.556224   12.003352 v _2556_/X (sky130_fd_sc_hd__mux2_4)
                                                         _0741_ (net)
                      0.076857    0.000020   12.003373 v _4684_/D (sky130_fd_sc_hd__dfrtp_1)
                                             12.003373   data arrival time

                                 10.000000   10.000000   clock clk (rise edge)
                                  0.000000   10.000000   clock source latency
     1    0.036520    0.265564    0.184794   10.184793 ^ clk (in)
                                                         clk (net)
                      0.265590    0.000000   10.184793 ^ clkbuf_0_clk/A (sky130_fd_sc_hd__clkbuf_16)
     8    0.138910    0.231094    0.443850   10.628644 ^ clkbuf_0_clk/X (sky130_fd_sc_hd__clkbuf_16)
                                                         clknet_0_clk (net)
                      0.231157    0.003672   10.632316 ^ clkbuf_3_2__f_clk/A (sky130_fd_sc_hd__clkbuf_16)
    13    0.089632    0.161505    0.377201   11.009517 ^ clkbuf_3_2__f_clk/X (sky130_fd_sc_hd__clkbuf_16)
                                                         clknet_3_2__leaf_clk (net)
                      0.161541    0.002414   11.011931 ^ clkbuf_leaf_26_clk/A (sky130_fd_sc_hd__clkbuf_8)
     3    0.030750    0.108914    0.302270   11.314201 ^ clkbuf_leaf_26_clk/X (sky130_fd_sc_hd__clkbuf_8)
                                                         clknet_leaf_26_clk (net)
                      0.108914    0.000117   11.314319 ^ _4684_/CLK (sky130_fd_sc_hd__dfrtp_1)
                                 -0.250000   11.064319   clock uncertainty
                                  0.000000   11.064319   clock reconvergence pessimism
                                 -0.269052   10.795266   library setup time
                                             10.795266   data required time
---------------------------------------------------------------------------------------------
                                             10.795266   data required time
                                            -12.003373   data arrival time
---------------------------------------------------------------------------------------------
                                             -1.208107   slack (VIOLATED)




===========================================================================
report_checks --slack_max -0.01
============================================================================
======================= min_ss_100C_1v60 Corner ===================================

Startpoint: count[0] (input port clocked by clk)
Endpoint: _4684_ (rising edge-triggered flip-flop clocked by clk)
Path Group: clk
Path Type: max

Fanout         Cap        Slew       Delay        Time   Description
---------------------------------------------------------------------------------------------
                                  0.000000    0.000000   clock clk (rise edge)
                                  0.000000    0.000000   clock network delay (propagated)
                                  2.000000    2.000000 v input external delay
     1    0.003419    0.020850    0.011169    2.011169 v count[0] (in)
                                                         count[0] (net)
                      0.020850    0.000000    2.011169 v input2/A (sky130_fd_sc_hd__buf_4)
     9    0.039610    0.113257    0.290399    2.301568 v input2/X (sky130_fd_sc_hd__buf_4)
                                                         net2 (net)
                      0.113329    0.002643    2.304211 v _2064_/C (sky130_fd_sc_hd__or4_4)
     2    0.004796    0.155760    0.965871    3.270082 v _2064_/X (sky130_fd_sc_hd__or4_4)
                                                         _1554_ (net)
                      0.155760    0.000013    3.270095 v _2068_/D (sky130_fd_sc_hd__or4_4)
     2    0.008031    0.167927    0.887954    4.158050 v _2068_/X (sky130_fd_sc_hd__or4_4)
                                                         _1558_ (net)
                      0.167927    0.000145    4.158195 v _2071_/C (sky130_fd_sc_hd__or4_4)
     6    0.018171    0.197903    1.072298    5.230493 v _2071_/X (sky130_fd_sc_hd__or4_4)
                                                         _1561_ (net)
                      0.197903    0.000270    5.230763 v _2073_/C (sky130_fd_sc_hd__or4_4)
     5    0.014950    0.187619    1.063795    6.294558 v _2073_/X (sky130_fd_sc_hd__or4_4)
                                                         _1563_ (net)
                      0.187619    0.000202    6.294760 v _2075_/A (sky130_fd_sc_hd__or4_4)
     6    0.031061    0.233956    1.234668    7.529428 v _2075_/X (sky130_fd_sc_hd__or4_4)
                                                         _1565_ (net)
                      0.233956    0.000949    7.530377 v _2076_/A (sky130_fd_sc_hd__or3_4)
     3    0.020829    0.165385    0.897059    8.427437 v _2076_/X (sky130_fd_sc_hd__or3_4)
                                                         _1566_ (net)
                      0.165385    0.000155    8.427591 v _2093_/A (sky130_fd_sc_hd__and2_4)
     5    0.017738    0.078373    0.324513    8.752104 v _2093_/X (sky130_fd_sc_hd__and2_4)
                                                         _1583_ (net)
                      0.078373    0.000199    8.752303 v _2094_/A (sky130_fd_sc_hd__or2_4)
     3    0.008818    0.092149    0.489101    9.241405 v _2094_/X (sky130_fd_sc_hd__or2_4)
                                                         _1584_ (net)
                      0.092149    0.000067    9.241471 v _2170_/C (sky130_fd_sc_hd__and4_1)
     1    0.004132    0.085123    0.402694    9.644165 v _2170_/X (sky130_fd_sc_hd__and4_1)
                                                         _1660_ (net)
                      0.085123    0.000056    9.644220 v _2174_/A1 (sky130_fd_sc_hd__a31o_1)
     1    0.018167    0.186133    0.444617   10.088838 v _2174_/X (sky130_fd_sc_hd__a31o_1)
                                                         _1664_ (net)
                      0.186133    0.000333   10.089170 v _2175_/B (sky130_fd_sc_hd__nand2_2)
     1    0.005293    0.085117    0.161970   10.251141 ^ _2175_/Y (sky130_fd_sc_hd__nand2_2)
                                                         _1665_ (net)
                      0.085117    0.000051   10.251191 ^ fanout165/A (sky130_fd_sc_hd__buf_6)
     9    0.051675    0.173938    0.266665   10.517857 ^ fanout165/X (sky130_fd_sc_hd__buf_6)
                                                         net165 (net)
                      0.173938    0.000155   10.518012 ^ fanout163/A (sky130_fd_sc_hd__buf_8)
     5    0.025196    0.084025    0.234373   10.752384 ^ fanout163/X (sky130_fd_sc_hd__buf_8)
                                                         net163 (net)
                      0.084025    0.000322   10.752706 ^ _2176_/A1 (sky130_fd_sc_hd__o21a_4)
     6    0.049124    0.249188    0.402907   11.155613 ^ _2176_/X (sky130_fd_sc_hd__o21a_4)
                                                         _1666_ (net)
                      0.249192    0.001426   11.157039 ^ fanout161/A (sky130_fd_sc_hd__buf_8)
     5    0.038328    0.114503    0.288710   11.445747 ^ fanout161/X (sky130_fd_sc_hd__buf_8)
                                                         net161 (net)
                      0.114518    0.001381   11.447129 ^ _2556_/S (sky130_fd_sc_hd__mux2_4)
     1    0.002243    0.076857    0.556224   12.003352 v _2556_/X (sky130_fd_sc_hd__mux2_4)
                                                         _0741_ (net)
                      0.076857    0.000020   12.003373 v _4684_/D (sky130_fd_sc_hd__dfrtp_1)
                                             12.003373   data arrival time

                                 10.000000   10.000000   clock clk (rise edge)
                                  0.000000   10.000000   clock source latency
     1    0.036520    0.265564    0.184794   10.184793 ^ clk (in)
                                                         clk (net)
                      0.265590    0.000000   10.184793 ^ clkbuf_0_clk/A (sky130_fd_sc_hd__clkbuf_16)
     8    0.138910    0.231094    0.443850   10.628644 ^ clkbuf_0_clk/X (sky130_fd_sc_hd__clkbuf_16)
                                                         clknet_0_clk (net)
                      0.231157    0.003672   10.632316 ^ clkbuf_3_2__f_clk/A (sky130_fd_sc_hd__clkbuf_16)
    13    0.089632    0.161505    0.377201   11.009517 ^ clkbuf_3_2__f_clk/X (sky130_fd_sc_hd__clkbuf_16)
                                                         clknet_3_2__leaf_clk (net)
                      0.161541    0.002414   11.011931 ^ clkbuf_leaf_26_clk/A (sky130_fd_sc_hd__clkbuf_8)
     3    0.030750    0.108914    0.302270   11.314201 ^ clkbuf_leaf_26_clk/X (sky130_fd_sc_hd__clkbuf_8)
                                                         clknet_leaf_26_clk (net)
                      0.108914    0.000117   11.314319 ^ _4684_/CLK (sky130_fd_sc_hd__dfrtp_1)
                                 -0.250000   11.064319   clock uncertainty
                                  0.000000   11.064319   clock reconvergence pessimism
                                 -0.269052   10.795266   library setup time
                                             10.795266   data required time
---------------------------------------------------------------------------------------------
                                             10.795266   data required time
                                            -12.003373   data arrival time
---------------------------------------------------------------------------------------------
                                             -1.208107   slack (VIOLATED)




===========================================================================
 report_check_types -max_slew -max_cap -max_fanout -violators
============================================================================
======================= min_ss_100C_1v60 Corner ===================================

max fanout

Pin                                   Limit Fanout  Slack
---------------------------------------------------------
wire237/X                                10     22    -12 (VIOLATED)
clkbuf_leaf_68_clk/X                     10     20    -10 (VIOLATED)
clkbuf_leaf_70_clk/X                     10     20    -10 (VIOLATED)
clkbuf_leaf_11_clk/X                     10     19     -9 (VIOLATED)
clkbuf_leaf_1_clk/X                      10     18     -8 (VIOLATED)
clkbuf_leaf_31_clk/X                     10     18     -8 (VIOLATED)
clkbuf_leaf_32_clk/X                     10     18     -8 (VIOLATED)
clkbuf_leaf_87_clk/X                     10     18     -8 (VIOLATED)
clkbuf_leaf_3_clk/X                      10     16     -6 (VIOLATED)
clkbuf_leaf_45_clk/X                     10     16     -6 (VIOLATED)
clkbuf_leaf_80_clk/X                     10     16     -6 (VIOLATED)
clkbuf_leaf_81_clk/X                     10     16     -6 (VIOLATED)
clkbuf_leaf_8_clk/X                      10     16     -6 (VIOLATED)
clkbuf_leaf_48_clk/X                     10     15     -5 (VIOLATED)
clkbuf_leaf_4_clk/X                      10     15     -5 (VIOLATED)
clkbuf_leaf_72_clk/X                     10     15     -5 (VIOLATED)
clkbuf_leaf_82_clk/X                     10     15     -5 (VIOLATED)
clkbuf_leaf_17_clk/X                     10     14     -4 (VIOLATED)
clkbuf_leaf_27_clk/X                     10     14     -4 (VIOLATED)
clkbuf_leaf_2_clk/X                      10     14     -4 (VIOLATED)
clkbuf_leaf_35_clk/X                     10     14     -4 (VIOLATED)
clkbuf_leaf_44_clk/X                     10     14     -4 (VIOLATED)
clkbuf_leaf_60_clk/X                     10     14     -4 (VIOLATED)
clkbuf_leaf_84_clk/X                     10     14     -4 (VIOLATED)
clkbuf_3_0__f_clk/X                      10     13     -3 (VIOLATED)
clkbuf_3_1__f_clk/X                      10     13     -3 (VIOLATED)
clkbuf_3_2__f_clk/X                      10     13     -3 (VIOLATED)
clkbuf_leaf_19_clk/X                     10     13     -3 (VIOLATED)
clkbuf_leaf_25_clk/X                     10     13     -3 (VIOLATED)
clkbuf_leaf_30_clk/X                     10     13     -3 (VIOLATED)
clkbuf_leaf_33_clk/X                     10     13     -3 (VIOLATED)
clkbuf_leaf_5_clk/X                      10     13     -3 (VIOLATED)
clkbuf_leaf_65_clk/X                     10     13     -3 (VIOLATED)
clkbuf_leaf_78_clk/X                     10     13     -3 (VIOLATED)
clkbuf_leaf_85_clk/X                     10     13     -3 (VIOLATED)
clkbuf_3_3__f_clk/X                      10     12     -2 (VIOLATED)
clkbuf_leaf_14_clk/X                     10     12     -2 (VIOLATED)
clkbuf_leaf_20_clk/X                     10     12     -2 (VIOLATED)
clkbuf_leaf_22_clk/X                     10     12     -2 (VIOLATED)
clkbuf_leaf_24_clk/X                     10     12     -2 (VIOLATED)
clkbuf_leaf_28_clk/X                     10     12     -2 (VIOLATED)
clkbuf_leaf_36_clk/X                     10     12     -2 (VIOLATED)
clkbuf_leaf_53_clk/X                     10     12     -2 (VIOLATED)
clkbuf_leaf_56_clk/X                     10     12     -2 (VIOLATED)
clkbuf_leaf_61_clk/X                     10     12     -2 (VIOLATED)
clkbuf_leaf_64_clk/X                     10     12     -2 (VIOLATED)
clkbuf_leaf_83_clk/X                     10     12     -2 (VIOLATED)
clkbuf_3_4__f_clk/X                      10     11        (VIOLATED)
clkbuf_3_5__f_clk/X                      10     11        (VIOLATED)
clkbuf_3_6__f_clk/X                      10     11        (VIOLATED)
clkbuf_3_7__f_clk/X                      10     11        (VIOLATED)
clkbuf_leaf_12_clk/X                     10     11        (VIOLATED)
clkbuf_leaf_13_clk/X                     10     11        (VIOLATED)
clkbuf_leaf_21_clk/X                     10     11        (VIOLATED)
clkbuf_leaf_49_clk/X                     10     11        (VIOLATED)
clkbuf_leaf_54_clk/X                     10     11        (VIOLATED)
clkbuf_leaf_67_clk/X                     10     11        (VIOLATED)
clkbuf_leaf_77_clk/X                     10     11        (VIOLATED)
clkbuf_leaf_86_clk/X                     10     11        (VIOLATED)
fanout272/X                              10     11        (VIOLATED)



===========================================================================
report_parasitic_annotation -report_unannotated
============================================================================
Found 108 unannotated drivers.
 clkload0/X
 clkload1/X
 clkload10/Y
 clkload11/Y
 clkload12/Y
 clkload13/Y
 clkload14/Y
 clkload15/Y
 clkload16/Y
 clkload17/Y
 clkload18/X
 clkload19/Y
 clkload2/Y
 clkload20/Y
 clkload21/Y
 clkload22/Y
 clkload23/Y
 clkload24/Y
 clkload25/Y
 clkload26/Y
 clkload27/X
 clkload28/X
 clkload29/Y
 clkload3/Y
 clkload30/Y
 clkload31/Y
 clkload32/X
 clkload33/Y
 clkload34/X
 clkload35/Y
 clkload36/X
 clkload37/Y
 clkload38/X
 clkload39/X
 clkload4/Y
 clkload40/Y
 clkload41/X
 clkload42/Y
 clkload43/Y
 clkload44/Y
 clkload45/Y
 clkload46/Y
 clkload47/Y
 clkload48/Y
 clkload49/Y
 clkload5/Y
 clkload50/Y
 clkload51/Y
 clkload52/Y
 clkload53/Y
 clkload54/Y
 clkload55/X
 clkload56/Y
 clkload57/Y
 clkload58/Y
 clkload59/Y
 clkload6/Y
 clkload60/Y
 clkload61/Y
 clkload62/Y
 clkload63/Y
 clkload64/Y
 clkload65/X
 clkload66/Y
 clkload67/Y
 clkload68/Y
 clkload69/Y
 clkload7/Y
 clkload70/Y
 clkload71/Y
 clkload72/Y
 clkload73/Y
 clkload74/Y
 clkload75/Y
 clkload76/Y
 clkload77/Y
 clkload78/Y
 clkload79/Y
 clkload8/X
 clkload80/X
 clkload81/X
 clkload82/Y
 clkload83/Y
 clkload84/Y
 clkload85/Y
 clkload9/Y
 lsu_wrapper_447/HI
 lsu_wrapper_448/HI
 lsu_wrapper_449/HI
 lsu_wrapper_450/HI
 lsu_wrapper_451/HI
 lsu_wrapper_452/HI
 lsu_wrapper_453/HI
 lsu_wrapper_454/HI
 lsu_wrapper_455/HI
 lsu_wrapper_456/HI
 lsu_wrapper_457/HI
 lsu_wrapper_458/HI
 lsu_wrapper_459/HI
 lsu_wrapper_460/HI
 lsu_wrapper_461/HI
 lsu_wrapper_462/HI
 lsu_wrapper_463/HI
 lsu_wrapper_464/HI
 lsu_wrapper_465/HI
 lsu_wrapper_466/HI
 lsu_wrapper_467/HI
 lsu_wrapper_468/HI
Found 0 partially unannotated drivers.

===========================================================================
max slew violation count 0
max fanout violation count 60
max cap violation count 0
============================================================================

===========================================================================
check_setup -verbose -unconstrained_endpoints -multiple_clock -no_clock -no_input_delay -loops -generated_clocks
===========================================================================
Warning: There are 22 unconstrained endpoints.
  store_data[10]
  store_data[11]
  store_data[12]
  store_data[13]
  store_data[14]
  store_data[15]
  store_data[16]
  store_data[17]
  store_data[18]
  store_data[19]
  store_data[20]
  store_data[21]
  store_data[22]
  store_data[23]
  store_data[24]
  store_data[25]
  store_data[26]
  store_data[27]
  store_data[28]
  store_data[29]
  store_data[30]
  store_data[31]
