Clock: clk
Sources: clk 
Generated: no
Virtual: yes
Propagated: no
Period: 10.000000

===========================================================================
report_clock_properties
============================================================================
Clock                   Period          Waveform
----------------------------------------------------
clk                  10.000000    0.000000  5.000000

===========================================================================
report_clock_latency
============================================================================
Clock clk
rise -> rise
    min     max
0.000000 0.000000 source latency
1.312753         network latency _4901_/CLK
        1.374138 network latency _4454_/CLK
---------------
1.312753 1.374138 latency
        0.061385 skew

fall -> fall
    min     max
0.000000 0.000000 source latency
1.164856         network latency _4901_/CLK
        1.210377 network latency _4454_/CLK
---------------
1.164856 1.210377 latency
        0.045521 skew



===========================================================================
report_clock_min_period
============================================================================
clk period_min = 8.15 fmax = 122.65
