
===========================================================================
 report_power
============================================================================
======================= min_ss_100C_1v60 Corner ===================================

Group                    Internal    Switching      Leakage        Total
                            Power        Power        Power        Power (Watts)
------------------------------------------------------------------------
Sequential           4.398764e-03 7.275508e-04 1.390791e-05 5.140223e-03  36.0%
Combinational        4.207279e-03 2.653271e-03 2.141152e-05 6.881961e-03  48.2%
Clock                1.129842e-03 1.125207e-03 1.855497e-06 2.256904e-03  15.8%
Macro                0.000000e+00 0.000000e+00 0.000000e+00 0.000000e+00   0.0%
Pad                  0.000000e+00 0.000000e+00 0.000000e+00 0.000000e+00   0.0%
------------------------------------------------------------------------
Total                9.735886e-03 4.506027e-03 3.717498e-05 1.427909e-02 100.0%
                            68.2%        31.6%         0.3%

