
===========================================================================
Violator List
============================================================================
[setup in-reg] count[0] -> _4684_/D : -1.208107
[setup in-reg] count[0] -> _4681_/D : -1.203230
[setup in-reg] count[0] -> _4682_/D : -1.202292
[setup in-reg] count[0] -> _4683_/D : -1.199121
[setup in-reg] count[0] -> _4670_/D : -1.195279
[setup in-reg] count[0] -> _4688_/D : -1.184380
[setup in-reg] count[0] -> _4678_/D : -1.183598
[setup in-reg] count[0] -> _4686_/D : -1.163912
[setup in-reg] count[0] -> _4675_/D : -1.162511
[setup in-reg] count[0] -> _4674_/D : -1.162067
[setup in-reg] count[0] -> _4676_/D : -1.154437
[setup in-reg] count[0] -> _4679_/D : -1.147882
[setup in-reg] count[0] -> _4677_/D : -1.147537
[setup in-reg] count[0] -> _4685_/D : -1.139838
[setup in-reg] count[0] -> _4687_/D : -1.139204
[setup in-reg] count[0] -> _4671_/D : -1.138871
[setup in-reg] count[0] -> _4673_/D : -1.138572
[setup in-reg] count[0] -> _4672_/D : -1.137430
[setup in-reg] count[0] -> _4854_/D : -1.116689
[setup in-reg] count[0] -> _4689_/D : -1.114443
[setup in-reg] count[0] -> _4862_/D : -1.100104
[setup in-reg] count[0] -> _4691_/D : -1.098295
[setup in-reg] count[0] -> _4868_/D : -1.090286
[setup in-reg] count[0] -> _4866_/D : -1.076647
[setup in-reg] count[0] -> _4680_/D : -1.044458
[setup in-reg] count[0] -> _4872_/D : -0.955541
[setup in-reg] count[0] -> _4856_/D : -0.944027
[setup in-reg] count[0] -> _4858_/D : -0.943563
[setup in-reg] count[0] -> _4870_/D : -0.934828
[setup in-reg] count[0] -> _4860_/D : -0.929753
[setup in-reg] count[0] -> _4864_/D : -0.924830
[setup in-reg] count[0] -> _4852_/D : -0.895773
[setup in-reg] count[0] -> _4850_/D : -0.869906
[setup in-reg] count[0] -> _4871_/D : -0.791147
[setup in-reg] count[0] -> _4869_/D : -0.753299
[setup in-reg] count[0] -> _4690_/D : -0.750632
[setup in-reg] count[0] -> _4865_/D : -0.743509
[setup in-reg] count[0] -> _4867_/D : -0.742535
[setup in-reg] count[0] -> _4861_/D : -0.733340
[setup in-reg] count[0] -> _4853_/D : -0.714333
[setup in-reg] count[0] -> _4863_/D : -0.700126
[setup in-reg] count[0] -> _4857_/D : -0.694025
[setup in-reg] count[0] -> _4855_/D : -0.684418
[setup in-reg] count[0] -> _4859_/D : -0.672398
[setup in-reg] count[0] -> _4358_/D : -0.648111
[setup in-reg] count[0] -> _4851_/D : -0.605119
[setup in-reg] count[0] -> _4706_/D : -0.496517
[setup in-reg] count[0] -> _4778_/D : -0.241998
