Reading OpenROAD database at '/home/rodrialves/MSc/design_runs/lsu_acc/runs/RUN_2025-06-21_22-15-54/20-openroad-generatepdn/lsu_wrapper.odb'…
Reading library file at '/home/rodrialves/.volare/volare/sky130/versions/0fe599b2afb6708d281543108caf8310912f54af/sky130A/libs.ref/sky130_fd_sc_hd/lib/sky130_fd_sc_hd__tt_025C_1v80.lib'…
Reading design constraints file at '/nix/store/ss2cw3sxbrwwx9jl0rrppbw4kgcmgi2n-python3-3.11.9-env/lib/python3.11/site-packages/openlane/scripts/base.sdc'…
[INFO] Using clock clk…
[INFO] Setting output delay to: 2
[INFO] Setting input delay to: 2
[INFO] Setting load to: 0.033442
[INFO] Setting clock uncertainty to: 0.25
[INFO] Setting clock transition to: 0.1499999999999999944488848768742172978818416595458984375
[INFO] Setting timing derate to: 5%
+ global_placement -density 0.61861 -skip_io -pad_right 0 -pad_left 0 -init_wirelength_coef 0.25
[INFO GPL-0002] DBU: 1000
[INFO GPL-0003] SiteSize: (  0.460  2.720 ) um
[INFO GPL-0004] CoreBBox: (  5.520 10.880 ) ( 296.700 301.920 ) um
[INFO GPL-0006] NumInstances:              4418
[INFO GPL-0007] NumPlaceInstances:         3005
[INFO GPL-0008] NumFixedInstances:         1413
[INFO GPL-0009] NumDummyInstances:            0
[INFO GPL-0010] NumNets:                   3108
[INFO GPL-0011] NumPins:                  11230
[INFO GPL-0012] DieBBox:  (  0.000  0.000 ) ( 302.415 313.135 ) um
[INFO GPL-0013] CoreBBox: (  5.520 10.880 ) ( 296.700 301.920 ) um
[INFO GPL-0016] CoreArea:             84745.027 um^2
[INFO GPL-0017] NonPlaceInstsArea:     2303.459 um^2
[INFO GPL-0018] PlaceInstsArea:       42449.462 um^2
[INFO GPL-0019] Util:                    51.490 %
[INFO GPL-0020] StdInstsArea:         42449.462 um^2
[INFO GPL-0021] MacroInstsArea:           0.000 um^2
[INFO GPL-0031] FillerInit:NumGCells:      3614
[INFO GPL-0032] FillerInit:NumGNets:       3108
[INFO GPL-0033] FillerInit:NumGPins:      11230
[INFO GPL-0023] TargetDensity:            0.619
[INFO GPL-0024] AvrgPlaceInstArea:       14.126 um^2
[INFO GPL-0025] IdealBinArea:            22.836 um^2
[INFO GPL-0026] IdealBinCnt:               3711
[INFO GPL-0027] TotalBinArea:         84745.027 um^2
[INFO GPL-0028] BinCnt:        32     32
[INFO GPL-0029] BinSize: (  9.100  9.095 )
[INFO GPL-0030] NumBins: 1024
[NesterovSolve] Iter:    1 overflow: 0.995 HPWL: 9281473
[NesterovSolve] Iter:   10 overflow: 0.990 HPWL: 6109301
[NesterovSolve] Iter:   20 overflow: 0.990 HPWL: 6014021
[NesterovSolve] Iter:   30 overflow: 0.990 HPWL: 6003310
[NesterovSolve] Iter:   40 overflow: 0.990 HPWL: 5995923
[NesterovSolve] Iter:   50 overflow: 0.990 HPWL: 5983854
[NesterovSolve] Iter:   60 overflow: 0.990 HPWL: 5979112
[NesterovSolve] Iter:   70 overflow: 0.990 HPWL: 5984050
[NesterovSolve] Iter:   80 overflow: 0.990 HPWL: 6001000
[NesterovSolve] Iter:   90 overflow: 0.989 HPWL: 6048533
[NesterovSolve] Iter:  100 overflow: 0.988 HPWL: 6173266
[NesterovSolve] Iter:  110 overflow: 0.985 HPWL: 6439104
[NesterovSolve] Iter:  120 overflow: 0.982 HPWL: 6860137
[NesterovSolve] Iter:  130 overflow: 0.976 HPWL: 7423648
[NesterovSolve] Iter:  140 overflow: 0.966 HPWL: 8194231
[NesterovSolve] Iter:  150 overflow: 0.959 HPWL: 9290411
[NesterovSolve] Iter:  160 overflow: 0.940 HPWL: 11198446
[NesterovSolve] Iter:  170 overflow: 0.904 HPWL: 13048575
[NesterovSolve] Iter:  180 overflow: 0.874 HPWL: 14571376
[NesterovSolve] Iter:  190 overflow: 0.854 HPWL: 16331198
[NesterovSolve] Iter:  200 overflow: 0.816 HPWL: 18352071
[NesterovSolve] Iter:  210 overflow: 0.779 HPWL: 20032927
[NesterovSolve] Iter:  220 overflow: 0.746 HPWL: 21729195
[NesterovSolve] Iter:  230 overflow: 0.703 HPWL: 23725058
[NesterovSolve] Iter:  240 overflow: 0.660 HPWL: 25080860
[NesterovSolve] Iter:  250 overflow: 0.621 HPWL: 26283978
[NesterovSolve] Iter:  260 overflow: 0.576 HPWL: 27883861
[NesterovSolve] Iter:  270 overflow: 0.534 HPWL: 29413278
[NesterovSolve] Iter:  280 overflow: 0.488 HPWL: 30498767
[NesterovSolve] Iter:  290 overflow: 0.435 HPWL: 31263130
[NesterovSolve] Iter:  300 overflow: 0.386 HPWL: 32029432
[NesterovSolve] Iter:  310 overflow: 0.340 HPWL: 32609619
[NesterovSolve] Iter:  320 overflow: 0.304 HPWL: 32788201
[NesterovSolve] Iter:  330 overflow: 0.270 HPWL: 33024200
[NesterovSolve] Iter:  340 overflow: 0.240 HPWL: 33244404
[NesterovSolve] Iter:  350 overflow: 0.208 HPWL: 33339528
[NesterovSolve] Iter:  360 overflow: 0.171 HPWL: 33483690
[NesterovSolve] Iter:  370 overflow: 0.150 HPWL: 33603264
[NesterovSolve] Iter:  380 overflow: 0.132 HPWL: 33760646
[NesterovSolve] Iter:  390 overflow: 0.108 HPWL: 33913756
[NesterovSolve] Finished with Overflow: 0.099034
[INFO] Setting RC values…
Setting global connections for newly added cells…
[INFO] Setting global connections...
Updating metrics…
Cell type report:                       Count       Area
  Fill cell                               214     803.27
  Tap cell                               1199    1500.19
  Inverter                                212     795.76
  Sequential cell                         923   20508.42
  Multi-Input combinational cell         1870   21145.28
  Total                                  4418   44752.92
Writing OpenROAD database to '/home/rodrialves/MSc/design_runs/lsu_acc/runs/RUN_2025-06-21_22-15-54/23-openroad-globalplacementskipio/lsu_wrapper.odb'…
Writing netlist to '/home/rodrialves/MSc/design_runs/lsu_acc/runs/RUN_2025-06-21_22-15-54/23-openroad-globalplacementskipio/lsu_wrapper.nl.v'…
Writing powered netlist to '/home/rodrialves/MSc/design_runs/lsu_acc/runs/RUN_2025-06-21_22-15-54/23-openroad-globalplacementskipio/lsu_wrapper.pnl.v'…
Writing layout to '/home/rodrialves/MSc/design_runs/lsu_acc/runs/RUN_2025-06-21_22-15-54/23-openroad-globalplacementskipio/lsu_wrapper.def'…
Writing timing constraints to '/home/rodrialves/MSc/design_runs/lsu_acc/runs/RUN_2025-06-21_22-15-54/23-openroad-globalplacementskipio/lsu_wrapper.sdc'…
