Clock: clk
Sources: clk 
Generated: no
Virtual: yes
Propagated: no
Period: 10.000000

===========================================================================
report_clock_properties
============================================================================
Clock                   Period          Waveform
----------------------------------------------------
clk                  10.000000    0.000000  5.000000

===========================================================================
report_clock_latency
============================================================================
Clock clk
rise -> rise
    min     max
0.000000 0.000000 source latency
0.690322         network latency _4484_/CLK
        0.726415 network latency _4454_/CLK
---------------
0.690322 0.726415 latency
        0.036092 skew

fall -> fall
    min     max
0.000000 0.000000 source latency
0.610148         network latency _4933_/CLK
        0.635591 network latency _4454_/CLK
---------------
0.610148 0.635591 latency
        0.025442 skew



===========================================================================
report_clock_min_period
============================================================================
clk period_min = 3.91 fmax = 255.64
