
===========================================================================
 report_power
============================================================================
======================= nom_tt_025C_1v80 Corner ===================================

Group                    Internal    Switching      Leakage        Total
                            Power        Power        Power        Power (Watts)
------------------------------------------------------------------------
Sequential           5.586798e-03 8.951144e-04 8.368874e-09 6.481920e-03  36.4%
Combinational        5.326821e-03 3.224016e-03 1.745726e-08 8.550855e-03  48.1%
Clock                1.376629e-03 1.374810e-03 1.902307e-09 2.751441e-03  15.5%
Macro                0.000000e+00 0.000000e+00 0.000000e+00 0.000000e+00   0.0%
Pad                  0.000000e+00 0.000000e+00 0.000000e+00 0.000000e+00   0.0%
------------------------------------------------------------------------
Total                1.229025e-02 5.493945e-03 2.772854e-08 1.778422e-02 100.0%
                            69.1%        30.9%         0.0%
Writing metric power__internal__total: 0.012290249578654766
Writing metric power__switching__total: 0.005493945442140102
Writing metric power__leakage__total: 2.772854301724692e-8
Writing metric power__total: 0.017784222960472107

