Reading OpenROAD database at '/home/rodrialves/MSc/design_runs/lsu_acc/runs/RUN_2025-06-21_22-15-54/47-odb-reportdisconnectedpins/lsu_wrapper.odb'…
Reading library file at '/home/rodrialves/.volare/volare/sky130/versions/0fe599b2afb6708d281543108caf8310912f54af/sky130A/libs.ref/sky130_fd_sc_hd/lib/sky130_fd_sc_hd__tt_025C_1v80.lib'…
Reading design constraints file at '/nix/store/ss2cw3sxbrwwx9jl0rrppbw4kgcmgi2n-python3-3.11.9-env/lib/python3.11/site-packages/openlane/scripts/base.sdc'…
[INFO] Using clock clk…
[INFO] Setting output delay to: 2
[INFO] Setting input delay to: 2
[INFO] Setting load to: 0.033442
[INFO] Setting clock uncertainty to: 0.25
[INFO] Setting clock transition to: 0.1499999999999999944488848768742172978818416595458984375
[INFO] Setting timing derate to: 5%
sky130_ef_sc_hd__decap_12 sky130_fd_sc_hd__decap_8 sky130_fd_sc_hd__decap_6 sky130_fd_sc_hd__decap_4 sky130_fd_sc_hd__decap_3 sky130_fd_sc_hd__fill*
[INFO DPL-0001] Placed 4120 filler instances.
Setting global connections for newly added cells…
[INFO] Setting global connections...
Updating metrics…
Cell type report:                       Count       Area
  Fill cell                              4334   28931.50
  Tap cell                               1199    1500.19
  Antenna cell                              9      22.52
  Clock buffer                            113    1606.54
  Timing Repair Buffer                   1275   10901.71
  Inverter                                212     795.76
  Clock inverter                           70     827.04
  Sequential cell                         923   19396.10
  Multi-Input combinational cell         1871   20763.66
  Total                                 10006   84745.03
Writing OpenROAD database to '/home/rodrialves/MSc/design_runs/lsu_acc/runs/RUN_2025-06-21_22-15-54/51-openroad-fillinsertion/lsu_wrapper.odb'…
Writing netlist to '/home/rodrialves/MSc/design_runs/lsu_acc/runs/RUN_2025-06-21_22-15-54/51-openroad-fillinsertion/lsu_wrapper.nl.v'…
Writing powered netlist to '/home/rodrialves/MSc/design_runs/lsu_acc/runs/RUN_2025-06-21_22-15-54/51-openroad-fillinsertion/lsu_wrapper.pnl.v'…
Writing layout to '/home/rodrialves/MSc/design_runs/lsu_acc/runs/RUN_2025-06-21_22-15-54/51-openroad-fillinsertion/lsu_wrapper.def'…
Writing timing constraints to '/home/rodrialves/MSc/design_runs/lsu_acc/runs/RUN_2025-06-21_22-15-54/51-openroad-fillinsertion/lsu_wrapper.sdc'…
