Reading technology LEF file at '/home/rodrialves/.volare/volare/sky130/versions/0fe599b2afb6708d281543108caf8310912f54af/sky130A/libs.ref/sky130_fd_sc_hd/techlef/sky130_fd_sc_hd__nom.tlef'…
[INFO ODB-0227] LEF file: /home/rodrialves/.volare/volare/sky130/versions/0fe599b2afb6708d281543108caf8310912f54af/sky130A/libs.ref/sky130_fd_sc_hd/techlef/sky130_fd_sc_hd__nom.tlef, created 14 layers, 25 vias
Reading cell LEF file at '/home/rodrialves/.volare/volare/sky130/versions/0fe599b2afb6708d281543108caf8310912f54af/sky130A/libs.ref/sky130_fd_sc_hd/lef/sky130_ef_sc_hd.lef'…
[WARNING ODB-0220] WARNING (LEFPARS-2008): NOWIREEXTENSIONATPIN statement is obsolete in version 5.6 or later.
The NOWIREEXTENSIONATPIN statement will be ignored. See file /home/rodrialves/.volare/volare/sky130/versions/0fe599b2afb6708d281543108caf8310912f54af/sky130A/libs.ref/sky130_fd_sc_hd/lef/sky130_ef_sc_hd.lef at line 2.

[INFO ODB-0227] LEF file: /home/rodrialves/.volare/volare/sky130/versions/0fe599b2afb6708d281543108caf8310912f54af/sky130A/libs.ref/sky130_fd_sc_hd/lef/sky130_ef_sc_hd.lef, created 4 library cells
Reading cell LEF file at '/home/rodrialves/.volare/volare/sky130/versions/0fe599b2afb6708d281543108caf8310912f54af/sky130A/libs.ref/sky130_fd_sc_hd/lef/sky130_fd_sc_hd.lef'…
[WARNING ODB-0220] WARNING (LEFPARS-2008): NOWIREEXTENSIONATPIN statement is obsolete in version 5.6 or later.
The NOWIREEXTENSIONATPIN statement will be ignored. See file /home/rodrialves/.volare/volare/sky130/versions/0fe599b2afb6708d281543108caf8310912f54af/sky130A/libs.ref/sky130_fd_sc_hd/lef/sky130_fd_sc_hd.lef at line 2.

[INFO ODB-0227] LEF file: /home/rodrialves/.volare/volare/sky130/versions/0fe599b2afb6708d281543108caf8310912f54af/sky130A/libs.ref/sky130_fd_sc_hd/lef/sky130_fd_sc_hd.lef, created 437 library cells
[INFO ODB-0127] Reading DEF file: /home/rodrialves/MSc/design_runs/lsu_acc/runs/RUN_2025-06-21_22-15-54/52-odb-cellfrequencytables/lsu_wrapper.def
[INFO ODB-0128] Design: lsu_wrapper
[INFO ODB-0130]     Created 184 pins.
[INFO ODB-0131]     Created 10006 components and 51808 component-terminals.
[INFO ODB-0132]     Created 2 special nets and 37626 connections.
[INFO ODB-0133]     Created 4481 nets and 14074 connections.
[INFO ODB-0134] Finished DEF file: /home/rodrialves/MSc/design_runs/lsu_acc/runs/RUN_2025-06-21_22-15-54/52-odb-cellfrequencytables/lsu_wrapper.def
Using RCX ruleset '/home/rodrialves/.volare/volare/sky130/versions/0fe599b2afb6708d281543108caf8310912f54af/sky130A/libs.tech/openlane/rules.openrcx.sky130A.nom.calibre'…
[INFO RCX-0431] Defined process_corner CURRENT_CORNER with ext_model_index 0
[INFO RCX-0029] Defined extraction corner CURRENT_CORNER
[INFO RCX-0435] Reading extraction model file /home/rodrialves/.volare/volare/sky130/versions/0fe599b2afb6708d281543108caf8310912f54af/sky130A/libs.tech/openlane/rules.openrcx.sky130A.nom.calibre ...
[INFO RCX-0436] RC segment generation lsu_wrapper (max_merge_res 50.0) ...
[INFO RCX-0040] Final 15443 rc segments
[INFO RCX-0439] Coupling Cap extraction lsu_wrapper ...
[INFO RCX-0440] Coupling threshhold is 0.1000 fF, coupling capacitance less than 0.1000 fF will be grounded.
[INFO RCX-0442] 52% of 29188 wires extracted
[INFO RCX-0442] 100% of 29188 wires extracted
[INFO RCX-0045] Extract 4481 nets, 19924 rsegs, 19924 caps, 34326 ccs
Setting global connections for newly added cells…
[INFO] Setting global connections...
Updating metrics…
Cell type report:                       Count       Area
  Fill cell                              4334   28931.50
  Tap cell                               1199    1500.19
  Antenna cell                              9      22.52
  Standard cell                          4464   54290.82
  Total                                 10006   84745.03
Writing extracted parasitics to '/home/rodrialves/MSc/design_runs/lsu_acc/runs/RUN_2025-06-21_22-15-54/53-openroad-rcx/nom/lsu_wrapper.nom.spef'…
[INFO RCX-0443] 4481 nets finished
