
===========================================================================
report_checks -unconstrained
===========================================================================
======================= nom_ff_n40C_1v95 Corner ===================================

Startpoint: arst_i (input port clocked by clk)
Endpoint: _4741_ (recovery check against rising-edge clock clk)
Path Group: asynchronous
Path Type: max

Fanout         Cap        Slew       Delay        Time   Description
---------------------------------------------------------------------------------------------
                                  0.000000    0.000000   clock clk (rise edge)
                                  0.000000    0.000000   clock network delay (propagated)
                                  2.000000    2.000000 v input external delay
     1    0.006182    0.010142    0.005619    2.005619 v arst_i (in)
                                                         arst_i (net)
                      0.010145    0.000000    2.005619 v input1/A (sky130_fd_sc_hd__clkbuf_1)
     1    0.003325    0.020161    0.050438    2.056057 v input1/X (sky130_fd_sc_hd__clkbuf_1)
                                                         net1 (net)
                      0.020161    0.000106    2.056163 v fanout446/A (sky130_fd_sc_hd__clkbuf_4)
     5    0.062130    0.089544    0.144092    2.200255 v fanout446/X (sky130_fd_sc_hd__clkbuf_4)
                                                         net446 (net)
                      0.089567    0.001247    2.201502 v fanout445/A (sky130_fd_sc_hd__buf_2)
     5    0.053607    0.089557    0.164103    2.365605 v fanout445/X (sky130_fd_sc_hd__buf_2)
                                                         net445 (net)
                      0.089559    0.000612    2.366217 v fanout434/A (sky130_fd_sc_hd__buf_2)
     5    0.046537    0.078970    0.155684    2.521901 v fanout434/X (sky130_fd_sc_hd__buf_2)
                                                         net434 (net)
                      0.078980    0.000981    2.522882 v fanout433/A (sky130_fd_sc_hd__buf_2)
     6    0.036117    0.065527    0.138862    2.661744 v fanout433/X (sky130_fd_sc_hd__buf_2)
                                                         net433 (net)
                      0.065529    0.000478    2.662222 v fanout431/A (sky130_fd_sc_hd__buf_4)
    10    0.056277    0.061204    0.140670    2.802892 v fanout431/X (sky130_fd_sc_hd__buf_4)
                                                         net431 (net)
                      0.061449    0.003324    2.806216 v _3491_/A (sky130_fd_sc_hd__inv_2)
     1    0.004350    0.026511    0.042589    2.848806 ^ _3491_/Y (sky130_fd_sc_hd__inv_2)
                                                         _0055_ (net)
                      0.026513    0.000096    2.848902 ^ _4741_/RESET_B (sky130_fd_sc_hd__dfrtp_2)
                                              2.848902   data arrival time

                                 10.000000   10.000000   clock clk (rise edge)
                                  0.000000   10.000000   clock source latency
     1    0.039071    0.135149    0.094800   10.094800 ^ clk (in)
                                                         clk (net)
                      0.135249    0.000000   10.094800 ^ clkbuf_0_clk/A (sky130_fd_sc_hd__clkbuf_16)
     8    0.147383    0.123613    0.178655   10.273456 ^ clkbuf_0_clk/X (sky130_fd_sc_hd__clkbuf_16)
                                                         clknet_0_clk (net)
                      0.124075    0.006088   10.279544 ^ clkbuf_3_5__f_clk/A (sky130_fd_sc_hd__clkbuf_16)
    11    0.097485    0.087659    0.152421   10.431965 ^ clkbuf_3_5__f_clk/X (sky130_fd_sc_hd__clkbuf_16)
                                                         clknet_3_5__leaf_clk (net)
                      0.087773    0.001968   10.433933 ^ clkbuf_leaf_61_clk/A (sky130_fd_sc_hd__clkbuf_8)
    12    0.041506    0.063346    0.123235   10.557168 ^ clkbuf_leaf_61_clk/X (sky130_fd_sc_hd__clkbuf_8)
                                                         clknet_leaf_61_clk (net)
                      0.063359    0.000899   10.558066 ^ _4741_/CLK (sky130_fd_sc_hd__dfrtp_2)
                                 -0.250000   10.308066   clock uncertainty
                                  0.000000   10.308066   clock reconvergence pessimism
                                  0.139768   10.447835   library recovery time
                                             10.447835   data required time
---------------------------------------------------------------------------------------------
                                             10.447835   data required time
                                             -2.848902   data arrival time
---------------------------------------------------------------------------------------------
                                              7.598933   slack (MET)


Startpoint: count[0] (input port clocked by clk)
Endpoint: _4684_ (rising edge-triggered flip-flop clocked by clk)
Path Group: clk
Path Type: max

Fanout         Cap        Slew       Delay        Time   Description
---------------------------------------------------------------------------------------------
                                  0.000000    0.000000   clock clk (rise edge)
                                  0.000000    0.000000   clock network delay (propagated)
                                  2.000000    2.000000 v input external delay
     1    0.003480    0.005714    0.002885    2.002886 v count[0] (in)
                                                         count[0] (net)
                      0.005715    0.000000    2.002886 v input2/A (sky130_fd_sc_hd__buf_4)
     9    0.041819    0.049679    0.105045    2.107930 v input2/X (sky130_fd_sc_hd__buf_4)
                                                         net2 (net)
                      0.050144    0.003867    2.111798 v _2064_/C (sky130_fd_sc_hd__or4_4)
     2    0.005022    0.058706    0.287659    2.399457 v _2064_/X (sky130_fd_sc_hd__or4_4)
                                                         _1554_ (net)
                      0.058706    0.000069    2.399526 v _2068_/D (sky130_fd_sc_hd__or4_4)
     2    0.008667    0.063540    0.257183    2.656709 v _2068_/X (sky130_fd_sc_hd__or4_4)
                                                         _1558_ (net)
                      0.063540    0.000296    2.657005 v _2071_/C (sky130_fd_sc_hd__or4_4)
     6    0.019513    0.077898    0.321825    2.978830 v _2071_/X (sky130_fd_sc_hd__or4_4)
                                                         _1561_ (net)
                      0.077898    0.000707    2.979537 v _2073_/C (sky130_fd_sc_hd__or4_4)
     5    0.015442    0.071677    0.318726    3.298263 v _2073_/X (sky130_fd_sc_hd__or4_4)
                                                         _1563_ (net)
                      0.071698    0.000400    3.298663 v _2075_/A (sky130_fd_sc_hd__or4_4)
     6    0.031433    0.088568    0.375223    3.673886 v _2075_/X (sky130_fd_sc_hd__or4_4)
                                                         _1565_ (net)
                      0.088604    0.001565    3.675450 v _2076_/A (sky130_fd_sc_hd__or3_4)
     3    0.020622    0.064287    0.276222    3.951672 v _2076_/X (sky130_fd_sc_hd__or3_4)
                                                         _1566_ (net)
                      0.064287    0.000408    3.952080 v _2093_/A (sky130_fd_sc_hd__and2_4)
     5    0.018420    0.034829    0.115758    4.067838 v _2093_/X (sky130_fd_sc_hd__and2_4)
                                                         _1583_ (net)
                      0.034839    0.000568    4.068405 v _2094_/A (sky130_fd_sc_hd__or2_4)
     3    0.009300    0.037810    0.158899    4.227304 v _2094_/X (sky130_fd_sc_hd__or2_4)
                                                         _1584_ (net)
                      0.037810    0.000190    4.227494 v _2170_/C (sky130_fd_sc_hd__and4_1)
     1    0.004374    0.033540    0.124174    4.351667 v _2170_/X (sky130_fd_sc_hd__and4_1)
                                                         _1660_ (net)
                      0.033540    0.000142    4.351810 v _2174_/A1 (sky130_fd_sc_hd__a31o_1)
     1    0.019611    0.076388    0.157169    4.508979 v _2174_/X (sky130_fd_sc_hd__a31o_1)
                                                         _1664_ (net)
                      0.076393    0.000699    4.509677 v _2175_/B (sky130_fd_sc_hd__nand2_2)
     1    0.005443    0.042110    0.064964    4.574642 ^ _2175_/Y (sky130_fd_sc_hd__nand2_2)
                                                         _1665_ (net)
                      0.042110    0.000163    4.574804 ^ fanout165/A (sky130_fd_sc_hd__buf_6)
     9    0.055015    0.087040    0.107836    4.682641 ^ fanout165/X (sky130_fd_sc_hd__buf_6)
                                                         net165 (net)
                      0.087047    0.000657    4.683298 ^ fanout163/A (sky130_fd_sc_hd__buf_8)
     5    0.026586    0.041251    0.083170    4.766468 ^ fanout163/X (sky130_fd_sc_hd__buf_8)
                                                         net163 (net)
                      0.041264    0.000700    4.767168 ^ _2176_/A1 (sky130_fd_sc_hd__o21a_4)
     6    0.051899    0.123852    0.149626    4.916793 ^ _2176_/X (sky130_fd_sc_hd__o21a_4)
                                                         _1666_ (net)
                      0.123936    0.002637    4.919430 ^ fanout161/A (sky130_fd_sc_hd__buf_8)
     5    0.040103    0.057018    0.096161    5.015591 ^ fanout161/X (sky130_fd_sc_hd__buf_8)
                                                         net161 (net)
                      0.057166    0.002331    5.017922 ^ _2556_/S (sky130_fd_sc_hd__mux2_4)
     1    0.002510    0.034934    0.179934    5.197856 v _2556_/X (sky130_fd_sc_hd__mux2_4)
                                                         _0741_ (net)
                      0.034934    0.000073    5.197929 v _4684_/D (sky130_fd_sc_hd__dfrtp_1)
                                              5.197929   data arrival time

                                 10.000000   10.000000   clock clk (rise edge)
                                  0.000000   10.000000   clock source latency
     1    0.039071    0.135149    0.094800   10.094800 ^ clk (in)
                                                         clk (net)
                      0.135249    0.000000   10.094800 ^ clkbuf_0_clk/A (sky130_fd_sc_hd__clkbuf_16)
     8    0.147383    0.123613    0.178655   10.273456 ^ clkbuf_0_clk/X (sky130_fd_sc_hd__clkbuf_16)
                                                         clknet_0_clk (net)
                      0.124097    0.006231   10.279687 ^ clkbuf_3_2__f_clk/A (sky130_fd_sc_hd__clkbuf_16)
    13    0.094017    0.085163    0.149942   10.429629 ^ clkbuf_3_2__f_clk/X (sky130_fd_sc_hd__clkbuf_16)
                                                         clknet_3_2__leaf_clk (net)
                      0.085503    0.004306   10.433935 ^ clkbuf_leaf_26_clk/A (sky130_fd_sc_hd__clkbuf_8)
     3    0.031519    0.051314    0.113843   10.547778 ^ clkbuf_leaf_26_clk/X (sky130_fd_sc_hd__clkbuf_8)
                                                         clknet_leaf_26_clk (net)
                      0.051317    0.000427   10.548205 ^ _4684_/CLK (sky130_fd_sc_hd__dfrtp_1)
                                 -0.250000   10.298205   clock uncertainty
                                  0.000000   10.298205   clock reconvergence pessimism
                                 -0.071633   10.226573   library setup time
                                             10.226573   data required time
---------------------------------------------------------------------------------------------
                                             10.226573   data required time
                                             -5.197929   data arrival time
---------------------------------------------------------------------------------------------
                                              5.028644   slack (MET)




===========================================================================
report_checks --slack_max -0.01
============================================================================
======================= nom_ff_n40C_1v95 Corner ===================================

No paths found.


===========================================================================
 report_check_types -max_slew -max_cap -max_fanout -violators
============================================================================
======================= nom_ff_n40C_1v95 Corner ===================================

max fanout

Pin                                   Limit Fanout  Slack
---------------------------------------------------------
wire237/X                                10     22    -12 (VIOLATED)
clkbuf_leaf_68_clk/X                     10     20    -10 (VIOLATED)
clkbuf_leaf_70_clk/X                     10     20    -10 (VIOLATED)
clkbuf_leaf_11_clk/X                     10     19     -9 (VIOLATED)
clkbuf_leaf_1_clk/X                      10     18     -8 (VIOLATED)
clkbuf_leaf_31_clk/X                     10     18     -8 (VIOLATED)
clkbuf_leaf_32_clk/X                     10     18     -8 (VIOLATED)
clkbuf_leaf_87_clk/X                     10     18     -8 (VIOLATED)
clkbuf_leaf_3_clk/X                      10     16     -6 (VIOLATED)
clkbuf_leaf_45_clk/X                     10     16     -6 (VIOLATED)
clkbuf_leaf_80_clk/X                     10     16     -6 (VIOLATED)
clkbuf_leaf_81_clk/X                     10     16     -6 (VIOLATED)
clkbuf_leaf_8_clk/X                      10     16     -6 (VIOLATED)
clkbuf_leaf_48_clk/X                     10     15     -5 (VIOLATED)
clkbuf_leaf_4_clk/X                      10     15     -5 (VIOLATED)
clkbuf_leaf_72_clk/X                     10     15     -5 (VIOLATED)
clkbuf_leaf_82_clk/X                     10     15     -5 (VIOLATED)
clkbuf_leaf_17_clk/X                     10     14     -4 (VIOLATED)
clkbuf_leaf_27_clk/X                     10     14     -4 (VIOLATED)
clkbuf_leaf_2_clk/X                      10     14     -4 (VIOLATED)
clkbuf_leaf_35_clk/X                     10     14     -4 (VIOLATED)
clkbuf_leaf_44_clk/X                     10     14     -4 (VIOLATED)
clkbuf_leaf_60_clk/X                     10     14     -4 (VIOLATED)
clkbuf_leaf_84_clk/X                     10     14     -4 (VIOLATED)
clkbuf_3_0__f_clk/X                      10     13     -3 (VIOLATED)
clkbuf_3_1__f_clk/X                      10     13     -3 (VIOLATED)
clkbuf_3_2__f_clk/X                      10     13     -3 (VIOLATED)
clkbuf_leaf_19_clk/X                     10     13     -3 (VIOLATED)
clkbuf_leaf_25_clk/X                     10     13     -3 (VIOLATED)
clkbuf_leaf_30_clk/X                     10     13     -3 (VIOLATED)
clkbuf_leaf_33_clk/X                     10     13     -3 (VIOLATED)
clkbuf_leaf_5_clk/X                      10     13     -3 (VIOLATED)
clkbuf_leaf_65_clk/X                     10     13     -3 (VIOLATED)
clkbuf_leaf_78_clk/X                     10     13     -3 (VIOLATED)
clkbuf_leaf_85_clk/X                     10     13     -3 (VIOLATED)
clkbuf_3_3__f_clk/X                      10     12     -2 (VIOLATED)
clkbuf_leaf_14_clk/X                     10     12     -2 (VIOLATED)
clkbuf_leaf_20_clk/X                     10     12     -2 (VIOLATED)
clkbuf_leaf_22_clk/X                     10     12     -2 (VIOLATED)
clkbuf_leaf_24_clk/X                     10     12     -2 (VIOLATED)
clkbuf_leaf_28_clk/X                     10     12     -2 (VIOLATED)
clkbuf_leaf_36_clk/X                     10     12     -2 (VIOLATED)
clkbuf_leaf_53_clk/X                     10     12     -2 (VIOLATED)
clkbuf_leaf_56_clk/X                     10     12     -2 (VIOLATED)
clkbuf_leaf_61_clk/X                     10     12     -2 (VIOLATED)
clkbuf_leaf_64_clk/X                     10     12     -2 (VIOLATED)
clkbuf_leaf_83_clk/X                     10     12     -2 (VIOLATED)
clkbuf_3_4__f_clk/X                      10     11        (VIOLATED)
clkbuf_3_5__f_clk/X                      10     11        (VIOLATED)
clkbuf_3_6__f_clk/X                      10     11        (VIOLATED)
clkbuf_3_7__f_clk/X                      10     11        (VIOLATED)
clkbuf_leaf_12_clk/X                     10     11        (VIOLATED)
clkbuf_leaf_13_clk/X                     10     11        (VIOLATED)
clkbuf_leaf_21_clk/X                     10     11        (VIOLATED)
clkbuf_leaf_49_clk/X                     10     11        (VIOLATED)
clkbuf_leaf_54_clk/X                     10     11        (VIOLATED)
clkbuf_leaf_67_clk/X                     10     11        (VIOLATED)
clkbuf_leaf_77_clk/X                     10     11        (VIOLATED)
clkbuf_leaf_86_clk/X                     10     11        (VIOLATED)
fanout272/X                              10     11        (VIOLATED)



===========================================================================
report_parasitic_annotation -report_unannotated
============================================================================
Found 108 unannotated drivers.
 clkload0/X
 clkload1/X
 clkload10/Y
 clkload11/Y
 clkload12/Y
 clkload13/Y
 clkload14/Y
 clkload15/Y
 clkload16/Y
 clkload17/Y
 clkload18/X
 clkload19/Y
 clkload2/Y
 clkload20/Y
 clkload21/Y
 clkload22/Y
 clkload23/Y
 clkload24/Y
 clkload25/Y
 clkload26/Y
 clkload27/X
 clkload28/X
 clkload29/Y
 clkload3/Y
 clkload30/Y
 clkload31/Y
 clkload32/X
 clkload33/Y
 clkload34/X
 clkload35/Y
 clkload36/X
 clkload37/Y
 clkload38/X
 clkload39/X
 clkload4/Y
 clkload40/Y
 clkload41/X
 clkload42/Y
 clkload43/Y
 clkload44/Y
 clkload45/Y
 clkload46/Y
 clkload47/Y
 clkload48/Y
 clkload49/Y
 clkload5/Y
 clkload50/Y
 clkload51/Y
 clkload52/Y
 clkload53/Y
 clkload54/Y
 clkload55/X
 clkload56/Y
 clkload57/Y
 clkload58/Y
 clkload59/Y
 clkload6/Y
 clkload60/Y
 clkload61/Y
 clkload62/Y
 clkload63/Y
 clkload64/Y
 clkload65/X
 clkload66/Y
 clkload67/Y
 clkload68/Y
 clkload69/Y
 clkload7/Y
 clkload70/Y
 clkload71/Y
 clkload72/Y
 clkload73/Y
 clkload74/Y
 clkload75/Y
 clkload76/Y
 clkload77/Y
 clkload78/Y
 clkload79/Y
 clkload8/X
 clkload80/X
 clkload81/X
 clkload82/Y
 clkload83/Y
 clkload84/Y
 clkload85/Y
 clkload9/Y
 lsu_wrapper_447/HI
 lsu_wrapper_448/HI
 lsu_wrapper_449/HI
 lsu_wrapper_450/HI
 lsu_wrapper_451/HI
 lsu_wrapper_452/HI
 lsu_wrapper_453/HI
 lsu_wrapper_454/HI
 lsu_wrapper_455/HI
 lsu_wrapper_456/HI
 lsu_wrapper_457/HI
 lsu_wrapper_458/HI
 lsu_wrapper_459/HI
 lsu_wrapper_460/HI
 lsu_wrapper_461/HI
 lsu_wrapper_462/HI
 lsu_wrapper_463/HI
 lsu_wrapper_464/HI
 lsu_wrapper_465/HI
 lsu_wrapper_466/HI
 lsu_wrapper_467/HI
 lsu_wrapper_468/HI
Found 0 partially unannotated drivers.

===========================================================================
max slew violation count 0
max fanout violation count 60
max cap violation count 0
============================================================================

===========================================================================
check_setup -verbose -unconstrained_endpoints -multiple_clock -no_clock -no_input_delay -loops -generated_clocks
===========================================================================
Warning: There are 22 unconstrained endpoints.
  store_data[10]
  store_data[11]
  store_data[12]
  store_data[13]
  store_data[14]
  store_data[15]
  store_data[16]
  store_data[17]
  store_data[18]
  store_data[19]
  store_data[20]
  store_data[21]
  store_data[22]
  store_data[23]
  store_data[24]
  store_data[25]
  store_data[26]
  store_data[27]
  store_data[28]
  store_data[29]
  store_data[30]
  store_data[31]
