Clock: clk
Sources: clk 
Generated: no
Virtual: yes
Propagated: no
Period: 10.000000

===========================================================================
report_clock_properties
============================================================================
Clock                   Period          Waveform
----------------------------------------------------
clk                  10.000000    0.000000  5.000000

===========================================================================
report_clock_latency
============================================================================
Clock clk
rise -> rise
    min     max
0.000000 0.000000 source latency
0.547647         network latency _4420_/CLK
        0.582360 network latency _4454_/CLK
---------------
0.547647 0.582360 latency
        0.034713 skew

fall -> fall
    min     max
0.000000 0.000000 source latency
0.466714         network latency _4420_/CLK
        0.490992 network latency _4454_/CLK
---------------
0.466714 0.490992 latency
        0.024278 skew



===========================================================================
report_clock_min_period
============================================================================
clk period_min = 2.73 fmax = 365.74
