
===========================================================================
 report_power
============================================================================
======================= nom_ff_n40C_1v95 Corner ===================================

Group                    Internal    Switching      Leakage        Total
                            Power        Power        Power        Power (Watts)
------------------------------------------------------------------------
Sequential           6.439885e-03 1.192596e-03 1.363078e-08 7.632494e-03  35.8%
Combinational        6.045034e-03 4.262858e-03 3.767847e-08 1.030793e-02  48.3%
Clock                1.572403e-03 1.810716e-03 1.216556e-08 3.383132e-03  15.9%
Macro                0.000000e+00 0.000000e+00 0.000000e+00 0.000000e+00   0.0%
Pad                  0.000000e+00 0.000000e+00 0.000000e+00 0.000000e+00   0.0%
------------------------------------------------------------------------
Total                1.405732e-02 7.266175e-03 6.347476e-08 2.132356e-02 100.0%
                            65.9%        34.1%         0.0%

