Clock: clk
Sources: clk 
Generated: no
Virtual: no
Propagated: no
Period: 10.000000

===========================================================================
report_clock_properties
============================================================================
Clock                   Period          Waveform
----------------------------------------------------
clk                  10.000000    0.000000  5.000000

===========================================================================
report_clock_latency
============================================================================
Clock clk
rise -> rise
    min     max
0.000000 0.000000 source latency
4.216965         network latency _4120_/CLK
        4.216965 network latency _4120_/CLK
---------------
4.216965 4.216965 latency
        0.000000 skew

fall -> fall
    min     max
0.000000 0.000000 source latency
1.794113         network latency _4120_/CLK
        1.794113 network latency _4120_/CLK
---------------
1.794113 1.794113 latency
        0.000000 skew



===========================================================================
report_clock_min_period
============================================================================
clk period_min = 3.66 fmax = 273.06
