Reading OpenROAD database at '/home/rodrialves/MSc/design_runs/lsu_acc/runs/RUN_2025-06-21_22-15-54/38-openroad-globalrouting/lsu_wrapper.odb'…
Reading library file at '/home/rodrialves/.volare/volare/sky130/versions/0fe599b2afb6708d281543108caf8310912f54af/sky130A/libs.ref/sky130_fd_sc_hd/lib/sky130_fd_sc_hd__tt_025C_1v80.lib'…
Reading design constraints file at '/nix/store/ss2cw3sxbrwwx9jl0rrppbw4kgcmgi2n-python3-3.11.9-env/lib/python3.11/site-packages/openlane/scripts/base.sdc'…
[INFO] Using clock clk…
[INFO] Setting output delay to: 2
[INFO] Setting input delay to: 2
[INFO] Setting load to: 0.033442
[INFO] Setting clock uncertainty to: 0.25
[INFO] Setting clock transition to: 0.1499999999999999944488848768742172978818416595458984375
[INFO] Setting timing derate to: 5%
[INFO] Setting signal min routing layer to: met1 and clock min routing layer to met1. 
[INFO] Setting signal max routing layer to: met5 and clock max routing layer to met5. 
-congestion_iterations 50 -verbose
[INFO GRT-0020] Min routing layer: met1
[INFO GRT-0021] Max routing layer: met5
[INFO GRT-0022] Global adjustment: 30%
[INFO GRT-0023] Grid origin: (0, 0)
[INFO GRT-0043] No OR_DEFAULT vias defined.
[INFO GRT-0088] Layer li1     Track-Pitch = 0.4600  line-2-Via Pitch: 0.3400
[INFO GRT-0088] Layer met1    Track-Pitch = 0.3400  line-2-Via Pitch: 0.3400
[INFO GRT-0088] Layer met2    Track-Pitch = 0.4600  line-2-Via Pitch: 0.3500
[INFO GRT-0088] Layer met3    Track-Pitch = 0.6800  line-2-Via Pitch: 0.6150
[INFO GRT-0088] Layer met4    Track-Pitch = 0.9200  line-2-Via Pitch: 1.0400
[INFO GRT-0088] Layer met5    Track-Pitch = 3.4000  line-2-Via Pitch: 3.1100
[INFO GRT-0019] Found 98 clock nets.
[INFO GRT-0001] Minimum degree: 2
[INFO GRT-0002] Maximum degree: 23
[INFO GRT-0003] Macros: 0
[INFO GRT-0043] No OR_DEFAULT vias defined.
[INFO GRT-0004] Blockages: 17151

[INFO GRT-0053] Routing resources analysis:
          Routing      Original      Derated      Resource
Layer     Direction    Resources     Resources    Reduction (%)
---------------------------------------------------------------
li1        Vertical            0             0          0.00%
met1       Horizontal      39004         18126          53.53%
met2       Vertical        29595         19233          35.01%
met3       Horizontal      19502         13257          32.02%
met4       Vertical        11937          7494          37.22%
met5       Horizontal       3866          1806          53.29%
---------------------------------------------------------------

[INFO GRT-0101] Running extra iterations to remove overflow.
[INFO GRT-0197] Via related to pin nodes: 24218
[INFO GRT-0198] Via related Steiner nodes: 517
[INFO GRT-0199] Via filling finished.
[INFO GRT-0111] Final number of vias: 30558
[INFO GRT-0112] Final usage 3D: 107529

[INFO GRT-0096] Final congestion report:
Layer         Resource        Demand        Usage (%)    Max H / Max V / Total Overflow
---------------------------------------------------------------------------------------
li1                  0             0            0.00%             0 /  0 /  0
met1             18126          7152           39.46%             0 /  0 /  0
met2             19233          7738           40.23%             0 /  0 /  0
met3             13257           545            4.11%             0 /  0 /  0
met4              7494           420            5.60%             0 /  0 /  0
met5              1806             0            0.00%             0 /  0 /  0
---------------------------------------------------------------------------------------
Total            59916         15855           26.46%             0 /  0 /  0

[INFO GRT-0018] Total wirelength: 179055 um
[INFO GRT-0014] Routed nets: 4481
[INFO GRT-0006] Repairing antennas, iteration 1.
[INFO GRT-0043] No OR_DEFAULT vias defined.
[INFO GRT-0012] Found 7 antenna violations.
[INFO GRT-0015] Inserted 7 diodes.
[INFO GRT-0009] rerouting 1584 nets.
[INFO GRT-0001] Minimum degree: 2
[INFO GRT-0002] Maximum degree: 21
[INFO GRT-0006] Repairing antennas, iteration 2.
[INFO GRT-0043] No OR_DEFAULT vias defined.
[INFO GRT-0012] Found 2 antenna violations.
[INFO GRT-0015] Inserted 2 diodes.
[INFO GRT-0009] rerouting 19 nets.
[INFO GRT-0001] Minimum degree: 2
[INFO GRT-0002] Maximum degree: 11
[INFO GRT-0006] Repairing antennas, iteration 3.
[INFO GRT-0043] No OR_DEFAULT vias defined.
[INFO GRT-0012] Found 0 antenna violations.
Placement Analysis
---------------------------------
total displacement          0.0 u
average displacement        0.0 u
max displacement            0.0 u
original HPWL           96338.6 u
legalized HPWL          96338.6 u
delta HPWL                    0 %

[INFO DPL-0020] Mirrored 1775 instances
[INFO DPL-0021] HPWL before           96338.6 u
[INFO DPL-0022] HPWL after            92175.5 u
[INFO DPL-0023] HPWL delta               -4.3 %
-congestion_iterations 50 -verbose
[INFO GRT-0020] Min routing layer: met1
[INFO GRT-0021] Max routing layer: met5
[INFO GRT-0022] Global adjustment: 30%
[INFO GRT-0023] Grid origin: (0, 0)
[INFO GRT-0043] No OR_DEFAULT vias defined.
[INFO GRT-0088] Layer li1     Track-Pitch = 0.4600  line-2-Via Pitch: 0.3400
[INFO GRT-0088] Layer met1    Track-Pitch = 0.3400  line-2-Via Pitch: 0.3400
[INFO GRT-0088] Layer met2    Track-Pitch = 0.4600  line-2-Via Pitch: 0.3500
[INFO GRT-0088] Layer met3    Track-Pitch = 0.6800  line-2-Via Pitch: 0.6150
[INFO GRT-0088] Layer met4    Track-Pitch = 0.9200  line-2-Via Pitch: 1.0400
[INFO GRT-0088] Layer met5    Track-Pitch = 3.4000  line-2-Via Pitch: 3.1100
[INFO GRT-0019] Found 98 clock nets.
[INFO GRT-0001] Minimum degree: 2
[INFO GRT-0002] Maximum degree: 23
[INFO GRT-0003] Macros: 0
[INFO GRT-0043] No OR_DEFAULT vias defined.
[INFO GRT-0004] Blockages: 17151

[INFO GRT-0053] Routing resources analysis:
          Routing      Original      Derated      Resource
Layer     Direction    Resources     Resources    Reduction (%)
---------------------------------------------------------------
li1        Vertical            0             0          0.00%
met1       Horizontal      39004         18126          53.53%
met2       Vertical        29595         19233          35.01%
met3       Horizontal      19502         13257          32.02%
met4       Vertical        11937          7494          37.22%
met5       Horizontal       3866          1806          53.29%
---------------------------------------------------------------

[INFO GRT-0101] Running extra iterations to remove overflow.
[INFO GRT-0197] Via related to pin nodes: 24209
[INFO GRT-0198] Via related Steiner nodes: 516
[INFO GRT-0199] Via filling finished.
[INFO GRT-0111] Final number of vias: 30555
[INFO GRT-0112] Final usage 3D: 107529

[INFO GRT-0096] Final congestion report:
Layer         Resource        Demand        Usage (%)    Max H / Max V / Total Overflow
---------------------------------------------------------------------------------------
li1                  0             0            0.00%             0 /  0 /  0
met1             18126          7173           39.57%             0 /  0 /  0
met2             19233          7740           40.24%             0 /  0 /  0
met3             13257           532            4.01%             0 /  0 /  0
met4              7494           419            5.59%             0 /  0 /  0
met5              1806             0            0.00%             0 /  0 /  0
---------------------------------------------------------------------------------------
Total            59916         15864           26.48%             0 /  0 /  0

[INFO GRT-0018] Total wirelength: 179165 um
[INFO GRT-0014] Routed nets: 4481
[INFO] Setting RC values…
Setting global connections for newly added cells…
[INFO] Setting global connections...
Updating metrics…
Cell type report:                       Count       Area
  Fill cell                               214     803.27
  Tap cell                               1199    1500.19
  Antenna cell                              9      22.52
  Clock buffer                            113    1606.54
  Timing Repair Buffer                   1275   10901.71
  Inverter                                212     795.76
  Clock inverter                           70     827.04
  Sequential cell                         923   19396.10
  Multi-Input combinational cell         1871   20763.66
  Total                                  5886   56616.80
Writing OpenROAD database to '/home/rodrialves/MSc/design_runs/lsu_acc/runs/RUN_2025-06-21_22-15-54/41-openroad-repairantennas/1-diodeinsertion/lsu_wrapper.odb'…
Writing layout to '/home/rodrialves/MSc/design_runs/lsu_acc/runs/RUN_2025-06-21_22-15-54/41-openroad-repairantennas/1-diodeinsertion/lsu_wrapper.def'…
