Clock: clk
Sources: clk 
Generated: no
Virtual: no
Propagated: no
Period: 10.000000

===========================================================================
report_clock_properties
============================================================================
Clock                   Period          Waveform
----------------------------------------------------
clk                  10.000000    0.000000  5.000000

===========================================================================
report_clock_latency
============================================================================
Clock clk
rise -> rise
    min     max
0.000000 0.000000 source latency
7.917342         network latency _4120_/CLK
        7.917342 network latency _4120_/CLK
---------------
7.917342 7.917342 latency
        0.000000 skew

fall -> fall
    min     max
0.000000 0.000000 source latency
4.431108         network latency _4120_/CLK
        4.431108 network latency _4120_/CLK
---------------
4.431108 4.431108 latency
        0.000000 skew



===========================================================================
report_clock_min_period
============================================================================
clk period_min = 10.22 fmax = 97.88
