
===========================================================================
 report_power
============================================================================
======================= nom_ss_100C_1v60 Corner ===================================

Group                    Internal    Switching      Leakage        Total
                            Power        Power        Power        Power (Watts)
------------------------------------------------------------------------
Sequential           4.671920e-03 1.125450e-03 1.482553e-05 5.812195e-03  62.4%
Combinational        2.559788e-03 9.312157e-04 1.267683e-05 3.503680e-03  37.6%
Clock                0.000000e+00 0.000000e+00 0.000000e+00 0.000000e+00   0.0%
Macro                0.000000e+00 0.000000e+00 0.000000e+00 0.000000e+00   0.0%
Pad                  0.000000e+00 0.000000e+00 0.000000e+00 0.000000e+00   0.0%
------------------------------------------------------------------------
Total                7.231702e-03 2.056662e-03 2.750240e-05 9.315865e-03 100.0%
                            77.6%        22.1%         0.3%

