
===========================================================================
Violator List
============================================================================
[setup in-reg] count[3] -> _4670_/D : -5.962034
[setup in-reg] count[3] -> _4671_/D : -5.962034
[setup in-reg] count[3] -> _4672_/D : -5.962034
[setup in-reg] count[3] -> _4673_/D : -5.962034
[setup in-reg] count[3] -> _4674_/D : -5.962034
[setup in-reg] count[3] -> _4675_/D : -5.962034
[setup in-reg] count[3] -> _4676_/D : -5.962034
[setup in-reg] count[3] -> _4677_/D : -5.962034
[setup in-reg] count[3] -> _4678_/D : -5.962034
[setup in-reg] count[3] -> _4679_/D : -5.962034
[setup in-reg] count[3] -> _4680_/D : -5.962034
[setup in-reg] count[3] -> _4681_/D : -5.962034
[setup in-reg] count[3] -> _4682_/D : -5.962034
[setup in-reg] count[3] -> _4683_/D : -5.962034
[setup in-reg] count[3] -> _4684_/D : -5.962034
[setup in-reg] count[3] -> _4685_/D : -5.962034
[setup in-reg] count[3] -> _4686_/D : -5.962034
[setup in-reg] count[3] -> _4687_/D : -5.962034
[setup in-reg] count[3] -> _4688_/D : -5.962034
[setup in-reg] count[3] -> _4691_/D : -5.692446
[setup in-reg] count[3] -> _4689_/D : -5.463046
[setup in-reg] count[3] -> _4868_/D : -5.368296
[setup in-reg] count[3] -> _4866_/D : -5.368283
[setup in-reg] count[3] -> _4854_/D : -5.368277
[setup in-reg] count[3] -> _4870_/D : -5.368282
[setup in-reg] count[3] -> _4864_/D : -5.368274
[setup in-reg] count[3] -> _4858_/D : -5.368266
[setup in-reg] count[3] -> _4862_/D : -5.368259
[setup in-reg] count[3] -> _4856_/D : -5.368251
[setup in-reg] count[3] -> _4860_/D : -5.368244
[setup in-reg] count[3] -> _4872_/D : -5.368228
[setup in-reg] count[3] -> _4358_/D : -5.328652
[setup in-reg] count[3] -> _4690_/D : -5.277435
[setup in-reg] count[3] -> _4852_/D : -5.142811
[setup in-reg] count[3] -> _4853_/D : -5.131857
[setup in-reg] count[3] -> _4855_/D : -5.131850
[setup in-reg] count[3] -> _4857_/D : -5.131850
[setup in-reg] count[3] -> _4859_/D : -5.131850
[setup in-reg] count[3] -> _4861_/D : -5.131850
[setup in-reg] count[3] -> _4863_/D : -5.131850
[setup in-reg] count[3] -> _4865_/D : -5.131850
[setup in-reg] count[3] -> _4867_/D : -5.131850
[setup in-reg] count[3] -> _4869_/D : -5.131850
[setup in-reg] count[3] -> _4871_/D : -5.131850
[setup in-reg] count[3] -> _4850_/D : -5.124759
[setup in-reg] count[3] -> _4851_/D : -4.901351
[setup in-reg] count[3] -> _4706_/D : -4.764272
[setup in-reg] count[3] -> _4778_/D : -4.531213
[setup reg-reg] _4692_/Q -> _4392_/D : -0.216377
[setup reg-reg] _4692_/Q -> _4393_/D : -0.216377
[setup reg-reg] _4692_/Q -> _4394_/D : -0.216377
[setup reg-reg] _4692_/Q -> _4395_/D : -0.216377
[setup reg-reg] _4692_/Q -> _4396_/D : -0.216377
[setup reg-reg] _4692_/Q -> _4397_/D : -0.216377
[setup reg-reg] _4692_/Q -> _4398_/D : -0.216377
[setup reg-reg] _4692_/Q -> _4399_/D : -0.216377
[setup reg-reg] _4692_/Q -> _4400_/D : -0.216377
[setup reg-reg] _4692_/Q -> _4401_/D : -0.216377
[setup reg-reg] _4692_/Q -> _4402_/D : -0.216377
[setup reg-reg] _4692_/Q -> _4403_/D : -0.216377
[setup reg-reg] _4692_/Q -> _4404_/D : -0.216377
[setup reg-reg] _4692_/Q -> _4405_/D : -0.216377
[setup reg-reg] _4692_/Q -> _4406_/D : -0.216377
[setup reg-reg] _4692_/Q -> _4407_/D : -0.216377
[setup reg-reg] _4692_/Q -> _4408_/D : -0.216377
[setup reg-reg] _4692_/Q -> _4409_/D : -0.216377
[setup reg-reg] _4692_/Q -> _4410_/D : -0.216377
[setup reg-reg] _4692_/Q -> _4411_/D : -0.216377
[setup reg-reg] _4692_/Q -> _4412_/D : -0.216377
[setup reg-reg] _4692_/Q -> _4413_/D : -0.216377
[setup reg-reg] _4692_/Q -> _4414_/D : -0.216377
[setup reg-reg] _4692_/Q -> _4415_/D : -0.216377
[setup reg-reg] _4692_/Q -> _4416_/D : -0.216377
[setup reg-reg] _4692_/Q -> _4417_/D : -0.216377
[setup reg-reg] _4692_/Q -> _4418_/D : -0.216377
[setup reg-reg] _4692_/Q -> _4419_/D : -0.216377
[setup reg-reg] _4692_/Q -> _4420_/D : -0.216377
[setup reg-reg] _4692_/Q -> _4421_/D : -0.216377
[setup reg-reg] _4692_/Q -> _4422_/D : -0.216377
[setup reg-reg] _4692_/Q -> _4423_/D : -0.216377
[setup reg-reg] _4692_/Q -> _4262_/D : -0.216350
[setup reg-reg] _4692_/Q -> _4263_/D : -0.216350
[setup reg-reg] _4692_/Q -> _4264_/D : -0.216350
[setup reg-reg] _4692_/Q -> _4265_/D : -0.216350
[setup reg-reg] _4692_/Q -> _4266_/D : -0.216350
[setup reg-reg] _4692_/Q -> _4267_/D : -0.216350
[setup reg-reg] _4692_/Q -> _4268_/D : -0.216350
[setup reg-reg] _4692_/Q -> _4269_/D : -0.216350
[setup reg-reg] _4692_/Q -> _4270_/D : -0.216350
[setup reg-reg] _4692_/Q -> _4271_/D : -0.216350
[setup reg-reg] _4692_/Q -> _4272_/D : -0.216350
[setup reg-reg] _4692_/Q -> _4273_/D : -0.216350
[setup reg-reg] _4692_/Q -> _4274_/D : -0.216350
[setup reg-reg] _4692_/Q -> _4275_/D : -0.216350
[setup reg-reg] _4692_/Q -> _4276_/D : -0.216350
[setup reg-reg] _4692_/Q -> _4277_/D : -0.216350
[setup reg-reg] _4692_/Q -> _4278_/D : -0.216350
[setup reg-reg] _4692_/Q -> _4279_/D : -0.216350
[setup reg-reg] _4692_/Q -> _4280_/D : -0.216350
[setup reg-reg] _4692_/Q -> _4281_/D : -0.216350
[setup reg-reg] _4692_/Q -> _4282_/D : -0.216350
[setup reg-reg] _4692_/Q -> _4283_/D : -0.216350
[setup reg-reg] _4692_/Q -> _4284_/D : -0.216350
[setup reg-reg] _4692_/Q -> _4285_/D : -0.216350
[setup reg-reg] _4692_/Q -> _4286_/D : -0.216350
[setup reg-reg] _4692_/Q -> _4287_/D : -0.216350
[setup reg-reg] _4692_/Q -> _4288_/D : -0.216350
[setup reg-reg] _4692_/Q -> _4289_/D : -0.216350
[setup reg-reg] _4692_/Q -> _4290_/D : -0.216350
[setup reg-reg] _4692_/Q -> _4291_/D : -0.216350
[setup reg-reg] _4692_/Q -> _4292_/D : -0.216350
[setup reg-reg] _4692_/Q -> _4293_/D : -0.216350
[setup reg-reg] _4692_/Q -> _4326_/D : -0.073534
[setup reg-reg] _4692_/Q -> _4327_/D : -0.073534
[setup reg-reg] _4692_/Q -> _4328_/D : -0.073534
[setup reg-reg] _4692_/Q -> _4329_/D : -0.073534
[setup reg-reg] _4692_/Q -> _4330_/D : -0.073534
[setup reg-reg] _4692_/Q -> _4331_/D : -0.073534
[setup reg-reg] _4692_/Q -> _4332_/D : -0.073534
[setup reg-reg] _4692_/Q -> _4333_/D : -0.073534
[setup reg-reg] _4692_/Q -> _4334_/D : -0.073534
[setup reg-reg] _4692_/Q -> _4335_/D : -0.073534
[setup reg-reg] _4692_/Q -> _4336_/D : -0.073534
[setup reg-reg] _4692_/Q -> _4337_/D : -0.073534
[setup reg-reg] _4692_/Q -> _4338_/D : -0.073534
[setup reg-reg] _4692_/Q -> _4339_/D : -0.073534
[setup reg-reg] _4692_/Q -> _4340_/D : -0.073534
[setup reg-reg] _4692_/Q -> _4341_/D : -0.073534
[setup reg-reg] _4692_/Q -> _4342_/D : -0.073534
[setup reg-reg] _4692_/Q -> _4343_/D : -0.073534
[setup reg-reg] _4692_/Q -> _4344_/D : -0.073534
[setup reg-reg] _4692_/Q -> _4345_/D : -0.073534
[setup reg-reg] _4692_/Q -> _4346_/D : -0.073534
[setup reg-reg] _4692_/Q -> _4347_/D : -0.073534
[setup reg-reg] _4692_/Q -> _4348_/D : -0.073534
[setup reg-reg] _4692_/Q -> _4349_/D : -0.073534
[setup reg-reg] _4692_/Q -> _4350_/D : -0.073534
[setup reg-reg] _4692_/Q -> _4351_/D : -0.073534
[setup reg-reg] _4692_/Q -> _4352_/D : -0.073534
[setup reg-reg] _4692_/Q -> _4353_/D : -0.073534
[setup reg-reg] _4692_/Q -> _4354_/D : -0.073534
[setup reg-reg] _4692_/Q -> _4355_/D : -0.073534
[setup reg-reg] _4692_/Q -> _4356_/D : -0.073534
[setup reg-reg] _4692_/Q -> _4357_/D : -0.073534
[setup reg-reg] _4692_/Q -> _4424_/D : -0.061600
[setup reg-reg] _4692_/Q -> _4425_/D : -0.061600
[setup reg-reg] _4692_/Q -> _4426_/D : -0.061600
[setup reg-reg] _4692_/Q -> _4427_/D : -0.061600
[setup reg-reg] _4692_/Q -> _4428_/D : -0.061600
[setup reg-reg] _4692_/Q -> _4429_/D : -0.061600
[setup reg-reg] _4692_/Q -> _4430_/D : -0.061600
[setup reg-reg] _4692_/Q -> _4431_/D : -0.061600
[setup reg-reg] _4692_/Q -> _4432_/D : -0.061600
[setup reg-reg] _4692_/Q -> _4433_/D : -0.061600
[setup reg-reg] _4692_/Q -> _4434_/D : -0.061600
[setup reg-reg] _4692_/Q -> _4435_/D : -0.061600
[setup reg-reg] _4692_/Q -> _4436_/D : -0.061600
[setup reg-reg] _4692_/Q -> _4437_/D : -0.061600
[setup reg-reg] _4692_/Q -> _4438_/D : -0.061600
[setup reg-reg] _4692_/Q -> _4439_/D : -0.061600
[setup reg-reg] _4692_/Q -> _4440_/D : -0.061600
[setup reg-reg] _4692_/Q -> _4441_/D : -0.061600
[setup reg-reg] _4692_/Q -> _4442_/D : -0.061600
[setup reg-reg] _4692_/Q -> _4443_/D : -0.061600
[setup reg-reg] _4692_/Q -> _4444_/D : -0.061600
[setup reg-reg] _4692_/Q -> _4445_/D : -0.061600
[setup reg-reg] _4692_/Q -> _4446_/D : -0.061600
[setup reg-reg] _4692_/Q -> _4447_/D : -0.061600
[setup reg-reg] _4692_/Q -> _4448_/D : -0.061600
[setup reg-reg] _4692_/Q -> _4449_/D : -0.061600
[setup reg-reg] _4692_/Q -> _4450_/D : -0.061600
[setup reg-reg] _4692_/Q -> _4451_/D : -0.061600
[setup reg-reg] _4692_/Q -> _4452_/D : -0.061600
[setup reg-reg] _4692_/Q -> _4453_/D : -0.061600
[setup reg-reg] _4692_/Q -> _4454_/D : -0.061600
[setup reg-reg] _4692_/Q -> _4455_/D : -0.061600
[setup reg-reg] _4692_/Q -> _4873_/D : -0.052401
[setup reg-reg] _4692_/Q -> _4874_/D : -0.052401
[setup reg-reg] _4692_/Q -> _4875_/D : -0.052401
[setup reg-reg] _4692_/Q -> _4876_/D : -0.052401
[setup reg-reg] _4692_/Q -> _4877_/D : -0.052401
[setup reg-reg] _4692_/Q -> _4878_/D : -0.052401
[setup reg-reg] _4692_/Q -> _4879_/D : -0.052401
[setup reg-reg] _4692_/Q -> _4880_/D : -0.052401
[setup reg-reg] _4692_/Q -> _4881_/D : -0.052401
[setup reg-reg] _4692_/Q -> _4882_/D : -0.052401
[setup reg-reg] _4692_/Q -> _4883_/D : -0.052401
[setup reg-reg] _4692_/Q -> _4884_/D : -0.052401
[setup reg-reg] _4692_/Q -> _4885_/D : -0.052401
[setup reg-reg] _4692_/Q -> _4886_/D : -0.052401
[setup reg-reg] _4692_/Q -> _4887_/D : -0.052401
[setup reg-reg] _4692_/Q -> _4888_/D : -0.052401
[setup reg-reg] _4692_/Q -> _4889_/D : -0.052401
[setup reg-reg] _4692_/Q -> _4890_/D : -0.052401
[setup reg-reg] _4692_/Q -> _4891_/D : -0.052401
[setup reg-reg] _4692_/Q -> _4892_/D : -0.052401
[setup reg-reg] _4692_/Q -> _4893_/D : -0.052401
[setup reg-reg] _4692_/Q -> _4894_/D : -0.052401
[setup reg-reg] _4692_/Q -> _4895_/D : -0.052401
[setup reg-reg] _4692_/Q -> _4896_/D : -0.052401
[setup reg-reg] _4692_/Q -> _4897_/D : -0.052401
[setup reg-reg] _4692_/Q -> _4898_/D : -0.052401
[setup reg-reg] _4692_/Q -> _4899_/D : -0.052401
[setup reg-reg] _4692_/Q -> _4900_/D : -0.052401
[setup reg-reg] _4692_/Q -> _4901_/D : -0.052401
[setup reg-reg] _4692_/Q -> _4902_/D : -0.052401
[setup reg-reg] _4692_/Q -> _4903_/D : -0.052401
[setup reg-reg] _4692_/Q -> _4904_/D : -0.052401
[setup reg-reg] _4692_/Q -> _4694_/D : -0.048023
[setup reg-reg] _4692_/Q -> _4584_/D : -0.044904
[setup reg-reg] _4692_/Q -> _4585_/D : -0.044904
[setup reg-reg] _4692_/Q -> _4586_/D : -0.044904
[setup reg-reg] _4692_/Q -> _4587_/D : -0.044904
[setup reg-reg] _4692_/Q -> _4588_/D : -0.044904
[setup reg-reg] _4692_/Q -> _4589_/D : -0.044904
[setup reg-reg] _4692_/Q -> _4590_/D : -0.044904
[setup reg-reg] _4692_/Q -> _4591_/D : -0.044904
[setup reg-reg] _4692_/Q -> _4592_/D : -0.044904
[setup reg-reg] _4692_/Q -> _4593_/D : -0.044904
[setup reg-reg] _4692_/Q -> _4594_/D : -0.044904
[setup reg-reg] _4692_/Q -> _4595_/D : -0.044904
[setup reg-reg] _4692_/Q -> _4596_/D : -0.044904
[setup reg-reg] _4692_/Q -> _4597_/D : -0.044904
[setup reg-reg] _4692_/Q -> _4598_/D : -0.044904
[setup reg-reg] _4692_/Q -> _4599_/D : -0.044904
[setup reg-reg] _4692_/Q -> _4600_/D : -0.044904
[setup reg-reg] _4692_/Q -> _4601_/D : -0.044904
[setup reg-reg] _4692_/Q -> _4602_/D : -0.044904
[setup reg-reg] _4692_/Q -> _4603_/D : -0.044904
[setup reg-reg] _4692_/Q -> _4604_/D : -0.044904
[setup reg-reg] _4692_/Q -> _4605_/D : -0.044904
[setup reg-reg] _4692_/Q -> _4606_/D : -0.044904
[setup reg-reg] _4692_/Q -> _4607_/D : -0.044904
[setup reg-reg] _4692_/Q -> _4608_/D : -0.044904
[setup reg-reg] _4692_/Q -> _4609_/D : -0.044904
[setup reg-reg] _4692_/Q -> _4610_/D : -0.044904
[setup reg-reg] _4692_/Q -> _4611_/D : -0.044904
[setup reg-reg] _4692_/Q -> _4612_/D : -0.044904
[setup reg-reg] _4692_/Q -> _4613_/D : -0.044904
[setup reg-reg] _4692_/Q -> _4614_/D : -0.044904
[setup reg-reg] _4692_/Q -> _4615_/D : -0.044904
