                                                                       Cells by Function                                                                        
┏━━━━━━━━━━━━━━━━━━━━━━━━━━━━━━━━━━━━━━━━━━━━━━━━━━━━━━━━━━━━━━━━━━━━━━━━━━━━━━━━━━━━━━━━━━━━━━━━━━━━━━━━━━━━━━━━━━━━━━━━━━━━━━━━━┳━━━━━━━━━━━━━━━━━━━━━━━━━━━━┓
┃ Cell Function                                                                                                                   ┃ Count                      ┃
┡━━━━━━━━━━━━━━━━━━━━━━━━━━━━━━━━━━━━━━━━━━━━━━━━━━━━━━━━━━━━━━━━━━━━━━━━━━━━━━━━━━━━━━━━━━━━━━━━━━━━━━━━━━━━━━━━━━━━━━━━━━━━━━━━━╇━━━━━━━━━━━━━━━━━━━━━━━━━━━━┩
│ sky130_ef_sc_hd__decap                                                                                                          │ 1067                       │
│ sky130_fd_sc_hd__a2111o                                                                                                         │ 3                          │
│ sky130_fd_sc_hd__a2111oi                                                                                                        │ 2                          │
│ sky130_fd_sc_hd__a211o                                                                                                          │ 6                          │
│ sky130_fd_sc_hd__a211oi                                                                                                         │ 1                          │
│ sky130_fd_sc_hd__a21bo                                                                                                          │ 7                          │
│ sky130_fd_sc_hd__a21boi                                                                                                         │ 9                          │
│ sky130_fd_sc_hd__a21o                                                                                                           │ 24                         │
│ sky130_fd_sc_hd__a21oi                                                                                                          │ 21                         │
│ sky130_fd_sc_hd__a221o                                                                                                          │ 2                          │
│ sky130_fd_sc_hd__a221oi                                                                                                         │ 1                          │
│ sky130_fd_sc_hd__a22o                                                                                                           │ 33                         │
│ sky130_fd_sc_hd__a22oi                                                                                                          │ 3                          │
│ sky130_fd_sc_hd__a2bb2o                                                                                                         │ 17                         │
│ sky130_fd_sc_hd__a31o                                                                                                           │ 26                         │
│ sky130_fd_sc_hd__a31oi                                                                                                          │ 1                          │
│ sky130_fd_sc_hd__a32o                                                                                                           │ 3                          │
│ sky130_fd_sc_hd__a41o                                                                                                           │ 1                          │
│ sky130_fd_sc_hd__and2                                                                                                           │ 64                         │
│ sky130_fd_sc_hd__and2b                                                                                                          │ 7                          │
│ sky130_fd_sc_hd__and3                                                                                                           │ 51                         │
│ sky130_fd_sc_hd__and3b                                                                                                          │ 11                         │
│ sky130_fd_sc_hd__and4                                                                                                           │ 11                         │
│ sky130_fd_sc_hd__and4b                                                                                                          │ 2                          │
│ sky130_fd_sc_hd__and4bb                                                                                                         │ 1                          │
│ sky130_fd_sc_hd__buf                                                                                                            │ 245                        │
│ sky130_fd_sc_hd__bufinv                                                                                                         │ 7                          │
│ sky130_fd_sc_hd__clkbuf                                                                                                         │ 302                        │
│ sky130_fd_sc_hd__clkinv                                                                                                         │ 19                         │
│ sky130_fd_sc_hd__clkinvlp                                                                                                       │ 11                         │
│ sky130_fd_sc_hd__conb                                                                                                           │ 22                         │
│ sky130_fd_sc_hd__decap                                                                                                          │ 1724                       │
│ sky130_fd_sc_hd__dfrtp                                                                                                          │ 175                        │
│ sky130_fd_sc_hd__dfxtp                                                                                                          │ 748                        │
│ sky130_fd_sc_hd__diode                                                                                                          │ 9                          │
│ sky130_fd_sc_hd__dlygate4sd1                                                                                                    │ 5                          │
│ sky130_fd_sc_hd__dlygate4sd3                                                                                                    │ 816                        │
│ sky130_fd_sc_hd__dlymetal6s2s                                                                                                   │ 20                         │
│ sky130_fd_sc_hd__fill                                                                                                           │ 1543                       │
│ sky130_fd_sc_hd__inv                                                                                                            │ 245                        │
│ sky130_fd_sc_hd__mux2                                                                                                           │ 865                        │
│ sky130_fd_sc_hd__mux4                                                                                                           │ 187                        │
│ sky130_fd_sc_hd__nand2                                                                                                          │ 76                         │
│ sky130_fd_sc_hd__nand2b                                                                                                         │ 12                         │
│ sky130_fd_sc_hd__nand3                                                                                                          │ 5                          │
│ sky130_fd_sc_hd__nand3b                                                                                                         │ 1                          │
│ sky130_fd_sc_hd__nor2                                                                                                           │ 99                         │
│ sky130_fd_sc_hd__nor3                                                                                                           │ 3                          │
│ sky130_fd_sc_hd__nor4                                                                                                           │ 1                          │
│ sky130_fd_sc_hd__o2111a                                                                                                         │ 12                         │
│ sky130_fd_sc_hd__o2111ai                                                                                                        │ 2                          │
│ sky130_fd_sc_hd__o211a                                                                                                          │ 8                          │
│ sky130_fd_sc_hd__o211ai                                                                                                         │ 3                          │
│ sky130_fd_sc_hd__o21a                                                                                                           │ 28                         │
│ sky130_fd_sc_hd__o21ai                                                                                                          │ 37                         │
│ sky130_fd_sc_hd__o21ba                                                                                                          │ 15                         │
│ sky130_fd_sc_hd__o221a                                                                                                          │ 11                         │
│ sky130_fd_sc_hd__o22a                                                                                                           │ 10                         │
│ sky130_fd_sc_hd__o22ai                                                                                                          │ 9                          │
│ sky130_fd_sc_hd__o2bb2a                                                                                                         │ 8                          │
│ sky130_fd_sc_hd__o31a                                                                                                           │ 3                          │
│ sky130_fd_sc_hd__o31ai                                                                                                          │ 2                          │
│ sky130_fd_sc_hd__o32a                                                                                                           │ 10                         │
│ sky130_fd_sc_hd__or2                                                                                                            │ 52                         │
│ sky130_fd_sc_hd__or3                                                                                                            │ 15                         │
│ sky130_fd_sc_hd__or3b                                                                                                           │ 3                          │
│ sky130_fd_sc_hd__or4                                                                                                            │ 8                          │
│ sky130_fd_sc_hd__or4b                                                                                                           │ 4                          │
│ sky130_fd_sc_hd__tapvpwrvgnd                                                                                                    │ 1199                       │
│ sky130_fd_sc_hd__xnor2                                                                                                          │ 30                         │
│ sky130_fd_sc_hd__xor2                                                                                                           │ 23                         │
└─────────────────────────────────────────────────────────────────────────────────────────────────────────────────────────────────┴────────────────────────────┘
