[WARNING ORD-0039] .openroad ignored with -python
                                Cells by Master                                 
┏━━━━━━━━━━━━━━━━━━━━━━━━━━━━━━━━━━━━━━━━━━━━━━━━━━━━━━━━━━━━━━━━┳━━━━━━━━━━━━━┓
┃ Cell                                                           ┃ Count       ┃
┡━━━━━━━━━━━━━━━━━━━━━━━━━━━━━━━━━━━━━━━━━━━━━━━━━━━━━━━━━━━━━━━━╇━━━━━━━━━━━━━┩
│ sky130_ef_sc_hd__decap_12                                      │ 1067        │
│ sky130_fd_sc_hd__a2111o_1                                      │ 3           │
│ sky130_fd_sc_hd__a2111oi_4                                     │ 2           │
│ sky130_fd_sc_hd__a211o_1                                       │ 6           │
│ sky130_fd_sc_hd__a211oi_1                                      │ 1           │
│ sky130_fd_sc_hd__a21bo_1                                       │ 7           │
│ sky130_fd_sc_hd__a21boi_1                                      │ 6           │
│ sky130_fd_sc_hd__a21boi_2                                      │ 3           │
│ sky130_fd_sc_hd__a21o_1                                        │ 24          │
│ sky130_fd_sc_hd__a21oi_1                                       │ 21          │
│ sky130_fd_sc_hd__a221o_1                                       │ 2           │
│ sky130_fd_sc_hd__a221oi_1                                      │ 1           │
│ sky130_fd_sc_hd__a22o_1                                        │ 33          │
│ sky130_fd_sc_hd__a22oi_1                                       │ 3           │
│ sky130_fd_sc_hd__a2bb2o_1                                      │ 11          │
│ sky130_fd_sc_hd__a2bb2o_4                                      │ 6           │
│ sky130_fd_sc_hd__a31o_1                                        │ 26          │
│ sky130_fd_sc_hd__a31oi_1                                       │ 1           │
│ sky130_fd_sc_hd__a32o_1                                        │ 3           │
│ sky130_fd_sc_hd__a41o_1                                        │ 1           │
│ sky130_fd_sc_hd__and2_1                                        │ 60          │
│ sky130_fd_sc_hd__and2_2                                        │ 3           │
│ sky130_fd_sc_hd__and2_4                                        │ 1           │
│ sky130_fd_sc_hd__and2b_1                                       │ 7           │
│ sky130_fd_sc_hd__and3_1                                        │ 47          │
│ sky130_fd_sc_hd__and3_2                                        │ 4           │
│ sky130_fd_sc_hd__and3b_1                                       │ 6           │
│ sky130_fd_sc_hd__and3b_2                                       │ 4           │
│ sky130_fd_sc_hd__and3b_4                                       │ 1           │
│ sky130_fd_sc_hd__and4_1                                        │ 10          │
│ sky130_fd_sc_hd__and4_2                                        │ 1           │
│ sky130_fd_sc_hd__and4b_1                                       │ 2           │
│ sky130_fd_sc_hd__and4bb_2                                      │ 1           │
│ sky130_fd_sc_hd__buf_1                                         │ 40          │
│ sky130_fd_sc_hd__buf_2                                         │ 123         │
│ sky130_fd_sc_hd__buf_4                                         │ 68          │
│ sky130_fd_sc_hd__buf_6                                         │ 6           │
│ sky130_fd_sc_hd__buf_8                                         │ 8           │
│ sky130_fd_sc_hd__bufinv_16                                     │ 7           │
│ sky130_fd_sc_hd__clkbuf_1                                      │ 76          │
│ sky130_fd_sc_hd__clkbuf_16                                     │ 9           │
│ sky130_fd_sc_hd__clkbuf_2                                      │ 63          │
│ sky130_fd_sc_hd__clkbuf_4                                      │ 58          │
│ sky130_fd_sc_hd__clkbuf_8                                      │ 96          │
│ sky130_fd_sc_hd__clkinv_2                                      │ 6           │
│ sky130_fd_sc_hd__clkinv_4                                      │ 6           │
│ sky130_fd_sc_hd__clkinv_8                                      │ 7           │
│ sky130_fd_sc_hd__clkinvlp_4                                    │ 11          │
│ sky130_fd_sc_hd__conb_1                                        │ 22          │
│ sky130_fd_sc_hd__decap_3                                       │ 573         │
│ sky130_fd_sc_hd__decap_4                                       │ 447         │
│ sky130_fd_sc_hd__decap_6                                       │ 423         │
│ sky130_fd_sc_hd__decap_8                                       │ 281         │
│ sky130_fd_sc_hd__dfrtp_1                                       │ 153         │
│ sky130_fd_sc_hd__dfrtp_2                                       │ 16          │
│ sky130_fd_sc_hd__dfrtp_4                                       │ 6           │
│ sky130_fd_sc_hd__dfxtp_1                                       │ 748         │
│ sky130_fd_sc_hd__diode_2                                       │ 9           │
│ sky130_fd_sc_hd__dlygate4sd1_1                                 │ 5           │
│ sky130_fd_sc_hd__dlygate4sd3_1                                 │ 816         │
│ sky130_fd_sc_hd__dlymetal6s2s_1                                │ 20          │
│ sky130_fd_sc_hd__fill_1                                        │ 1060        │
│ sky130_fd_sc_hd__fill_2                                        │ 483         │
│ sky130_fd_sc_hd__inv_12                                        │ 2           │
│ sky130_fd_sc_hd__inv_16                                        │ 1           │
│ sky130_fd_sc_hd__inv_2                                         │ 212         │
│ sky130_fd_sc_hd__inv_6                                         │ 21          │
│ sky130_fd_sc_hd__inv_8                                         │ 9           │
│ sky130_fd_sc_hd__mux2_1                                        │ 846         │
│ sky130_fd_sc_hd__mux2_2                                        │ 1           │
│ sky130_fd_sc_hd__mux2_4                                        │ 18          │
│ sky130_fd_sc_hd__mux4_1                                        │ 187         │
│ sky130_fd_sc_hd__nand2_1                                       │ 69          │
│ sky130_fd_sc_hd__nand2_2                                       │ 5           │
│ sky130_fd_sc_hd__nand2_4                                       │ 2           │
│ sky130_fd_sc_hd__nand2b_1                                      │ 12          │
│ sky130_fd_sc_hd__nand3_1                                       │ 3           │
│ sky130_fd_sc_hd__nand3_2                                       │ 1           │
│ sky130_fd_sc_hd__nand3_4                                       │ 1           │
│ sky130_fd_sc_hd__nand3b_4                                      │ 1           │
│ sky130_fd_sc_hd__nor2_1                                        │ 87          │
│ sky130_fd_sc_hd__nor2_2                                        │ 1           │
│ sky130_fd_sc_hd__nor2_4                                        │ 11          │
│ sky130_fd_sc_hd__nor3_1                                        │ 3           │
│ sky130_fd_sc_hd__nor4_1                                        │ 1           │
│ sky130_fd_sc_hd__o2111a_1                                      │ 12          │
│ sky130_fd_sc_hd__o2111ai_1                                     │ 2           │
│ sky130_fd_sc_hd__o211a_1                                       │ 7           │
│ sky130_fd_sc_hd__o211a_4                                       │ 1           │
│ sky130_fd_sc_hd__o211ai_1                                      │ 3           │
│ sky130_fd_sc_hd__o21a_1                                        │ 27          │
│ sky130_fd_sc_hd__o21a_4                                        │ 1           │
│ sky130_fd_sc_hd__o21ai_1                                       │ 34          │
│ sky130_fd_sc_hd__o21ai_2                                       │ 3           │
│ sky130_fd_sc_hd__o21ba_1                                       │ 15          │
│ sky130_fd_sc_hd__o221a_1                                       │ 11          │
│ sky130_fd_sc_hd__o22a_1                                        │ 10          │
│ sky130_fd_sc_hd__o22ai_1                                       │ 7           │
│ sky130_fd_sc_hd__o22ai_2                                       │ 2           │
│ sky130_fd_sc_hd__o2bb2a_1                                      │ 6           │
│ sky130_fd_sc_hd__o2bb2a_4                                      │ 2           │
│ sky130_fd_sc_hd__o31a_1                                        │ 2           │
│ sky130_fd_sc_hd__o31a_2                                        │ 1           │
│ sky130_fd_sc_hd__o31ai_1                                       │ 2           │
│ sky130_fd_sc_hd__o32a_1                                        │ 10          │
│ sky130_fd_sc_hd__or2_1                                         │ 44          │
│ sky130_fd_sc_hd__or2_2                                         │ 4           │
│ sky130_fd_sc_hd__or2_4                                         │ 4           │
│ sky130_fd_sc_hd__or3_1                                         │ 7           │
│ sky130_fd_sc_hd__or3_2                                         │ 1           │
│ sky130_fd_sc_hd__or3_4                                         │ 7           │
│ sky130_fd_sc_hd__or3b_1                                        │ 2           │
│ sky130_fd_sc_hd__or3b_4                                        │ 1           │
│ sky130_fd_sc_hd__or4_1                                         │ 2           │
│ sky130_fd_sc_hd__or4_4                                         │ 6           │
│ sky130_fd_sc_hd__or4b_1                                        │ 2           │
│ sky130_fd_sc_hd__or4b_4                                        │ 2           │
│ sky130_fd_sc_hd__tapvpwrvgnd_1                                 │ 1199        │
│ sky130_fd_sc_hd__xnor2_1                                       │ 21          │
│ sky130_fd_sc_hd__xnor2_2                                       │ 9           │
│ sky130_fd_sc_hd__xor2_1                                        │ 17          │
│ sky130_fd_sc_hd__xor2_2                                        │ 3           │
│ sky130_fd_sc_hd__xor2_4                                        │ 3           │
└────────────────────────────────────────────────────────────────┴─────────────┘
                               Cells by Function                                
┏━━━━━━━━━━━━━━━━━━━━━━━━━━━━━━━━━━━━━━━━━━━━━━━━━━━━━━━━━━━━━━━┳━━━━━━━━━━━━━━┓
┃ Cell Function                                                 ┃ Count        ┃
┡━━━━━━━━━━━━━━━━━━━━━━━━━━━━━━━━━━━━━━━━━━━━━━━━━━━━━━━━━━━━━━━╇━━━━━━━━━━━━━━┩
│ sky130_ef_sc_hd__decap                                        │ 1067         │
│ sky130_fd_sc_hd__a2111o                                       │ 3            │
│ sky130_fd_sc_hd__a2111oi                                      │ 2            │
│ sky130_fd_sc_hd__a211o                                        │ 6            │
│ sky130_fd_sc_hd__a211oi                                       │ 1            │
│ sky130_fd_sc_hd__a21bo                                        │ 7            │
│ sky130_fd_sc_hd__a21boi                                       │ 9            │
│ sky130_fd_sc_hd__a21o                                         │ 24           │
│ sky130_fd_sc_hd__a21oi                                        │ 21           │
│ sky130_fd_sc_hd__a221o                                        │ 2            │
│ sky130_fd_sc_hd__a221oi                                       │ 1            │
│ sky130_fd_sc_hd__a22o                                         │ 33           │
│ sky130_fd_sc_hd__a22oi                                        │ 3            │
│ sky130_fd_sc_hd__a2bb2o                                       │ 17           │
│ sky130_fd_sc_hd__a31o                                         │ 26           │
│ sky130_fd_sc_hd__a31oi                                        │ 1            │
│ sky130_fd_sc_hd__a32o                                         │ 3            │
│ sky130_fd_sc_hd__a41o                                         │ 1            │
│ sky130_fd_sc_hd__and2                                         │ 64           │
│ sky130_fd_sc_hd__and2b                                        │ 7            │
│ sky130_fd_sc_hd__and3                                         │ 51           │
│ sky130_fd_sc_hd__and3b                                        │ 11           │
│ sky130_fd_sc_hd__and4                                         │ 11           │
│ sky130_fd_sc_hd__and4b                                        │ 2            │
│ sky130_fd_sc_hd__and4bb                                       │ 1            │
│ sky130_fd_sc_hd__buf                                          │ 245          │
│ sky130_fd_sc_hd__bufinv                                       │ 7            │
│ sky130_fd_sc_hd__clkbuf                                       │ 302          │
│ sky130_fd_sc_hd__clkinv                                       │ 19           │
│ sky130_fd_sc_hd__clkinvlp                                     │ 11           │
│ sky130_fd_sc_hd__conb                                         │ 22           │
│ sky130_fd_sc_hd__decap                                        │ 1724         │
│ sky130_fd_sc_hd__dfrtp                                        │ 175          │
│ sky130_fd_sc_hd__dfxtp                                        │ 748          │
│ sky130_fd_sc_hd__diode                                        │ 9            │
│ sky130_fd_sc_hd__dlygate4sd1                                  │ 5            │
│ sky130_fd_sc_hd__dlygate4sd3                                  │ 816          │
│ sky130_fd_sc_hd__dlymetal6s2s                                 │ 20           │
│ sky130_fd_sc_hd__fill                                         │ 1543         │
│ sky130_fd_sc_hd__inv                                          │ 245          │
│ sky130_fd_sc_hd__mux2                                         │ 865          │
│ sky130_fd_sc_hd__mux4                                         │ 187          │
│ sky130_fd_sc_hd__nand2                                        │ 76           │
│ sky130_fd_sc_hd__nand2b                                       │ 12           │
│ sky130_fd_sc_hd__nand3                                        │ 5            │
│ sky130_fd_sc_hd__nand3b                                       │ 1            │
│ sky130_fd_sc_hd__nor2                                         │ 99           │
│ sky130_fd_sc_hd__nor3                                         │ 3            │
│ sky130_fd_sc_hd__nor4                                         │ 1            │
│ sky130_fd_sc_hd__o2111a                                       │ 12           │
│ sky130_fd_sc_hd__o2111ai                                      │ 2            │
│ sky130_fd_sc_hd__o211a                                        │ 8            │
│ sky130_fd_sc_hd__o211ai                                       │ 3            │
│ sky130_fd_sc_hd__o21a                                         │ 28           │
│ sky130_fd_sc_hd__o21ai                                        │ 37           │
│ sky130_fd_sc_hd__o21ba                                        │ 15           │
│ sky130_fd_sc_hd__o221a                                        │ 11           │
│ sky130_fd_sc_hd__o22a                                         │ 10           │
│ sky130_fd_sc_hd__o22ai                                        │ 9            │
│ sky130_fd_sc_hd__o2bb2a                                       │ 8            │
│ sky130_fd_sc_hd__o31a                                         │ 3            │
│ sky130_fd_sc_hd__o31ai                                        │ 2            │
│ sky130_fd_sc_hd__o32a                                         │ 10           │
│ sky130_fd_sc_hd__or2                                          │ 52           │
│ sky130_fd_sc_hd__or3                                          │ 15           │
│ sky130_fd_sc_hd__or3b                                         │ 3            │
│ sky130_fd_sc_hd__or4                                          │ 8            │
│ sky130_fd_sc_hd__or4b                                         │ 4            │
│ sky130_fd_sc_hd__tapvpwrvgnd                                  │ 1199         │
│ sky130_fd_sc_hd__xnor2                                        │ 30           │
│ sky130_fd_sc_hd__xor2                                         │ 23           │
└───────────────────────────────────────────────────────────────┴──────────────┘
                                  Cells by SCL                                  
┏━━━━━━━━━━━━━━━━━━━━━━━━━━━━━━━━━━━━━━━━━━━━━━━━━━━━━━━┳━━━━━━━━━━━━━━━━━━━━━━┓
┃ SCL                                                   ┃ Count                ┃
┡━━━━━━━━━━━━━━━━━━━━━━━━━━━━━━━━━━━━━━━━━━━━━━━━━━━━━━━╇━━━━━━━━━━━━━━━━━━━━━━┩
│ sky130_ef_sc_hd                                       │ 1067                 │
│ sky130_fd_sc_hd                                       │ 8939                 │
└───────────────────────────────────────────────────────┴──────────────────────┘
                             Buffers by Cell Master                             
┏━━━━━━━━━━━━━━━━━━━━━━━━━━━━━━━━━━━━━━━━━━━━━━━━━━━━━━━━━━━━━━━━┳━━━━━━━━━━━━━┓
┃ Buffer                                                         ┃ Count       ┃
┡━━━━━━━━━━━━━━━━━━━━━━━━━━━━━━━━━━━━━━━━━━━━━━━━━━━━━━━━━━━━━━━━╇━━━━━━━━━━━━━┩
│ sky130_fd_sc_hd__buf_1                                         │ 40          │
│ sky130_fd_sc_hd__buf_2                                         │ 123         │
│ sky130_fd_sc_hd__buf_4                                         │ 68          │
│ sky130_fd_sc_hd__buf_6                                         │ 6           │
│ sky130_fd_sc_hd__buf_8                                         │ 8           │
│ sky130_fd_sc_hd__clkbuf_1                                      │ 76          │
│ sky130_fd_sc_hd__clkbuf_16                                     │ 9           │
│ sky130_fd_sc_hd__clkbuf_2                                      │ 63          │
│ sky130_fd_sc_hd__clkbuf_4                                      │ 58          │
│ sky130_fd_sc_hd__clkbuf_8                                      │ 96          │
│ sky130_fd_sc_hd__dlygate4sd1_1                                 │ 5           │
│ sky130_fd_sc_hd__dlygate4sd3_1                                 │ 816         │
│ sky130_fd_sc_hd__dlymetal6s2s_1                                │ 20          │
└────────────────────────────────────────────────────────────────┴─────────────┘
