Clock: clk
Sources: clk 
Generated: no
Virtual: yes
Propagated: no
Period: 10.000000

===========================================================================
report_clock_properties
============================================================================
Clock                   Period          Waveform
----------------------------------------------------
clk                  10.000000    0.000000  5.000000

===========================================================================
report_clock_latency
============================================================================
Clock clk
rise -> rise
    min     max
0.000000 0.000000 source latency
0.788486         network latency _4420_/CLK
        0.833633 network latency _4454_/CLK
---------------
0.788486 0.833633 latency
        0.045147 skew

fall -> fall
    min     max
0.000000 0.000000 source latency
0.675230         network latency _4901_/CLK
        0.708262 network latency _4454_/CLK
---------------
0.675230 0.708262 latency
        0.033032 skew



===========================================================================
report_clock_min_period
============================================================================
clk period_min = 4.25 fmax = 235.18
