
===========================================================================
 report_power
============================================================================
======================= nom_tt_025C_1v80 Corner ===================================

Group                    Internal    Switching      Leakage        Total
                            Power        Power        Power        Power (Watts)
------------------------------------------------------------------------
Sequential           5.587284e-03 9.898287e-04 8.368874e-09 6.577121e-03  35.8%
Combinational        5.321766e-03 3.564953e-03 1.745727e-08 8.886737e-03  48.4%
Clock                1.376980e-03 1.520693e-03 6.794815e-09 2.897679e-03  15.8%
Macro                0.000000e+00 0.000000e+00 0.000000e+00 0.000000e+00   0.0%
Pad                  0.000000e+00 0.000000e+00 0.000000e+00 0.000000e+00   0.0%
------------------------------------------------------------------------
Total                1.228603e-02 6.075477e-03 3.262112e-08 1.836154e-02 100.0%
                            66.9%        33.1%         0.0%

