Clock: clk
Sources: clk 
Generated: no
Virtual: yes
Propagated: no
Period: 10.000000

===========================================================================
report_clock_properties
============================================================================
Clock                   Period          Waveform
----------------------------------------------------
clk                  10.000000    0.000000  5.000000

===========================================================================
report_clock_latency
============================================================================
Clock clk
rise -> rise
    min     max
0.000000 0.000000 source latency
0.762582         network latency _4420_/CLK
        0.804721 network latency _4454_/CLK
---------------
0.762582 0.804721 latency
        0.042139 skew

fall -> fall
    min     max
0.000000 0.000000 source latency
0.657137         network latency _4901_/CLK
        0.687377 network latency _4454_/CLK
---------------
0.657137 0.687377 latency
        0.030240 skew



===========================================================================
report_clock_min_period
============================================================================
clk period_min = 4.17 fmax = 239.80
