
===========================================================================
 report_power
============================================================================
======================= min_tt_025C_1v80 Corner ===================================

Group                    Internal    Switching      Leakage        Total
                            Power        Power        Power        Power (Watts)
------------------------------------------------------------------------
Sequential           5.586651e-03 9.440990e-04 8.368874e-09 6.530758e-03  36.1%
Combinational        5.317865e-03 3.414439e-03 1.745727e-08 8.732322e-03  48.2%
Clock                1.376602e-03 1.471080e-03 6.794815e-09 2.847688e-03  15.7%
Macro                0.000000e+00 0.000000e+00 0.000000e+00 0.000000e+00   0.0%
Pad                  0.000000e+00 0.000000e+00 0.000000e+00 0.000000e+00   0.0%
------------------------------------------------------------------------
Total                1.228110e-02 5.829609e-03 3.262112e-08 1.811075e-02 100.0%
                            67.8%        32.2%         0.0%

