
===========================================================================
report_checks -unconstrained
===========================================================================
======================= max_ss_100C_1v60 Corner ===================================

Startpoint: arst_i (input port clocked by clk)
Endpoint: _4942_ (recovery check against rising-edge clock clk)
Path Group: asynchronous
Path Type: max

Fanout         Cap        Slew       Delay        Time   Description
---------------------------------------------------------------------------------------------
                                  0.000000    0.000000   clock clk (rise edge)
                                  0.000000    0.000000   clock network delay (propagated)
                                  2.000000    2.000000 v input external delay
     1    0.006471    0.032997    0.020775    2.020775 v arst_i (in)
                                                         arst_i (net)
                      0.033000    0.000000    2.020775 v input1/A (sky130_fd_sc_hd__clkbuf_1)
     1    0.003449    0.056888    0.149482    2.170258 v input1/X (sky130_fd_sc_hd__clkbuf_1)
                                                         net1 (net)
                      0.056888    0.000220    2.170477 v fanout446/A (sky130_fd_sc_hd__clkbuf_4)
     5    0.066688    0.244500    0.392746    2.563223 v fanout446/X (sky130_fd_sc_hd__clkbuf_4)
                                                         net446 (net)
                      0.244552    0.003049    2.566272 v fanout445/A (sky130_fd_sc_hd__buf_2)
     5    0.054056    0.245877    0.489550    3.055821 v fanout445/X (sky130_fd_sc_hd__buf_2)
                                                         net445 (net)
                      0.245882    0.001443    3.057264 v fanout434/A (sky130_fd_sc_hd__buf_2)
     5    0.048787    0.224913    0.472982    3.530246 v fanout434/X (sky130_fd_sc_hd__buf_2)
                                                         net434 (net)
                      0.224934    0.002288    3.532534 v fanout433/A (sky130_fd_sc_hd__buf_2)
     6    0.037883    0.181020    0.429026    3.961559 v fanout433/X (sky130_fd_sc_hd__buf_2)
                                                         net433 (net)
                      0.181023    0.001107    3.962666 v fanout431/A (sky130_fd_sc_hd__buf_4)
    10    0.057965    0.150730    0.394741    4.357407 v fanout431/X (sky130_fd_sc_hd__buf_4)
                                                         net431 (net)
                      0.150978    0.005422    4.362829 v _3564_/A (sky130_fd_sc_hd__inv_2)
     1    0.005681    0.067704    0.115981    4.478810 ^ _3564_/Y (sky130_fd_sc_hd__inv_2)
                                                         _0128_ (net)
                      0.067704    0.000335    4.479145 ^ _4942_/RESET_B (sky130_fd_sc_hd__dfrtp_1)
                                              4.479145   data arrival time

                                 10.000000   10.000000   clock clk (rise edge)
                                  0.000000   10.000000   clock source latency
     1    0.042190    0.305433    0.213893   10.213893 ^ clk (in)
                                                         clk (net)
                      0.305512    0.000000   10.213893 ^ clkbuf_0_clk/A (sky130_fd_sc_hd__clkbuf_16)
     8    0.154336    0.255079    0.471769   10.685662 ^ clkbuf_0_clk/X (sky130_fd_sc_hd__clkbuf_16)
                                                         clknet_0_clk (net)
                      0.255927    0.011221   10.696884 ^ clkbuf_3_5__f_clk/A (sky130_fd_sc_hd__clkbuf_16)
    11    0.101058    0.178664    0.396865   11.093748 ^ clkbuf_3_5__f_clk/X (sky130_fd_sc_hd__clkbuf_16)
                                                         clknet_3_5__leaf_clk (net)
                      0.179229    0.007326   11.101074 ^ clkbuf_leaf_63_clk/A (sky130_fd_sc_hd__clkbuf_8)
    10    0.036551    0.121366    0.320646   11.421720 ^ clkbuf_leaf_63_clk/X (sky130_fd_sc_hd__clkbuf_8)
                                                         clknet_leaf_63_clk (net)
                      0.121397    0.001880   11.423600 ^ _4942_/CLK (sky130_fd_sc_hd__dfrtp_1)
                                 -0.250000   11.173600   clock uncertainty
                                  0.000000   11.173600   clock reconvergence pessimism
                                  0.480543   11.654143   library recovery time
                                             11.654143   data required time
---------------------------------------------------------------------------------------------
                                             11.654143   data required time
                                             -4.479145   data arrival time
---------------------------------------------------------------------------------------------
                                              7.174998   slack (MET)


Startpoint: count[0] (input port clocked by clk)
Endpoint: _4684_ (rising edge-triggered flip-flop clocked by clk)
Path Group: clk
Path Type: max

Fanout         Cap        Slew       Delay        Time   Description
---------------------------------------------------------------------------------------------
                                  0.000000    0.000000   clock clk (rise edge)
                                  0.000000    0.000000   clock network delay (propagated)
                                  2.000000    2.000000 v input external delay
     1    0.003574    0.021457    0.011720    2.011719 v count[0] (in)
                                                         count[0] (net)
                      0.021457    0.000000    2.011719 v input2/A (sky130_fd_sc_hd__buf_4)
     9    0.043613    0.122135    0.295132    2.306851 v input2/X (sky130_fd_sc_hd__buf_4)
                                                         net2 (net)
                      0.122747    0.006427    2.313278 v _2064_/C (sky130_fd_sc_hd__or4_4)
     2    0.004981    0.154224    0.971008    3.284287 v _2064_/X (sky130_fd_sc_hd__or4_4)
                                                         _1554_ (net)
                      0.154224    0.000168    3.284455 v _2068_/D (sky130_fd_sc_hd__or4_4)
     2    0.009044    0.170774    0.893426    4.177880 v _2068_/X (sky130_fd_sc_hd__or4_4)
                                                         _1558_ (net)
                      0.170774    0.000638    4.178519 v _2071_/C (sky130_fd_sc_hd__or4_4)
     6    0.020063    0.205909    1.083936    5.262455 v _2071_/X (sky130_fd_sc_hd__or4_4)
                                                         _1561_ (net)
                      0.205920    0.001763    5.264218 v _2073_/C (sky130_fd_sc_hd__or4_4)
     5    0.015875    0.190897    1.071980    6.336198 v _2073_/X (sky130_fd_sc_hd__or4_4)
                                                         _1563_ (net)
                      0.190897    0.000808    6.337006 v _2075_/A (sky130_fd_sc_hd__or4_4)
     6    0.032542    0.237248    1.240001    7.577008 v _2075_/X (sky130_fd_sc_hd__or4_4)
                                                         _1565_ (net)
                      0.237248    0.003188    7.580195 v _2076_/A (sky130_fd_sc_hd__or3_4)
     3    0.021366    0.167734    0.900184    8.480379 v _2076_/X (sky130_fd_sc_hd__or3_4)
                                                         _1566_ (net)
                      0.167737    0.001036    8.481415 v _2093_/A (sky130_fd_sc_hd__and2_4)
     5    0.019223    0.082120    0.328671    8.810086 v _2093_/X (sky130_fd_sc_hd__and2_4)
                                                         _1583_ (net)
                      0.082147    0.001431    8.811517 v _2094_/A (sky130_fd_sc_hd__or2_4)
     3    0.009482    0.093632    0.493059    9.304576 v _2094_/X (sky130_fd_sc_hd__or2_4)
                                                         _1584_ (net)
                      0.093632    0.000468    9.305044 v _2170_/C (sky130_fd_sc_hd__and4_1)
     1    0.004629    0.089615    0.408617    9.713661 v _2170_/X (sky130_fd_sc_hd__and4_1)
                                                         _1660_ (net)
                      0.089615    0.000301    9.713963 v _2174_/A1 (sky130_fd_sc_hd__a31o_1)
     1    0.020543    0.205127    0.461160   10.175122 v _2174_/X (sky130_fd_sc_hd__a31o_1)
                                                         _1664_ (net)
                      0.205138    0.001672   10.176794 v _2175_/B (sky130_fd_sc_hd__nand2_2)
     1    0.005429    0.087919    0.171898   10.348692 ^ _2175_/Y (sky130_fd_sc_hd__nand2_2)
                                                         _1665_ (net)
                      0.087920    0.000406   10.349098 ^ fanout165/A (sky130_fd_sc_hd__buf_6)
     9    0.056332    0.187288    0.275671   10.624769 ^ fanout165/X (sky130_fd_sc_hd__buf_6)
                                                         net165 (net)
                      0.187307    0.001550   10.626319 ^ fanout163/A (sky130_fd_sc_hd__buf_8)
     5    0.027527    0.089264    0.243859   10.870178 ^ fanout163/X (sky130_fd_sc_hd__buf_8)
                                                         net163 (net)
                      0.089293    0.001545   10.871722 ^ _2176_/A1 (sky130_fd_sc_hd__o21a_4)
     6    0.052407    0.263469    0.413937   11.285660 ^ _2176_/X (sky130_fd_sc_hd__o21a_4)
                                                         _1666_ (net)
                      0.263586    0.005229   11.290889 ^ fanout161/A (sky130_fd_sc_hd__buf_8)
     5    0.040882    0.121371    0.296128   11.587016 ^ fanout161/X (sky130_fd_sc_hd__buf_8)
                                                         net161 (net)
                      0.121609    0.004744   11.591760 ^ _2556_/S (sky130_fd_sc_hd__mux2_4)
     1    0.002344    0.077201    0.559786   12.151546 v _2556_/X (sky130_fd_sc_hd__mux2_4)
                                                         _0741_ (net)
                      0.077201    0.000162   12.151708 v _4684_/D (sky130_fd_sc_hd__dfrtp_1)
                                             12.151708   data arrival time

                                 10.000000   10.000000   clock clk (rise edge)
                                  0.000000   10.000000   clock source latency
     1    0.042190    0.305433    0.213893   10.213893 ^ clk (in)
                                                         clk (net)
                      0.305512    0.000000   10.213893 ^ clkbuf_0_clk/A (sky130_fd_sc_hd__clkbuf_16)
     8    0.154336    0.255079    0.471769   10.685662 ^ clkbuf_0_clk/X (sky130_fd_sc_hd__clkbuf_16)
                                                         clknet_0_clk (net)
                      0.255932    0.011257   10.696919 ^ clkbuf_3_2__f_clk/A (sky130_fd_sc_hd__clkbuf_16)
    13    0.098097    0.174503    0.392686   11.089605 ^ clkbuf_3_2__f_clk/X (sky130_fd_sc_hd__clkbuf_16)
                                                         clknet_3_2__leaf_clk (net)
                      0.175403    0.009229   11.098834 ^ clkbuf_leaf_26_clk/A (sky130_fd_sc_hd__clkbuf_8)
     3    0.031882    0.110269    0.310327   11.409161 ^ clkbuf_leaf_26_clk/X (sky130_fd_sc_hd__clkbuf_8)
                                                         clknet_leaf_26_clk (net)
                      0.110274    0.000966   11.410128 ^ _4684_/CLK (sky130_fd_sc_hd__dfrtp_1)
                                 -0.250000   11.160128   clock uncertainty
                                  0.000000   11.160128   clock reconvergence pessimism
                                 -0.268832   10.891295   library setup time
                                             10.891295   data required time
---------------------------------------------------------------------------------------------
                                             10.891295   data required time
                                            -12.151708   data arrival time
---------------------------------------------------------------------------------------------
                                             -1.260412   slack (VIOLATED)




===========================================================================
report_checks --slack_max -0.01
============================================================================
======================= max_ss_100C_1v60 Corner ===================================

Startpoint: count[0] (input port clocked by clk)
Endpoint: _4684_ (rising edge-triggered flip-flop clocked by clk)
Path Group: clk
Path Type: max

Fanout         Cap        Slew       Delay        Time   Description
---------------------------------------------------------------------------------------------
                                  0.000000    0.000000   clock clk (rise edge)
                                  0.000000    0.000000   clock network delay (propagated)
                                  2.000000    2.000000 v input external delay
     1    0.003574    0.021457    0.011720    2.011719 v count[0] (in)
                                                         count[0] (net)
                      0.021457    0.000000    2.011719 v input2/A (sky130_fd_sc_hd__buf_4)
     9    0.043613    0.122135    0.295132    2.306851 v input2/X (sky130_fd_sc_hd__buf_4)
                                                         net2 (net)
                      0.122747    0.006427    2.313278 v _2064_/C (sky130_fd_sc_hd__or4_4)
     2    0.004981    0.154224    0.971008    3.284287 v _2064_/X (sky130_fd_sc_hd__or4_4)
                                                         _1554_ (net)
                      0.154224    0.000168    3.284455 v _2068_/D (sky130_fd_sc_hd__or4_4)
     2    0.009044    0.170774    0.893426    4.177880 v _2068_/X (sky130_fd_sc_hd__or4_4)
                                                         _1558_ (net)
                      0.170774    0.000638    4.178519 v _2071_/C (sky130_fd_sc_hd__or4_4)
     6    0.020063    0.205909    1.083936    5.262455 v _2071_/X (sky130_fd_sc_hd__or4_4)
                                                         _1561_ (net)
                      0.205920    0.001763    5.264218 v _2073_/C (sky130_fd_sc_hd__or4_4)
     5    0.015875    0.190897    1.071980    6.336198 v _2073_/X (sky130_fd_sc_hd__or4_4)
                                                         _1563_ (net)
                      0.190897    0.000808    6.337006 v _2075_/A (sky130_fd_sc_hd__or4_4)
     6    0.032542    0.237248    1.240001    7.577008 v _2075_/X (sky130_fd_sc_hd__or4_4)
                                                         _1565_ (net)
                      0.237248    0.003188    7.580195 v _2076_/A (sky130_fd_sc_hd__or3_4)
     3    0.021366    0.167734    0.900184    8.480379 v _2076_/X (sky130_fd_sc_hd__or3_4)
                                                         _1566_ (net)
                      0.167737    0.001036    8.481415 v _2093_/A (sky130_fd_sc_hd__and2_4)
     5    0.019223    0.082120    0.328671    8.810086 v _2093_/X (sky130_fd_sc_hd__and2_4)
                                                         _1583_ (net)
                      0.082147    0.001431    8.811517 v _2094_/A (sky130_fd_sc_hd__or2_4)
     3    0.009482    0.093632    0.493059    9.304576 v _2094_/X (sky130_fd_sc_hd__or2_4)
                                                         _1584_ (net)
                      0.093632    0.000468    9.305044 v _2170_/C (sky130_fd_sc_hd__and4_1)
     1    0.004629    0.089615    0.408617    9.713661 v _2170_/X (sky130_fd_sc_hd__and4_1)
                                                         _1660_ (net)
                      0.089615    0.000301    9.713963 v _2174_/A1 (sky130_fd_sc_hd__a31o_1)
     1    0.020543    0.205127    0.461160   10.175122 v _2174_/X (sky130_fd_sc_hd__a31o_1)
                                                         _1664_ (net)
                      0.205138    0.001672   10.176794 v _2175_/B (sky130_fd_sc_hd__nand2_2)
     1    0.005429    0.087919    0.171898   10.348692 ^ _2175_/Y (sky130_fd_sc_hd__nand2_2)
                                                         _1665_ (net)
                      0.087920    0.000406   10.349098 ^ fanout165/A (sky130_fd_sc_hd__buf_6)
     9    0.056332    0.187288    0.275671   10.624769 ^ fanout165/X (sky130_fd_sc_hd__buf_6)
                                                         net165 (net)
                      0.187307    0.001550   10.626319 ^ fanout163/A (sky130_fd_sc_hd__buf_8)
     5    0.027527    0.089264    0.243859   10.870178 ^ fanout163/X (sky130_fd_sc_hd__buf_8)
                                                         net163 (net)
                      0.089293    0.001545   10.871722 ^ _2176_/A1 (sky130_fd_sc_hd__o21a_4)
     6    0.052407    0.263469    0.413937   11.285660 ^ _2176_/X (sky130_fd_sc_hd__o21a_4)
                                                         _1666_ (net)
                      0.263586    0.005229   11.290889 ^ fanout161/A (sky130_fd_sc_hd__buf_8)
     5    0.040882    0.121371    0.296128   11.587016 ^ fanout161/X (sky130_fd_sc_hd__buf_8)
                                                         net161 (net)
                      0.121609    0.004744   11.591760 ^ _2556_/S (sky130_fd_sc_hd__mux2_4)
     1    0.002344    0.077201    0.559786   12.151546 v _2556_/X (sky130_fd_sc_hd__mux2_4)
                                                         _0741_ (net)
                      0.077201    0.000162   12.151708 v _4684_/D (sky130_fd_sc_hd__dfrtp_1)
                                             12.151708   data arrival time

                                 10.000000   10.000000   clock clk (rise edge)
                                  0.000000   10.000000   clock source latency
     1    0.042190    0.305433    0.213893   10.213893 ^ clk (in)
                                                         clk (net)
                      0.305512    0.000000   10.213893 ^ clkbuf_0_clk/A (sky130_fd_sc_hd__clkbuf_16)
     8    0.154336    0.255079    0.471769   10.685662 ^ clkbuf_0_clk/X (sky130_fd_sc_hd__clkbuf_16)
                                                         clknet_0_clk (net)
                      0.255932    0.011257   10.696919 ^ clkbuf_3_2__f_clk/A (sky130_fd_sc_hd__clkbuf_16)
    13    0.098097    0.174503    0.392686   11.089605 ^ clkbuf_3_2__f_clk/X (sky130_fd_sc_hd__clkbuf_16)
                                                         clknet_3_2__leaf_clk (net)
                      0.175403    0.009229   11.098834 ^ clkbuf_leaf_26_clk/A (sky130_fd_sc_hd__clkbuf_8)
     3    0.031882    0.110269    0.310327   11.409161 ^ clkbuf_leaf_26_clk/X (sky130_fd_sc_hd__clkbuf_8)
                                                         clknet_leaf_26_clk (net)
                      0.110274    0.000966   11.410128 ^ _4684_/CLK (sky130_fd_sc_hd__dfrtp_1)
                                 -0.250000   11.160128   clock uncertainty
                                  0.000000   11.160128   clock reconvergence pessimism
                                 -0.268832   10.891295   library setup time
                                             10.891295   data required time
---------------------------------------------------------------------------------------------
                                             10.891295   data required time
                                            -12.151708   data arrival time
---------------------------------------------------------------------------------------------
                                             -1.260412   slack (VIOLATED)




===========================================================================
 report_check_types -max_slew -max_cap -max_fanout -violators
============================================================================
======================= max_ss_100C_1v60 Corner ===================================

max slew

Pin                                        Limit        Slew       Slack
------------------------------------------------------------------------
_2348_/A2                               0.750000    0.770630   -0.020630 (VIOLATED)
_2347_/A2                               0.750000    0.770622   -0.020623 (VIOLATED)
_2162_/A2                               0.750000    0.770617   -0.020617 (VIOLATED)
_2089_/A2                               0.750000    0.770613   -0.020613 (VIOLATED)
_2086_/Y                                0.750000    0.770609   -0.020609 (VIOLATED)

max fanout

Pin                                   Limit Fanout  Slack
---------------------------------------------------------
wire237/X                                10     22    -12 (VIOLATED)
clkbuf_leaf_68_clk/X                     10     20    -10 (VIOLATED)
clkbuf_leaf_70_clk/X                     10     20    -10 (VIOLATED)
clkbuf_leaf_11_clk/X                     10     19     -9 (VIOLATED)
clkbuf_leaf_1_clk/X                      10     18     -8 (VIOLATED)
clkbuf_leaf_31_clk/X                     10     18     -8 (VIOLATED)
clkbuf_leaf_32_clk/X                     10     18     -8 (VIOLATED)
clkbuf_leaf_87_clk/X                     10     18     -8 (VIOLATED)
clkbuf_leaf_3_clk/X                      10     16     -6 (VIOLATED)
clkbuf_leaf_45_clk/X                     10     16     -6 (VIOLATED)
clkbuf_leaf_80_clk/X                     10     16     -6 (VIOLATED)
clkbuf_leaf_81_clk/X                     10     16     -6 (VIOLATED)
clkbuf_leaf_8_clk/X                      10     16     -6 (VIOLATED)
clkbuf_leaf_48_clk/X                     10     15     -5 (VIOLATED)
clkbuf_leaf_4_clk/X                      10     15     -5 (VIOLATED)
clkbuf_leaf_72_clk/X                     10     15     -5 (VIOLATED)
clkbuf_leaf_82_clk/X                     10     15     -5 (VIOLATED)
clkbuf_leaf_17_clk/X                     10     14     -4 (VIOLATED)
clkbuf_leaf_27_clk/X                     10     14     -4 (VIOLATED)
clkbuf_leaf_2_clk/X                      10     14     -4 (VIOLATED)
clkbuf_leaf_35_clk/X                     10     14     -4 (VIOLATED)
clkbuf_leaf_44_clk/X                     10     14     -4 (VIOLATED)
clkbuf_leaf_60_clk/X                     10     14     -4 (VIOLATED)
clkbuf_leaf_84_clk/X                     10     14     -4 (VIOLATED)
clkbuf_3_0__f_clk/X                      10     13     -3 (VIOLATED)
clkbuf_3_1__f_clk/X                      10     13     -3 (VIOLATED)
clkbuf_3_2__f_clk/X                      10     13     -3 (VIOLATED)
clkbuf_leaf_19_clk/X                     10     13     -3 (VIOLATED)
clkbuf_leaf_25_clk/X                     10     13     -3 (VIOLATED)
clkbuf_leaf_30_clk/X                     10     13     -3 (VIOLATED)
clkbuf_leaf_33_clk/X                     10     13     -3 (VIOLATED)
clkbuf_leaf_5_clk/X                      10     13     -3 (VIOLATED)
clkbuf_leaf_65_clk/X                     10     13     -3 (VIOLATED)
clkbuf_leaf_78_clk/X                     10     13     -3 (VIOLATED)
clkbuf_leaf_85_clk/X                     10     13     -3 (VIOLATED)
clkbuf_3_3__f_clk/X                      10     12     -2 (VIOLATED)
clkbuf_leaf_14_clk/X                     10     12     -2 (VIOLATED)
clkbuf_leaf_20_clk/X                     10     12     -2 (VIOLATED)
clkbuf_leaf_22_clk/X                     10     12     -2 (VIOLATED)
clkbuf_leaf_24_clk/X                     10     12     -2 (VIOLATED)
clkbuf_leaf_28_clk/X                     10     12     -2 (VIOLATED)
clkbuf_leaf_36_clk/X                     10     12     -2 (VIOLATED)
clkbuf_leaf_53_clk/X                     10     12     -2 (VIOLATED)
clkbuf_leaf_56_clk/X                     10     12     -2 (VIOLATED)
clkbuf_leaf_61_clk/X                     10     12     -2 (VIOLATED)
clkbuf_leaf_64_clk/X                     10     12     -2 (VIOLATED)
clkbuf_leaf_83_clk/X                     10     12     -2 (VIOLATED)
clkbuf_3_4__f_clk/X                      10     11        (VIOLATED)
clkbuf_3_5__f_clk/X                      10     11        (VIOLATED)
clkbuf_3_6__f_clk/X                      10     11        (VIOLATED)
clkbuf_3_7__f_clk/X                      10     11        (VIOLATED)
clkbuf_leaf_12_clk/X                     10     11        (VIOLATED)
clkbuf_leaf_13_clk/X                     10     11        (VIOLATED)
clkbuf_leaf_21_clk/X                     10     11        (VIOLATED)
clkbuf_leaf_49_clk/X                     10     11        (VIOLATED)
clkbuf_leaf_54_clk/X                     10     11        (VIOLATED)
clkbuf_leaf_67_clk/X                     10     11        (VIOLATED)
clkbuf_leaf_77_clk/X                     10     11        (VIOLATED)
clkbuf_leaf_86_clk/X                     10     11        (VIOLATED)
fanout272/X                              10     11        (VIOLATED)



===========================================================================
report_parasitic_annotation -report_unannotated
============================================================================
Found 108 unannotated drivers.
 clkload0/X
 clkload1/X
 clkload10/Y
 clkload11/Y
 clkload12/Y
 clkload13/Y
 clkload14/Y
 clkload15/Y
 clkload16/Y
 clkload17/Y
 clkload18/X
 clkload19/Y
 clkload2/Y
 clkload20/Y
 clkload21/Y
 clkload22/Y
 clkload23/Y
 clkload24/Y
 clkload25/Y
 clkload26/Y
 clkload27/X
 clkload28/X
 clkload29/Y
 clkload3/Y
 clkload30/Y
 clkload31/Y
 clkload32/X
 clkload33/Y
 clkload34/X
 clkload35/Y
 clkload36/X
 clkload37/Y
 clkload38/X
 clkload39/X
 clkload4/Y
 clkload40/Y
 clkload41/X
 clkload42/Y
 clkload43/Y
 clkload44/Y
 clkload45/Y
 clkload46/Y
 clkload47/Y
 clkload48/Y
 clkload49/Y
 clkload5/Y
 clkload50/Y
 clkload51/Y
 clkload52/Y
 clkload53/Y
 clkload54/Y
 clkload55/X
 clkload56/Y
 clkload57/Y
 clkload58/Y
 clkload59/Y
 clkload6/Y
 clkload60/Y
 clkload61/Y
 clkload62/Y
 clkload63/Y
 clkload64/Y
 clkload65/X
 clkload66/Y
 clkload67/Y
 clkload68/Y
 clkload69/Y
 clkload7/Y
 clkload70/Y
 clkload71/Y
 clkload72/Y
 clkload73/Y
 clkload74/Y
 clkload75/Y
 clkload76/Y
 clkload77/Y
 clkload78/Y
 clkload79/Y
 clkload8/X
 clkload80/X
 clkload81/X
 clkload82/Y
 clkload83/Y
 clkload84/Y
 clkload85/Y
 clkload9/Y
 lsu_wrapper_447/HI
 lsu_wrapper_448/HI
 lsu_wrapper_449/HI
 lsu_wrapper_450/HI
 lsu_wrapper_451/HI
 lsu_wrapper_452/HI
 lsu_wrapper_453/HI
 lsu_wrapper_454/HI
 lsu_wrapper_455/HI
 lsu_wrapper_456/HI
 lsu_wrapper_457/HI
 lsu_wrapper_458/HI
 lsu_wrapper_459/HI
 lsu_wrapper_460/HI
 lsu_wrapper_461/HI
 lsu_wrapper_462/HI
 lsu_wrapper_463/HI
 lsu_wrapper_464/HI
 lsu_wrapper_465/HI
 lsu_wrapper_466/HI
 lsu_wrapper_467/HI
 lsu_wrapper_468/HI
Found 0 partially unannotated drivers.

===========================================================================
max slew violation count 5
max fanout violation count 60
max cap violation count 0
============================================================================

===========================================================================
check_setup -verbose -unconstrained_endpoints -multiple_clock -no_clock -no_input_delay -loops -generated_clocks
===========================================================================
Warning: There are 22 unconstrained endpoints.
  store_data[10]
  store_data[11]
  store_data[12]
  store_data[13]
  store_data[14]
  store_data[15]
  store_data[16]
  store_data[17]
  store_data[18]
  store_data[19]
  store_data[20]
  store_data[21]
  store_data[22]
  store_data[23]
  store_data[24]
  store_data[25]
  store_data[26]
  store_data[27]
  store_data[28]
  store_data[29]
  store_data[30]
  store_data[31]
