Clock: clk
Sources: clk 
Generated: no
Virtual: yes
Propagated: no
Period: 10.000000

===========================================================================
report_clock_properties
============================================================================
Clock                   Period          Waveform
----------------------------------------------------
clk                  10.000000    0.000000  5.000000

===========================================================================
report_clock_latency
============================================================================
Clock clk
rise -> rise
    min     max
0.000000 0.000000 source latency
1.407021         network latency _4420_/CLK
        1.479337 network latency _4454_/CLK
---------------
1.407021 1.479337 latency
        0.072316 skew

fall -> fall
    min     max
0.000000 0.000000 source latency
1.233678         network latency _4901_/CLK
        1.286986 network latency _4454_/CLK
---------------
1.233678 1.286986 latency
        0.053308 skew



===========================================================================
report_clock_min_period
============================================================================
clk period_min = 8.45 fmax = 118.35
