
===========================================================================
 report_power
============================================================================
======================= max_ss_100C_1v60 Corner ===================================

Group                    Internal    Switching      Leakage        Total
                            Power        Power        Power        Power (Watts)
------------------------------------------------------------------------
Sequential           4.398484e-03 7.984084e-04 1.390791e-05 5.210801e-03  35.5%
Combinational        4.212617e-03 2.885840e-03 2.141152e-05 7.119869e-03  48.5%
Clock                1.129304e-03 1.205990e-03 1.855497e-06 2.337149e-03  15.9%
Macro                0.000000e+00 0.000000e+00 0.000000e+00 0.000000e+00   0.0%
Pad                  0.000000e+00 0.000000e+00 0.000000e+00 0.000000e+00   0.0%
------------------------------------------------------------------------
Total                9.740416e-03 4.890239e-03 3.717498e-05 1.466783e-02 100.0%
                            66.4%        33.3%         0.3%

