
===========================================================================
Violator List
============================================================================
[setup in-reg] count[0] -> _4684_/D : -1.260412
[setup in-reg] count[0] -> _4681_/D : -1.252797
[setup in-reg] count[0] -> _4682_/D : -1.251114
[setup in-reg] count[0] -> _4683_/D : -1.247649
[setup in-reg] count[0] -> _4670_/D : -1.243217
[setup in-reg] count[0] -> _4678_/D : -1.229467
[setup in-reg] count[0] -> _4688_/D : -1.229322
[setup in-reg] count[0] -> _4686_/D : -1.210196
[setup in-reg] count[0] -> _4675_/D : -1.207320
[setup in-reg] count[0] -> _4674_/D : -1.207215
[setup in-reg] count[0] -> _4676_/D : -1.196685
[setup in-reg] count[0] -> _4854_/D : -1.188747
[setup in-reg] count[0] -> _4677_/D : -1.188343
[setup in-reg] count[0] -> _4679_/D : -1.188200
[setup in-reg] count[0] -> _4689_/D : -1.186914
[setup in-reg] count[0] -> _4685_/D : -1.181176
[setup in-reg] count[0] -> _4673_/D : -1.180207
[setup in-reg] count[0] -> _4687_/D : -1.180204
[setup in-reg] count[0] -> _4671_/D : -1.180050
[setup in-reg] count[0] -> _4672_/D : -1.178739
[setup in-reg] count[0] -> _4862_/D : -1.164420
[setup in-reg] count[0] -> _4691_/D : -1.146334
[setup in-reg] count[0] -> _4868_/D : -1.109878
[setup in-reg] count[0] -> _4866_/D : -1.095482
[setup in-reg] count[0] -> _4680_/D : -1.083329
[setup in-reg] count[0] -> _4872_/D : -1.022066
[setup in-reg] count[0] -> _4856_/D : -1.015470
[setup in-reg] count[0] -> _4858_/D : -1.015228
[setup in-reg] count[0] -> _4870_/D : -1.001956
[setup in-reg] count[0] -> _4860_/D : -0.997088
[setup in-reg] count[0] -> _4864_/D : -0.991023
[setup in-reg] count[0] -> _4852_/D : -0.965024
[setup in-reg] count[0] -> _4850_/D : -0.939137
[setup in-reg] count[0] -> _4871_/D : -0.806630
[setup in-reg] count[0] -> _4869_/D : -0.794542
[setup in-reg] count[0] -> _4690_/D : -0.790715
[setup in-reg] count[0] -> _4865_/D : -0.764858
[setup in-reg] count[0] -> _4867_/D : -0.761232
[setup in-reg] count[0] -> _4861_/D : -0.751458
[setup in-reg] count[0] -> _4853_/D : -0.737493
[setup in-reg] count[0] -> _4863_/D : -0.734018
[setup in-reg] count[0] -> _4857_/D : -0.733487
[setup in-reg] count[0] -> _4855_/D : -0.713413
[setup in-reg] count[0] -> _4358_/D : -0.710929
[setup in-reg] count[0] -> _4859_/D : -0.707066
[setup in-reg] count[0] -> _4851_/D : -0.640730
[setup in-reg] count[0] -> _4706_/D : -0.488931
[setup in-reg] count[0] -> _4778_/D : -0.251020
